Archive member included to satisfy reference by file (symbol)

C:\Users\bitshen\Desktop\WKnob-main\StdPeriphDriver\libISP592.a(ISP583.o)
                              ./StdPeriphDriver/CH59x_flash.o (FLASH_EEPROM_CMD)
C:\Users\bitshen\Desktop\WKnob-main\LIB\libCH59xBLE.a(message.o)
                              ./HAL/MCU.o (tmos_msg_deallocate)
C:\Users\bitshen\Desktop\WKnob-main\LIB\libCH59xBLE.a(tmos.o)
                              ./Profile/devinfoservice.o (tmos_memcpy)
C:\Users\bitshen\Desktop\WKnob-main\LIB\libCH59xBLE.a(tmos_hw.o)
                              C:\Users\bitshen\Desktop\WKnob-main\LIB\libCH59xBLE.a(tmos.o) (bleClock_t)
C:\Users\bitshen\Desktop\WKnob-main\LIB\libCH59xBLE.a(tmos_snv.o)
                              C:\Users\bitshen\Desktop\WKnob-main\LIB\libCH59xBLE.a(tmos.o) (tmos_snv_init)
C:\Users\bitshen\Desktop\WKnob-main\LIB\libCH59xBLE.a(gap.o)
                              ./APP/broadcaster.o (GAP_SetParamValue)
C:\Users\bitshen\Desktop\WKnob-main\LIB\libCH59xBLE.a(gap_central.o)
                              C:\Users\bitshen\Desktop\WKnob-main\LIB\libCH59xBLE.a(gap.o) (gapProcessPeriodicAdvertisingSyncEstablishedEvt)
C:\Users\bitshen\Desktop\WKnob-main\LIB\libCH59xBLE.a(gap_peripheral.o)
                              ./APP/broadcaster.o (GAP_UpdateAdvertisingData)
C:\Users\bitshen\Desktop\WKnob-main\LIB\libCH59xBLE.a(gatt_uuid.o)
                              ./Profile/devinfoservice.o (characterUUID)
C:\Users\bitshen\Desktop\WKnob-main\LIB\libCH59xBLE.a(gattservapp.o)
                              ./Profile/devinfoservice.o (GATTServApp_RegisterService)
C:\Users\bitshen\Desktop\WKnob-main\LIB\libCH59xBLE.a(l2cap.o)
                              C:\Users\bitshen\Desktop\WKnob-main\LIB\libCH59xBLE.a(gattservapp.o) (L2CAP_GetMTU)
C:\Users\bitshen\Desktop\WKnob-main\LIB\libCH59xBLE.a(l2cap_input.o)
                              C:\Users\bitshen\Desktop\WKnob-main\LIB\libCH59xBLE.a(l2cap.o) (l2capProcessRxData)
C:\Users\bitshen\Desktop\WKnob-main\LIB\libCH59xBLE.a(l2cap_output.o)
                              C:\Users\bitshen\Desktop\WKnob-main\LIB\libCH59xBLE.a(l2cap_input.o) (l2capNotifyData)
C:\Users\bitshen\Desktop\WKnob-main\LIB\libCH59xBLE.a(l2cap_sdu.o)
                              C:\Users\bitshen\Desktop\WKnob-main\LIB\libCH59xBLE.a(l2cap_input.o) (l2capBuildDisconnectRsp)
C:\Users\bitshen\Desktop\WKnob-main\LIB\libCH59xBLE.a(linkdb.o)
                              C:\Users\bitshen\Desktop\WKnob-main\LIB\libCH59xBLE.a(l2cap.o) (linkDB_Init)
C:\Users\bitshen\Desktop\WKnob-main\LIB\libCH59xBLE.a(sm.o)
                              C:\Users\bitshen\Desktop\WKnob-main\LIB\libCH59xBLE.a(gap.o) (smFreePairingParams)
C:\Users\bitshen\Desktop\WKnob-main\LIB\libCH59xBLE.a(sm_initiator.o)
                              C:\Users\bitshen\Desktop\WKnob-main\LIB\libCH59xBLE.a(sm.o) (smInitiatorSendNextKeyInfo)
C:\Users\bitshen\Desktop\WKnob-main\LIB\libCH59xBLE.a(sm_pdu.o)
                              C:\Users\bitshen\Desktop\WKnob-main\LIB\libCH59xBLE.a(sm.o) (smpBuildPairingReq)
C:\Users\bitshen\Desktop\WKnob-main\LIB\libCH59xBLE.a(sm_responding.o)
                              C:\Users\bitshen\Desktop\WKnob-main\LIB\libCH59xBLE.a(sm.o) (smResponderSendNextKeyInfo)
C:\Users\bitshen\Desktop\WKnob-main\LIB\libCH59xBLE.a(sm_toolbox.o)
                              C:\Users\bitshen\Desktop\WKnob-main\LIB\libCH59xBLE.a(sm.o) (sm_ah)
C:\Users\bitshen\Desktop\WKnob-main\LIB\libCH59xBLE.a(host_input.o)
                              C:\Users\bitshen\Desktop\WKnob-main\LIB\libCH59xBLE.a(gap.o) (gBleHostPara)
C:\Users\bitshen\Desktop\WKnob-main\LIB\libCH59xBLE.a(host_output.o)
                              C:\Users\bitshen\Desktop\WKnob-main\LIB\libCH59xBLE.a(gap.o) (HCI_DisconnectCmd)
C:\Users\bitshen\Desktop\WKnob-main\LIB\libCH59xBLE.a(ll_connect.o)
                              C:\Users\bitshen\Desktop\WKnob-main\LIB\libCH59xBLE.a(tmos.o) (LL_GetNextConnectEventTime)
C:\Users\bitshen\Desktop\WKnob-main\LIB\libCH59xBLE.a(ll_core.o)
                              C:\Users\bitshen\Desktop\WKnob-main\LIB\libCH59xBLE.a(ll_connect.o) (LL_CoreGetCore)
C:\Users\bitshen\Desktop\WKnob-main\LIB\libCH59xBLE.a(ll_hop.o)
                              C:\Users\bitshen\Desktop\WKnob-main\LIB\libCH59xBLE.a(ll_connect.o) (LL_HopGetChannel)
C:\Users\bitshen\Desktop\WKnob-main\LIB\libCH59xBLE.a(ll_master.o)
                              C:\Users\bitshen\Desktop\WKnob-main\LIB\libCH59xBLE.a(gap_central.o) (LL_SetDataSendPriority)
C:\Users\bitshen\Desktop\WKnob-main\LIB\libCH59xBLE.a(ll_pdu.o)
                              C:\Users\bitshen\Desktop\WKnob-main\LIB\libCH59xBLE.a(ll_master.o) (LL_ConnectionUpdateInd)
C:\Users\bitshen\Desktop\WKnob-main\LIB\libCH59xBLE.a(ll_report.o)
                              C:\Users\bitshen\Desktop\WKnob-main\LIB\libCH59xBLE.a(ll_connect.o) (LL_ReportGenerateEvent)
C:\Users\bitshen\Desktop\WKnob-main\LIB\libCH59xBLE.a(ll_scan.o)
[...]
Memory Configuration

Name             Origin             Length             Attributes
FLASH            0x0000000000000000 0x0000000000070000 xr
RAM              0x0000000020000000 0x0000000000006800 xrw
*default*        0x0000000000000000 0xffffffffffffffff

Linker script and memory map

LOAD ./StdPeriphDriver/CH59x_adc.o
LOAD ./StdPeriphDriver/CH59x_clk.o
LOAD ./StdPeriphDriver/CH59x_flash.o
LOAD ./StdPeriphDriver/CH59x_gpio.o
LOAD ./StdPeriphDriver/CH59x_i2c.o
LOAD ./StdPeriphDriver/CH59x_lcd.o
LOAD ./StdPeriphDriver/CH59x_pwr.o
LOAD ./StdPeriphDriver/CH59x_sys.o
LOAD ./StdPeriphDriver/CH59x_uart1.o
LOAD ./Startup/startup_CH592.o
LOAD ./RVMSIS/core_riscv.o
LOAD ./Profile/devinfoservice.o
LOAD ./LIB/ble_task_scheduler.o
LOAD ./HAL/MCU.o
LOAD ./HAL/RTC.o
LOAD ./HAL/SLEEP.o
LOAD ./APP/BTHome/mbedtls/library/aes.o
LOAD ./APP/BTHome/mbedtls/library/aesni.o
LOAD ./APP/BTHome/mbedtls/library/arc4.o
LOAD ./APP/BTHome/mbedtls/library/aria.o
LOAD ./APP/BTHome/mbedtls/library/asn1parse.o
LOAD ./APP/BTHome/mbedtls/library/asn1write.o
LOAD ./APP/BTHome/mbedtls/library/base64.o
LOAD ./APP/BTHome/mbedtls/library/bignum.o
LOAD ./APP/BTHome/mbedtls/library/blowfish.o
LOAD ./APP/BTHome/mbedtls/library/camellia.o
LOAD ./APP/BTHome/mbedtls/library/ccm.o
LOAD ./APP/BTHome/mbedtls/library/certs.o
LOAD ./APP/BTHome/mbedtls/library/chacha20.o
LOAD ./APP/BTHome/mbedtls/library/chachapoly.o
LOAD ./APP/BTHome/mbedtls/library/cipher.o
LOAD ./APP/BTHome/mbedtls/library/cipher_wrap.o
LOAD ./APP/BTHome/mbedtls/library/cmac.o
LOAD ./APP/BTHome/mbedtls/library/ctr_drbg.o
LOAD ./APP/BTHome/mbedtls/library/debug.o
LOAD ./APP/BTHome/mbedtls/library/des.o
LOAD ./APP/BTHome/mbedtls/library/dhm.o
LOAD ./APP/BTHome/mbedtls/library/ecdh.o
LOAD ./APP/BTHome/mbedtls/library/ecdsa.o
LOAD ./APP/BTHome/mbedtls/library/ecjpake.o
LOAD ./APP/BTHome/mbedtls/library/ecp.o
LOAD ./APP/BTHome/mbedtls/library/ecp_curves.o
LOAD ./APP/BTHome/mbedtls/library/entropy.o
LOAD ./APP/BTHome/mbedtls/library/entropy_poll.o
LOAD ./APP/BTHome/mbedtls/library/error.o
LOAD ./APP/BTHome/mbedtls/library/gcm.o
LOAD ./APP/BTHome/mbedtls/library/havege.o
LOAD ./APP/BTHome/mbedtls/library/hkdf.o
LOAD ./APP/BTHome/mbedtls/library/hmac_drbg.o
LOAD ./APP/BTHome/mbedtls/library/md.o
LOAD ./APP/BTHome/mbedtls/library/md2.o
LOAD ./APP/BTHome/mbedtls/library/md4.o
LOAD ./APP/BTHome/mbedtls/library/md5.o
LOAD ./APP/BTHome/mbedtls/library/memory_buffer_alloc.o
LOAD ./APP/BTHome/mbedtls/library/net_sockets.o
LOAD ./APP/BTHome/mbedtls/library/nist_kw.o
LOAD ./APP/BTHome/mbedtls/library/oid.o
LOAD ./APP/BTHome/mbedtls/library/padlock.o
LOAD ./APP/BTHome/mbedtls/library/pem.o
LOAD ./APP/BTHome/mbedtls/library/pk.o
LOAD ./APP/BTHome/mbedtls/library/pk_wrap.o
LOAD ./APP/BTHome/mbedtls/library/pkcs11.o
LOAD ./APP/BTHome/mbedtls/library/pkcs12.o
LOAD ./APP/BTHome/mbedtls/library/pkcs5.o
LOAD ./APP/BTHome/mbedtls/library/pkparse.o
LOAD ./APP/BTHome/mbedtls/library/pkwrite.o
LOAD ./APP/BTHome/mbedtls/library/platform.o
LOAD ./APP/BTHome/mbedtls/library/platform_util.o
LOAD ./APP/BTHome/mbedtls/library/poly1305.o
LOAD ./APP/BTHome/mbedtls/library/psa_crypto.o
LOAD ./APP/BTHome/mbedtls/library/psa_crypto_se.o
LOAD ./APP/BTHome/mbedtls/library/psa_crypto_slot_management.o
LOAD ./APP/BTHome/mbedtls/library/psa_crypto_storage.o
LOAD ./APP/BTHome/mbedtls/library/psa_its_file.o
LOAD ./APP/BTHome/mbedtls/library/ripemd160.o
LOAD ./APP/BTHome/mbedtls/library/rsa.o
LOAD ./APP/BTHome/mbedtls/library/rsa_internal.o
LOAD ./APP/BTHome/mbedtls/library/sha1.o
LOAD ./APP/BTHome/mbedtls/library/sha256.o
LOAD ./APP/BTHome/mbedtls/library/sha512.o
LOAD ./APP/BTHome/mbedtls/library/ssl_cache.o
LOAD ./APP/BTHome/mbedtls/library/ssl_ciphersuites.o
LOAD ./APP/BTHome/mbedtls/library/ssl_cli.o
LOAD ./APP/BTHome/mbedtls/library/ssl_cookie.o
LOAD ./APP/BTHome/mbedtls/library/ssl_msg.o
LOAD ./APP/BTHome/mbedtls/library/ssl_srv.o
LOAD ./APP/BTHome/mbedtls/library/ssl_ticket.o
LOAD ./APP/BTHome/mbedtls/library/ssl_tls.o
LOAD ./APP/BTHome/mbedtls/library/threading.o
LOAD ./APP/BTHome/mbedtls/library/timing.o
LOAD ./APP/BTHome/mbedtls/library/version.o
LOAD ./APP/BTHome/mbedtls/library/version_features.o
LOAD ./APP/BTHome/mbedtls/library/x509.o
LOAD ./APP/BTHome/mbedtls/library/x509_create.o
LOAD ./APP/BTHome/mbedtls/library/x509_crl.o
LOAD ./APP/BTHome/mbedtls/library/x509_crt.o
LOAD ./APP/BTHome/mbedtls/library/x509_csr.o
LOAD ./APP/BTHome/mbedtls/library/x509write_crt.o
LOAD ./APP/BTHome/mbedtls/library/x509write_csr.o
LOAD ./APP/BTHome/mbedtls/library/xtea.o
LOAD ./APP/BTHome/BTHome.o
LOAD ./APP/app_i2c.o
LOAD ./APP/broadcaster.o
LOAD ./APP/broadcaster_main.o
LOAD C:\Users\bitshen\Desktop\WKnob-main\StdPeriphDriver\libISP592.a
LOAD C:\Users\bitshen\Desktop\WKnob-main\LIB\libCH59xBLE.a
LOAD e:/mounriver/mounriver_studio/toolchain/risc-v embedded gcc12/bin/../lib/gcc/riscv-none-elf/12.2.0/../../../../riscv-none-elf/lib\libprintfloat.a
LOAD e:/mounriver/mounriver_studio/toolchain/risc-v embedded gcc12/bin/../lib/gcc/riscv-none-elf/12.2.0\libgcc.a
LOAD e:/mounriver/mounriver_studio/toolchain/risc-v embedded gcc12/bin/../lib/gcc/riscv-none-elf/12.2.0/../../../../riscv-none-elf/lib\libg_nano.a
LOAD e:/mounriver/mounriver_studio/toolchain/risc-v embedded gcc12/bin/../lib/gcc/riscv-none-elf/12.2.0/../../../../riscv-none-elf/lib\libc_nano.a
LOAD e:/mounriver/mounriver_studio/toolchain/risc-v embedded gcc12/bin/../lib/gcc/riscv-none-elf/12.2.0\libgcc.a
START GROUP
LOAD e:/mounriver/mounriver_studio/toolchain/risc-v embedded gcc12/bin/../lib/gcc/riscv-none-elf/12.2.0\libgcc.a
LOAD e:/mounriver/mounriver_studio/toolchain/risc-v embedded gcc12/bin/../lib/gcc/riscv-none-elf/12.2.0/../../../../riscv-none-elf/lib\libc_nano.a
LOAD e:/mounriver/mounriver_studio/toolchain/risc-v embedded gcc12/bin/../lib/gcc/riscv-none-elf/12.2.0/../../../../riscv-none-elf/lib\libnosys.a
END GROUP
START GROUP
LOAD e:/mounriver/mounriver_studio/toolchain/risc-v embedded gcc12/bin/../lib/gcc/riscv-none-elf/12.2.0\libgcc.a
LOAD e:/mounriver/mounriver_studio/toolchain/risc-v embedded gcc12/bin/../lib/gcc/riscv-none-elf/12.2.0/../../../../riscv-none-elf/lib\libc_nano.a
LOAD e:/mounriver/mounriver_studio/toolchain/risc-v embedded gcc12/bin/../lib/gcc/riscv-none-elf/12.2.0/../../../../riscv-none-elf/lib\libnosys.a
END GROUP

.init           0x0000000000000000        0x4
                0x0000000000000000                _sinit = .
                0x0000000000000000                . = ALIGN (0x4)
 *(SORT_NONE(.init))
 .init          0x0000000000000000        0x4 ./Startup/startup_CH592.o
                0x0000000000000000                _start
                0x0000000000000004                . = ALIGN (0x4)
                0x0000000000000004                _einit = .

.highcodelalign
                0x0000000000000004        0x0
                0x0000000000000004                . = ALIGN (0x4)
                0x0000000000000004                PROVIDE (_highcode_lma = .)

.highcode       0x0000000020000000     0x22c8 load address 0x0000000000000004
                0x0000000020000000                . = ALIGN (0x4)
                0x0000000020000000                PROVIDE (_highcode_vma_start = .)
 *(.vector)
 .vector        0x0000000020000000       0x90 ./Startup/startup_CH592.o
 *(SORT_NONE(.vector_handler))
 .vector_handler
                0x0000000020000090        0x2 ./Startup/startup_CH592.o
                0x0000000020000090                GPIOA_IRQHandler
                0x0000000020000090                SysTick_Handler
                0x0000000020000090                NMI_Handler
                0x0000000020000090                UART1_IRQHandler
                0x0000000020000090                UART0_IRQHandler
                0x0000000020000090                BB_IRQHandler
                0x0000000020000090                Break_Point_Handler
                0x0000000020000090                TMR0_IRQHandler
                0x0000000020000090                UART2_IRQHandler
                0x0000000020000090                PWMX_IRQHandler
                0x0000000020000090                ADC_IRQHandler
                0x0000000020000090                TMR2_IRQHandler
                0x0000000020000090                USB_IRQHandler
                0x0000000020000090                WDOG_BAT_IRQHandler
                0x0000000020000090                TMR3_IRQHandler
                0x0000000020000090                SW_Handler
                0x0000000020000090                SPI0_IRQHandler
                0x0000000020000090                UART3_IRQHandler
                0x0000000020000090                TMR1_IRQHandler
 *(.highcode)
 .highcode      0x0000000020000092      0x4e0 ./StdPeriphDriver/CH59x_pwr.o
                0x0000000020000092                LowPower_Idle
                0x00000000200000ce                LowPower_Halt
                0x00000000200001f4                LowPower_Sleep
                0x00000000200003fc                LowPower_Shutdown
 .highcode      0x0000000020000572      0x2b4 ./StdPeriphDriver/CH59x_sys.o
                0x0000000020000572                SetSysClock
                0x0000000020000714                SYS_ResetExecute
                0x000000002000076e                HardFault_Handler
                0x00000000200007f0                mDelayuS
                0x00000000200007fe                mDelaymS
 *fill*         0x0000000020000826        0x2 
 .highcode      0x0000000020000828       0x4e ./LIB/ble_task_scheduler.o
                0x0000000020000828                Ecall_U_Mode_Handler
                0x0000000020000828                Ecall_M_Mode_Handler
 .highcode      0x0000000020000876       0x2e ./HAL/RTC.o
                0x000000002000088e                RTC_IRQHandler
 .highcode      0x00000000200008a4      0x430 ./APP/app_i2c.o
                0x00000000200008a4                I2C_IRQHandler
 .highcode      0x0000000020000cd4      0x232 ./APP/broadcaster.o
                0x0000000020000cd4                sample_battery_voltage
                0x0000000020000d5a                lis2dw12_write_reg
                0x0000000020000d7e                lis2dw12_read_reg
                0x0000000020000dca                update_advert_data
                0x0000000020000df0                update_acc_ec_advert_data
 .highcode      0x0000000020000f06       0xf0 ./APP/broadcaster_main.o
                0x0000000020000f06                Main_Circulation
                0x0000000020000f10                GPIOB_IRQHandler
 .highcode      0x0000000020000ff6      0x426 C:\Users\bitshen\Desktop\WKnob-main\StdPeriphDriver\libISP592.a(ISP583.o)
                0x0000000020000ff6                FLASH_ROM_BEG
                0x0000000020001008                FLASH_ROM_END
                0x0000000020001016                FLASH_ROM_IN
                0x0000000020001024                FLASH_ROM_OUT
                0x0000000020001032                FLASH_ROM_ADDR
                0x000000002000107a                FLASH_ROM_WAIT
                0x00000000200010b2                FLASH_EEPROM_CMD
 .highcode      0x000000002000141c      0x56e C:\Users\bitshen\Desktop\WKnob-main\LIB\libCH59xBLE.a(tmos.o)
                0x000000002000141c                tmos_memcpy
                0x0000000020001456                tmos_memcpy_word
                0x0000000020001486                tmos_memset
                0x00000000200014b4                tmos_strlen
                0x00000000200014e0                tmos_memdup
                0x000000002000152e                tmos_memcmp
                0x0000000020001578                tmos_revmemcpy
                0x00000000200015ac                tmos_isbufset
                0x000000002000172e                ble_controller_func
                0x000000002000176e                TMOS_SystemProcess
 .highcode      0x000000002000198a       0x36 C:\Users\bitshen\Desktop\WKnob-main\LIB\libCH59xBLE.a(tmos_hw.o)
 .highcode      0x00000000200019c0       0x4e C:\Users\bitshen\Desktop\WKnob-main\LIB\libCH59xBLE.a(ll_whitelist.o)
                0x00000000200019c0                LL_WhitelistLookup
 .highcode      0x0000000020001a0e      0x10c C:\Users\bitshen\Desktop\WKnob-main\LIB\libCH59xBLE.a(bb.o)
                0x0000000020001a0e                BB_IRQLibHandler
                0x0000000020001b14                BB_IRQLibFunction
 .highcode      0x0000000020001b1a      0x1e6 C:\Users\bitshen\Desktop\WKnob-main\LIB\libCH59xBLE.a(ip.o)
                0x0000000020001b1a                ll_rx_wait_finish
                0x0000000020001b58                ble_ll_chkcrc
                0x0000000020001bea                ll_tx_wait_finish
 .highcode      0x0000000020001d00      0x1f8 C:\Users\bitshen\Desktop\WKnob-main\LIB\libCH59xBLE.a(lle.o)
                0x0000000020001d00                LLE_IRQSubHandler
 .highcode      0x0000000020001ef8       0x3a C:\Users\bitshen\Desktop\WKnob-main\LIB\libCH59xBLE.a(rfend.o)
                0x0000000020001ef8                RFEND_WaitTune
 .highcode      0x0000000020001f32      0x1ee C:\Users\bitshen\Desktop\WKnob-main\LIB\libCH59xBLE.a(memory.o)
                0x0000000020001f32                tmos_memory_allocate
                0x0000000020002020                tmos_memory_free
 .highcode      0x0000000020002120       0xd8 C:\Users\bitshen\Desktop\WKnob-main\LIB\libCH59xBLE.a(ll_resolvinglist.o)
                0x0000000020002120                LL_ResolvinglistPeerIdentifyAddressGetIrk
                0x0000000020002174                LL_ResolvinglistPeerRpaAddressGetIrk
                0x00000000200021b6                LL_ResolvinglistLocalRpaAddressGetIrk
 *(.highcode.*)
 *fill*         0x00000000200021f8        0x0 
 .highcode.LLE_IRQHandler
                0x00000000200021f8       0x86 ./LIB/ble_task_scheduler.o
                0x00000000200021f8                LLE_IRQHandler
 *fill*         0x000000002000227e        0x2 
 .highcode.ble_controller_scheduler
                0x0000000020002280        0xa C:\Users\bitshen\Desktop\WKnob-main\LIB\libCH59xBLE.a(ble_task_process.o)
 *fill*         0x000000002000228a        0x2 
 .highcode.LLE_IRQLibHandler
                0x000000002000228c       0x3a C:\Users\bitshen\Desktop\WKnob-main\LIB\libCH59xBLE.a(ble_task_process.o)
                0x000000002000228c                LLE_IRQLibHandler
                0x00000000200022c8                . = ALIGN (0x4)
 *fill*         0x00000000200022c6        0x2 
                0x00000000200022c8                PROVIDE (_highcode_vma_end = .)

.text           0x00000000000022cc    0x1c56c
                0x00000000000022cc                . = ALIGN (0x4)
 *(SORT_NONE(.handle_reset))
 .handle_reset  0x00000000000022cc       0xae ./Startup/startup_CH592.o
                0x00000000000022cc                handle_reset
 *(.text)
 .text          0x000000000000237a       0x16 e:/mounriver/mounriver_studio/toolchain/risc-v embedded gcc12/bin/../lib/gcc/riscv-none-elf/12.2.0/../../../../riscv-none-elf/lib\libg_nano.a(lib_a-memcpy-asm.o)
                0x000000000000237a                memcpy
 *(.text.*)
 .text.ADC_DataCalib_Rough
                0x0000000000002390       0x92 ./StdPeriphDriver/CH59x_adc.o
                0x0000000000002390                ADC_DataCalib_Rough
 .text.ADC_InterBATSampInit
                0x0000000000002422       0x2a ./StdPeriphDriver/CH59x_adc.o
                0x0000000000002422                ADC_InterBATSampInit
 .text.ADC_ExcutSingleConver
                0x000000000000244c       0x22 ./StdPeriphDriver/CH59x_adc.o
                0x000000000000244c                ADC_ExcutSingleConver
 .text.HSECFG_Current
                0x000000000000246e       0x4e ./StdPeriphDriver/CH59x_clk.o
                0x000000000000246e                HSECFG_Current
 .text.RTC_InitTime
                0x00000000000024bc      0x1e8 ./StdPeriphDriver/CH59x_clk.o
                0x00000000000024bc                RTC_InitTime
 .text.RTC_GetCycle32k
                0x00000000000026a4       0x18 ./StdPeriphDriver/CH59x_clk.o
                0x00000000000026a4                RTC_GetCycle32k
 .text.GPIOA_ModeCfg
                0x00000000000026bc       0x9e ./StdPeriphDriver/CH59x_gpio.o
                0x00000000000026bc                GPIOA_ModeCfg
 .text.GPIOB_ModeCfg
                0x000000000000275a       0x9e ./StdPeriphDriver/CH59x_gpio.o
                0x000000000000275a                GPIOB_ModeCfg
 .text.GPIOB_ITModeCfg
                0x00000000000027f8       0x7e ./StdPeriphDriver/CH59x_gpio.o
                0x00000000000027f8                GPIOB_ITModeCfg
 .text.I2C_GenerateSTART
                0x0000000000002876       0x22 ./StdPeriphDriver/CH59x_i2c.o
                0x0000000000002876                I2C_GenerateSTART
 .text.I2C_GenerateSTOP
                0x0000000000002898       0x22 ./StdPeriphDriver/CH59x_i2c.o
                0x0000000000002898                I2C_GenerateSTOP
 .text.I2C_AcknowledgeConfig
                0x00000000000028ba       0x22 ./StdPeriphDriver/CH59x_i2c.o
                0x00000000000028ba                I2C_AcknowledgeConfig
 .text.I2C_ITConfig
                0x00000000000028dc       0x1e ./StdPeriphDriver/CH59x_i2c.o
                0x00000000000028dc                I2C_ITConfig
 .text.I2C_SendData
                0x00000000000028fa        0xa ./StdPeriphDriver/CH59x_i2c.o
                0x00000000000028fa                I2C_SendData
 .text.I2C_ReceiveData
                0x0000000000002904        0xe ./StdPeriphDriver/CH59x_i2c.o
                0x0000000000002904                I2C_ReceiveData
 .text.I2C_SoftwareResetCmd
                0x0000000000002912       0x1a ./StdPeriphDriver/CH59x_i2c.o
                0x0000000000002912                I2C_SoftwareResetCmd
 .text.I2C_Init
                0x000000000000292c      0x16c ./StdPeriphDriver/CH59x_i2c.o
                0x000000000000292c                I2C_Init
 .text.I2C_GetLastEvent
                0x0000000000002a98       0x16 ./StdPeriphDriver/CH59x_i2c.o
                0x0000000000002a98                I2C_GetLastEvent
 .text.I2C_ClearFlag
                0x0000000000002aae       0x12 ./StdPeriphDriver/CH59x_i2c.o
                0x0000000000002aae                I2C_ClearFlag
 .text.PWR_DCDCCfg
                0x0000000000002ac0      0x120 ./StdPeriphDriver/CH59x_pwr.o
                0x0000000000002ac0                PWR_DCDCCfg
 .text.PWR_PeriphWakeUpCfg
                0x0000000000002be0       0xfa ./StdPeriphDriver/CH59x_pwr.o
                0x0000000000002be0                PWR_PeriphWakeUpCfg
 .text.GetSysClock
                0x0000000000002cda       0x3e ./StdPeriphDriver/CH59x_sys.o
                0x0000000000002cda                GetSysClock
 .text.SYS_DisableAllIrq
                0x0000000000002d18       0x1c ./StdPeriphDriver/CH59x_sys.o
                0x0000000000002d18                SYS_DisableAllIrq
 .text.SYS_RecoverIrq
                0x0000000000002d34       0x14 ./StdPeriphDriver/CH59x_sys.o
                0x0000000000002d34                SYS_RecoverIrq
 .text.SYS_GetSysTickCnt
                0x0000000000002d48        0xa ./StdPeriphDriver/CH59x_sys.o
                0x0000000000002d48                SYS_GetSysTickCnt
 .text.HAL_ProcessEvent
                0x0000000000002d52       0x56 ./HAL/MCU.o
                0x0000000000002d52                HAL_ProcessEvent
 .text.CH59x_BLEInit
                0x0000000000002da8       0xec ./HAL/MCU.o
                0x0000000000002da8                CH59x_BLEInit
 .text.HAL_Init
                0x0000000000002e94       0x1c ./HAL/MCU.o
                0x0000000000002e94                HAL_Init
 .text.RTC_SetTignTime
                0x0000000000002eb0       0x44 ./HAL/RTC.o
                0x0000000000002eb0                RTC_SetTignTime
 .text.HAL_TimeInit
                0x0000000000002ef4       0xbe ./HAL/RTC.o
                0x0000000000002ef4                HAL_TimeInit
 .text.CH59x_LowPower
                0x0000000000002fb2       0x8a ./HAL/SLEEP.o
                0x0000000000002fb2                CH59x_LowPower
 .text.HAL_SleepInit
                0x000000000000303c       0x8a ./HAL/SLEEP.o
                0x000000000000303c                HAL_SleepInit
 .text.i2c_app_init
                0x00000000000030c6       0x5a ./APP/app_i2c.o
                0x00000000000030c6                i2c_app_init
 .text.i2c_write_to
                0x0000000000003120       0xd6 ./APP/app_i2c.o
                0x0000000000003120                i2c_write_to
 .text.i2c_read_from
                0x00000000000031f6      0x10a ./APP/app_i2c.o
                0x00000000000031f6                i2c_read_from
 .text.Broadcaster_StateNotificationCB
                0x0000000000003300        0x2 ./APP/broadcaster.o
 .text.set_advertising_interval
                0x0000000000003302       0x40 ./APP/broadcaster.o
 .text.btn_report
                0x0000000000003342       0x4a ./APP/broadcaster.o
 .text.voltage_to_percentage
                0x000000000000338c       0x3c ./APP/broadcaster.o
                0x000000000000338c                voltage_to_percentage
 .text.get_battery_percentage
                0x00000000000033c8       0x7e ./APP/broadcaster.o
                0x00000000000033c8                get_battery_percentage
 .text.LIS2DW12_Init
                0x0000000000003446       0x36 ./APP/broadcaster.o
                0x0000000000003446                LIS2DW12_Init
 .text.Broadcaster_ProcessEvent
                0x000000000000347c      0x372 ./APP/broadcaster.o
                0x000000000000347c                Broadcaster_ProcessEvent
 .text.Broadcaster_Init
                0x00000000000037ee       0x90 ./APP/broadcaster.o
                0x00000000000037ee                Broadcaster_Init
 .text.startup.main
                0x000000000000387e       0x9a ./APP/broadcaster_main.o
                0x000000000000387e                main
 .text.tmos_msg_enqueue
                0x0000000000003918       0x1e C:\Users\bitshen\Desktop\WKnob-main\LIB\libCH59xBLE.a(message.o)
                0x0000000000003918                tmos_msg_enqueue
 .text.tmos_msg_deallocate
                0x0000000000003936       0x4e C:\Users\bitshen\Desktop\WKnob-main\LIB\libCH59xBLE.a(message.o)
                0x0000000000003936                tmos_msg_deallocate
 .text.tmos_msg_allocate
                0x0000000000003984       0x68 C:\Users\bitshen\Desktop\WKnob-main\LIB\libCH59xBLE.a(message.o)
                0x0000000000003984                tmos_msg_allocate
 .text.tmos_msg_receive
                0x00000000000039ec       0x86 C:\Users\bitshen\Desktop\WKnob-main\LIB\libCH59xBLE.a(message.o)
                0x00000000000039ec                tmos_msg_receive
 .text.tmos_msg_send
                0x0000000000003a72       0x8c C:\Users\bitshen\Desktop\WKnob-main\LIB\libCH59xBLE.a(message.o)
                0x0000000000003a72                tmos_msg_send
 .text.tmos_msg_init
                0x0000000000003afe        0xa C:\Users\bitshen\Desktop\WKnob-main\LIB\libCH59xBLE.a(message.o)
                0x0000000000003afe                tmos_msg_init
 .text.tmosFindTask
                0x0000000000003b08       0x24 C:\Users\bitshen\Desktop\WKnob-main\LIB\libCH59xBLE.a(tmos.o)
 .text.TMOS_CB_PeriodicProcessEvent
                0x0000000000003b2c       0x86 C:\Users\bitshen\Desktop\WKnob-main\LIB\libCH59xBLE.a(tmos.o)
                0x0000000000003b2c                TMOS_CB_PeriodicProcessEvent
 .text.TMOS_CB_ProcessEvent
                0x0000000000003bb2       0x80 C:\Users\bitshen\Desktop\WKnob-main\LIB\libCH59xBLE.a(tmos.o)
                0x0000000000003bb2                TMOS_CB_ProcessEvent
 .text.tmos_rand
                0x0000000000003c32       0x70 C:\Users\bitshen\Desktop\WKnob-main\LIB\libCH59xBLE.a(tmos.o)
                0x0000000000003c32                tmos_rand
 .text.tmos_start_periodic_callback_task
                0x0000000000003ca2      0x11a C:\Users\bitshen\Desktop\WKnob-main\LIB\libCH59xBLE.a(tmos.o)
                0x0000000000003ca2                tmos_start_periodic_callback_task
 .text.tmos_set_event
                0x0000000000003dbc       0x46 C:\Users\bitshen\Desktop\WKnob-main\LIB\libCH59xBLE.a(tmos.o)
                0x0000000000003dbc                tmos_set_event
 .text.tmos_clear_event
                0x0000000000003e02       0x4a C:\Users\bitshen\Desktop\WKnob-main\LIB\libCH59xBLE.a(tmos.o)
                0x0000000000003e02                tmos_clear_event
 .text.tmos_update_callback_timer
                0x0000000000003e4c       0xde C:\Users\bitshen\Desktop\WKnob-main\LIB\libCH59xBLE.a(tmos.o)
                0x0000000000003e4c                tmos_update_callback_timer
 .text.tmos_start_task
                0x0000000000003f2a      0x15e C:\Users\bitshen\Desktop\WKnob-main\LIB\libCH59xBLE.a(tmos.o)
                0x0000000000003f2a                tmos_start_task
 .text.tmos_start_callback_task
                0x0000000000004088       0xc2 C:\Users\bitshen\Desktop\WKnob-main\LIB\libCH59xBLE.a(tmos.o)
                0x0000000000004088                tmos_start_callback_task
 .text.tmos_start_reload_task
                0x000000000000414a       0x72 C:\Users\bitshen\Desktop\WKnob-main\LIB\libCH59xBLE.a(tmos.o)
                0x000000000000414a                tmos_start_reload_task
 .text.tmos_stop_task
                0x00000000000041bc       0x6c C:\Users\bitshen\Desktop\WKnob-main\LIB\libCH59xBLE.a(tmos.o)
                0x00000000000041bc                tmos_stop_task
 .text.tmos_stop_callback_task
                0x0000000000004228       0x7c C:\Users\bitshen\Desktop\WKnob-main\LIB\libCH59xBLE.a(tmos.o)
                0x0000000000004228                tmos_stop_callback_task
 .text.tmos_get_task_timer
                0x00000000000042a4       0x7e C:\Users\bitshen\Desktop\WKnob-main\LIB\libCH59xBLE.a(tmos.o)
                0x00000000000042a4                tmos_get_task_timer
 .text.tmos_proces_idle
                0x0000000000004322      0x124 C:\Users\bitshen\Desktop\WKnob-main\LIB\libCH59xBLE.a(tmos.o)
                0x0000000000004322                tmos_proces_idle
 .text.TMOS_TimerRegister
                0x0000000000004446       0x1e C:\Users\bitshen\Desktop\WKnob-main\LIB\libCH59xBLE.a(tmos.o)
                0x0000000000004446                TMOS_TimerRegister
 .text.TMOS_ProcessRegister
                0x0000000000004464       0x16 C:\Users\bitshen\Desktop\WKnob-main\LIB\libCH59xBLE.a(tmos.o)
                0x0000000000004464                TMOS_ProcessRegister
 .text.TMOS_SysRegister
                0x000000000000447a       0x16 C:\Users\bitshen\Desktop\WKnob-main\LIB\libCH59xBLE.a(tmos.o)
                0x000000000000447a                TMOS_SysRegister
 .text.TMOS_Init
                0x0000000000004490      0x13e C:\Users\bitshen\Desktop\WKnob-main\LIB\libCH59xBLE.a(tmos.o)
                0x0000000000004490                TMOS_Init
 .text.TMOS_ProcessEventRegister
                0x00000000000045ce       0x3c C:\Users\bitshen\Desktop\WKnob-main\LIB\libCH59xBLE.a(tmos.o)
                0x00000000000045ce                TMOS_ProcessEventRegister
 .text.BLE_LibInit
                0x000000000000460a      0x14c C:\Users\bitshen\Desktop\WKnob-main\LIB\libCH59xBLE.a(tmos.o)
                0x000000000000460a                BLE_LibInit
 .text.clockGetTickValve
                0x0000000000004756       0x7e C:\Users\bitshen\Desktop\WKnob-main\LIB\libCH59xBLE.a(tmos_hw.o)
 .text.ll_get_sca_own
                0x00000000000047d4       0x46 C:\Users\bitshen\Desktop\WKnob-main\LIB\libCH59xBLE.a(tmos_hw.o)
                0x00000000000047d4                ll_get_sca_own
 .text.ble_ll_common_rand8
                0x000000000000481a       0x24 C:\Users\bitshen\Desktop\WKnob-main\LIB\libCH59xBLE.a(tmos_hw.o)
                0x000000000000481a                ble_ll_common_rand8
 .text.ble_ll_common_rand16
                0x000000000000483e       0x24 C:\Users\bitshen\Desktop\WKnob-main\LIB\libCH59xBLE.a(tmos_hw.o)
                0x000000000000483e                ble_ll_common_rand16
 .text.ble_ll_common_rand32
                0x0000000000004862       0x20 C:\Users\bitshen\Desktop\WKnob-main\LIB\libCH59xBLE.a(tmos_hw.o)
                0x0000000000004862                ble_ll_common_rand32
 .text.TMOS_TempSample
                0x0000000000004882       0x62 C:\Users\bitshen\Desktop\WKnob-main\LIB\libCH59xBLE.a(tmos_hw.o)
                0x0000000000004882                TMOS_TempSample
 .text.TMOS_TimerInit
                0x00000000000048e4       0xec C:\Users\bitshen\Desktop\WKnob-main\LIB\libCH59xBLE.a(tmos_hw.o)
                0x00000000000048e4                TMOS_TimerInit
 .text.tmos_snv_init
                0x00000000000049d0       0xc0 C:\Users\bitshen\Desktop\WKnob-main\LIB\libCH59xBLE.a(tmos_snv.o)
                0x00000000000049d0                tmos_snv_init
 .text.tmos_snv_read
                0x0000000000004a90      0x294 C:\Users\bitshen\Desktop\WKnob-main\LIB\libCH59xBLE.a(tmos_snv.o)
                0x0000000000004a90                tmos_snv_read
 .text.tmos_snv_notify
                0x0000000000004d24       0x5a C:\Users\bitshen\Desktop\WKnob-main\LIB\libCH59xBLE.a(tmos_snv.o)
                0x0000000000004d24                tmos_snv_notify
 .text.tmos_snv_write
                0x0000000000004d7e      0x2d2 C:\Users\bitshen\Desktop\WKnob-main\LIB\libCH59xBLE.a(tmos_snv.o)
                0x0000000000004d7e                tmos_snv_write
 .text.tmos_snv_compact
                0x0000000000005050        0x4 C:\Users\bitshen\Desktop\WKnob-main\LIB\libCH59xBLE.a(tmos_snv.o)
                0x0000000000005050                tmos_snv_compact
 .text.disconnectNext
                0x0000000000005054       0x22 C:\Users\bitshen\Desktop\WKnob-main\LIB\libCH59xBLE.a(gap.o)
 .text.GAP_ParamInit
                0x0000000000005076      0x164 C:\Users\bitshen\Desktop\WKnob-main\LIB\libCH59xBLE.a(gap.o)
                0x0000000000005076                GAP_ParamInit
 .text.sendTerminateEvent
                0x00000000000051da       0x58 C:\Users\bitshen\Desktop\WKnob-main\LIB\libCH59xBLE.a(gap.o)
                0x00000000000051da                sendTerminateEvent
 .text.gapRegisterCentral
                0x0000000000005232        0x6 C:\Users\bitshen\Desktop\WKnob-main\LIB\libCH59xBLE.a(gap.o)
                0x0000000000005232                gapRegisterCentral
 .text.gapRegisterCentralConn
                0x0000000000005238        0x6 C:\Users\bitshen\Desktop\WKnob-main\LIB\libCH59xBLE.a(gap.o)
                0x0000000000005238                gapRegisterCentralConn
 .text.gapRegisterPeripheral
                0x000000000000523e        0x6 C:\Users\bitshen\Desktop\WKnob-main\LIB\libCH59xBLE.a(gap.o)
                0x000000000000523e                gapRegisterPeripheral
 .text.gapRegisterPeripheralConn
                0x0000000000005244        0x6 C:\Users\bitshen\Desktop\WKnob-main\LIB\libCH59xBLE.a(gap.o)
                0x0000000000005244                gapRegisterPeripheralConn
 .text.smGenerateRandBuf
                0x000000000000524a       0x56 C:\Users\bitshen\Desktop\WKnob-main\LIB\libCH59xBLE.a(gap.o)
                0x000000000000524a                smGenerateRandBuf
 .text.gapL2capConnParamUpdateReq
                0x00000000000052a0       0x36 C:\Users\bitshen\Desktop\WKnob-main\LIB\libCH59xBLE.a(gap.o)
                0x00000000000052a0                gapL2capConnParamUpdateReq
 .text.gapValidADType
                0x00000000000052d6       0x16 C:\Users\bitshen\Desktop\WKnob-main\LIB\libCH59xBLE.a(gap.o)
                0x00000000000052d6                gapValidADType
 .text.gapFindADType
                0x00000000000052ec       0x92 C:\Users\bitshen\Desktop\WKnob-main\LIB\libCH59xBLE.a(gap.o)
                0x00000000000052ec                gapFindADType
 .text.GAP_SecParamsInit
                0x000000000000537e       0xaa C:\Users\bitshen\Desktop\WKnob-main\LIB\libCH59xBLE.a(gap.o)
                0x000000000000537e                GAP_SecParamsInit
 .text.GAP_ParamsInit
                0x0000000000005428       0x50 C:\Users\bitshen\Desktop\WKnob-main\LIB\libCH59xBLE.a(gap.o)
                0x0000000000005428                GAP_ParamsInit
 .text.gapAddAddrAdj
                0x0000000000005478       0x48 C:\Users\bitshen\Desktop\WKnob-main\LIB\libCH59xBLE.a(gap.o)
                0x0000000000005478                gapAddAddrAdj
 .text.gapDetermineAddrType
                0x00000000000054c0       0x28 C:\Users\bitshen\Desktop\WKnob-main\LIB\libCH59xBLE.a(gap.o)
                0x00000000000054c0                gapDetermineAddrType
 .text.gapFreeAuthLink
                0x00000000000054e8       0x4a C:\Users\bitshen\Desktop\WKnob-main\LIB\libCH59xBLE.a(gap.o)
                0x00000000000054e8                gapFreeAuthLink
 .text.gapGetDevAddress
                0x0000000000005532       0x24 C:\Users\bitshen\Desktop\WKnob-main\LIB\libCH59xBLE.a(gap.o)
                0x0000000000005532                gapGetDevAddress
 .text.gapGetDevAddressMode
                0x0000000000005556        0xa C:\Users\bitshen\Desktop\WKnob-main\LIB\libCH59xBLE.a(gap.o)
                0x0000000000005556                gapGetDevAddressMode
 .text.gapGetIRK
                0x0000000000005560        0xc C:\Users\bitshen\Desktop\WKnob-main\LIB\libCH59xBLE.a(gap.o)
                0x0000000000005560                gapGetIRK
 .text.gapGetSRK
                0x000000000000556c        0xc C:\Users\bitshen\Desktop\WKnob-main\LIB\libCH59xBLE.a(gap.o)
                0x000000000000556c                gapGetSRK
 .text.gapGetSignCounter
                0x0000000000005578        0xe C:\Users\bitshen\Desktop\WKnob-main\LIB\libCH59xBLE.a(gap.o)
                0x0000000000005578                gapGetSignCounter
 .text.gapIncSignCounter
                0x0000000000005586       0x28 C:\Users\bitshen\Desktop\WKnob-main\LIB\libCH59xBLE.a(gap.o)
                0x0000000000005586                gapIncSignCounter
 .text.gapProcessConnEvt
                0x00000000000055ae       0x48 C:\Users\bitshen\Desktop\WKnob-main\LIB\libCH59xBLE.a(gap.o)
                0x00000000000055ae                gapProcessConnEvt
 .text.gapProcessDisconnectCompleteEvt
                0x00000000000055f6       0xa6 C:\Users\bitshen\Desktop\WKnob-main\LIB\libCH59xBLE.a(gap.o)
                0x00000000000055f6                gapProcessDisconnectCompleteEvt
 .text.sendAuthEvent
                0x000000000000569c      0x11e C:\Users\bitshen\Desktop\WKnob-main\LIB\libCH59xBLE.a(gap.o)
                0x000000000000569c                sendAuthEvent
 .text.gapSendBondCompleteEvent
                0x00000000000057ba       0x74 C:\Users\bitshen\Desktop\WKnob-main\LIB\libCH59xBLE.a(gap.o)
                0x00000000000057ba                gapSendBondCompleteEvent
 .text.gapSendPairingReqEvent
                0x000000000000582e       0x96 C:\Users\bitshen\Desktop\WKnob-main\LIB\libCH59xBLE.a(gap.o)
                0x000000000000582e                gapSendPairingReqEvent
 .text.gapSendSlaveSecurityReqEvent
                0x00000000000058c4       0x68 C:\Users\bitshen\Desktop\WKnob-main\LIB\libCH59xBLE.a(gap.o)
                0x00000000000058c4                gapSendSlaveSecurityReqEvent
 .text.gapSendDeviceInitDoneEvent
                0x000000000000592c       0x88 C:\Users\bitshen\Desktop\WKnob-main\LIB\libCH59xBLE.a(gap.o)
                0x000000000000592c                gapSendDeviceInitDoneEvent
 .text.gapSendLinkUpdateEvent
                0x00000000000059b4       0xb2 C:\Users\bitshen\Desktop\WKnob-main\LIB\libCH59xBLE.a(gap.o)
                0x00000000000059b4                gapSendLinkUpdateEvent
 .text.gapSendPhyUpdateEvent
                0x0000000000005a66       0x58 C:\Users\bitshen\Desktop\WKnob-main\LIB\libCH59xBLE.a(gap.o)
                0x0000000000005a66                gapSendPhyUpdateEvent
 .text.gapSendEstLinkEvent
                0x0000000000005abe       0xbc C:\Users\bitshen\Desktop\WKnob-main\LIB\libCH59xBLE.a(gap.o)
                0x0000000000005abe                gapSendEstLinkEvent
 .text.gapProcessNewAddr
                0x0000000000005b7a       0x3e C:\Users\bitshen\Desktop\WKnob-main\LIB\libCH59xBLE.a(gap.o)
                0x0000000000005b7a                gapProcessNewAddr
 .text.gapProcessRandomAddrComplete
                0x0000000000005bb8       0xb6 C:\Users\bitshen\Desktop\WKnob-main\LIB\libCH59xBLE.a(gap.o)
                0x0000000000005bb8                gapProcessRandomAddrComplete
 .text.GAP_Authenticate
                0x0000000000005c6e       0xde C:\Users\bitshen\Desktop\WKnob-main\LIB\libCH59xBLE.a(gap.o)
                0x0000000000005c6e                GAP_Authenticate
 .text.GAP_Bond
                0x0000000000005d4c       0xaa C:\Users\bitshen\Desktop\WKnob-main\LIB\libCH59xBLE.a(gap.o)
                0x0000000000005d4c                GAP_Bond
 .text.GAP_GetParamValue
                0x0000000000005df6       0x20 C:\Users\bitshen\Desktop\WKnob-main\LIB\libCH59xBLE.a(gap.o)
                0x0000000000005df6                GAP_GetParamValue
 .text.GAP_PasscodeUpdate
                0x0000000000005e16       0x54 C:\Users\bitshen\Desktop\WKnob-main\LIB\libCH59xBLE.a(gap.o)
                0x0000000000005e16                GAP_PasscodeUpdate
 .text.GAP_RegisterForMsgs
                0x0000000000005e6a        0xa C:\Users\bitshen\Desktop\WKnob-main\LIB\libCH59xBLE.a(gap.o)
                0x0000000000005e6a                GAP_RegisterForMsgs
 .text.GAP_ResolvePrivateAddr
                0x0000000000005e74        0x4 C:\Users\bitshen\Desktop\WKnob-main\LIB\libCH59xBLE.a(gap.o)
                0x0000000000005e74                GAP_ResolvePrivateAddr
 .text.gapPairingCompleteCB
                0x0000000000005e78      0x18c C:\Users\bitshen\Desktop\WKnob-main\LIB\libCH59xBLE.a(gap.o)
                0x0000000000005e78                gapPairingCompleteCB
 .text.gapPasskeyNeededCB
                0x0000000000006004       0x8e C:\Users\bitshen\Desktop\WKnob-main\LIB\libCH59xBLE.a(gap.o)
                0x0000000000006004                gapPasskeyNeededCB
 .text.gapOobNeededCB
                0x0000000000006092       0xa6 C:\Users\bitshen\Desktop\WKnob-main\LIB\libCH59xBLE.a(gap.o)
                0x0000000000006092                gapOobNeededCB
 .text.gapFreeEstLink
                0x0000000000006138       0x20 C:\Users\bitshen\Desktop\WKnob-main\LIB\libCH59xBLE.a(gap.o)
                0x0000000000006138                gapFreeEstLink
 .text.gapUpdateConnSignCounter
                0x0000000000006158       0x7a C:\Users\bitshen\Desktop\WKnob-main\LIB\libCH59xBLE.a(gap.o)
                0x0000000000006158                gapUpdateConnSignCounter
 .text.GAP_TerminateAuth
                0x00000000000061d2       0x2a C:\Users\bitshen\Desktop\WKnob-main\LIB\libCH59xBLE.a(gap.o)
                0x00000000000061d2                GAP_TerminateAuth
 .text.GAP_NumActiveConnections
                0x00000000000061fc        0x4 C:\Users\bitshen\Desktop\WKnob-main\LIB\libCH59xBLE.a(gap.o)
                0x00000000000061fc                GAP_NumActiveConnections
 .text.GAP_TerminateLinkReq
                0x0000000000006200       0x8e C:\Users\bitshen\Desktop\WKnob-main\LIB\libCH59xBLE.a(gap.o)
                0x0000000000006200                GAP_TerminateLinkReq
 .text.GAP_SetParamValue
                0x000000000000628e       0x6c C:\Users\bitshen\Desktop\WKnob-main\LIB\libCH59xBLE.a(gap.o)
                0x000000000000628e                GAP_SetParamValue
 .text.GAP_Init
                0x00000000000062fa       0x48 C:\Users\bitshen\Desktop\WKnob-main\LIB\libCH59xBLE.a(gap.o)
                0x00000000000062fa                GAP_Init
 .text.GAP_ProcessEvent
                0x0000000000006342      0x66a C:\Users\bitshen\Desktop\WKnob-main\LIB\libCH59xBLE.a(gap.o)
                0x0000000000006342                GAP_ProcessEvent
 .text.gapSendScanEnable
                0x00000000000069ac       0x3a C:\Users\bitshen\Desktop\WKnob-main\LIB\libCH59xBLE.a(gap_central.o)
 .text.gapCentProcessConnEvt
                0x00000000000069e6      0x168 C:\Users\bitshen\Desktop\WKnob-main\LIB\libCH59xBLE.a(gap_central.o)
                0x00000000000069e6                gapCentProcessConnEvt
 .text.gapProcessScanningPeriodicAdvEvt
                0x0000000000006b4e       0xa0 C:\Users\bitshen\Desktop\WKnob-main\LIB\libCH59xBLE.a(gap_central.o)
                0x0000000000006b4e                gapProcessScanningPeriodicAdvEvt
 .text.gapCancelLinkReq
                0x0000000000006bee       0x38 C:\Users\bitshen\Desktop\WKnob-main\LIB\libCH59xBLE.a(gap_central.o)
                0x0000000000006bee                gapCancelLinkReq
 .text.gapProcessAdvertDevInfo
                0x0000000000006c26      0x242 C:\Users\bitshen\Desktop\WKnob-main\LIB\libCH59xBLE.a(gap_central.o)
                0x0000000000006c26                gapProcessAdvertDevInfo
 .text.gapProcessExtAdvertDevInfo
                0x0000000000006e68      0x260 C:\Users\bitshen\Desktop\WKnob-main\LIB\libCH59xBLE.a(gap_central.o)
                0x0000000000006e68                gapProcessExtAdvertDevInfo
 .text.gapProcessPeriodicAdvertisingSyncEstablishedEvt
                0x00000000000070c8       0xae C:\Users\bitshen\Desktop\WKnob-main\LIB\libCH59xBLE.a(gap_central.o)
                0x00000000000070c8                gapProcessPeriodicAdvertisingSyncEstablishedEvt
 .text.gapProcessPeriodicAdvertisingSyncLostEvt
                0x0000000000007176       0x56 C:\Users\bitshen\Desktop\WKnob-main\LIB\libCH59xBLE.a(gap_central.o)
                0x0000000000007176                gapProcessPeriodicAdvertisingSyncLostEvt
 .text.gapFreeScanRecs
                0x00000000000071cc       0xa6 C:\Users\bitshen\Desktop\WKnob-main\LIB\libCH59xBLE.a(gap_central.o)
                0x00000000000071cc                gapFreeScanRecs
 .text.gapSendDevDiscEvent
                0x0000000000007272      0x124 C:\Users\bitshen\Desktop\WKnob-main\LIB\libCH59xBLE.a(gap_central.o)
                0x0000000000007272                gapSendDevDiscEvent
 .text.gapSetScanParamStatus
                0x0000000000007396       0x56 C:\Users\bitshen\Desktop\WKnob-main\LIB\libCH59xBLE.a(gap_central.o)
 .text.gapCentProcessHCICmdEvt
                0x00000000000073ec       0x3c C:\Users\bitshen\Desktop\WKnob-main\LIB\libCH59xBLE.a(gap_central.o)
                0x00000000000073ec                gapCentProcessHCICmdEvt
 .text.gapProcessScanningEvt
                0x0000000000007428      0x10e C:\Users\bitshen\Desktop\WKnob-main\LIB\libCH59xBLE.a(gap_central.o)
                0x0000000000007428                gapProcessScanningEvt
 .text.gapProcessScanningDirectEvt
                0x0000000000007536       0xfe C:\Users\bitshen\Desktop\WKnob-main\LIB\libCH59xBLE.a(gap_central.o)
                0x0000000000007536                gapProcessScanningDirectEvt
 .text.gapProcessScanningExtAdvEvt
                0x0000000000007634      0x2c4 C:\Users\bitshen\Desktop\WKnob-main\LIB\libCH59xBLE.a(gap_central.o)
                0x0000000000007634                gapProcessScanningExtAdvEvt
 .text.GAP_CentConnRegister
                0x00000000000078f8       0x1a C:\Users\bitshen\Desktop\WKnob-main\LIB\libCH59xBLE.a(gap_central.o)
                0x00000000000078f8                GAP_CentConnRegister
 .text.GAP_CentralParamInit
                0x0000000000007912       0x6e C:\Users\bitshen\Desktop\WKnob-main\LIB\libCH59xBLE.a(gap_central.o)
                0x0000000000007912                GAP_CentralParamInit
 .text.GAP_CentDevMgrInit
                0x0000000000007980       0x9c C:\Users\bitshen\Desktop\WKnob-main\LIB\libCH59xBLE.a(gap_central.o)
                0x0000000000007980                GAP_CentDevMgrInit
 .text.gapFreeAdvertState
                0x0000000000007a1c       0x20 C:\Users\bitshen\Desktop\WKnob-main\LIB\libCH59xBLE.a(gap_peripheral.o)
 .text.gapSetPeriodicAdvParams
                0x0000000000007a3c       0x30 C:\Users\bitshen\Desktop\WKnob-main\LIB\libCH59xBLE.a(gap_peripheral.o)
 .text.gapSetConnectionlessCTEParams
                0x0000000000007a6c       0x54 C:\Users\bitshen\Desktop\WKnob-main\LIB\libCH59xBLE.a(gap_peripheral.o)
 .text.gapSetAdvParams
                0x0000000000007ac0       0xfc C:\Users\bitshen\Desktop\WKnob-main\LIB\libCH59xBLE.a(gap_peripheral.o)
 .text.gapPeriProcessConnEvt
                0x0000000000007bbc       0xd0 C:\Users\bitshen\Desktop\WKnob-main\LIB\libCH59xBLE.a(gap_peripheral.o)
 .text.gapWriteAdvDataStatus
                0x0000000000007c8c       0x8a C:\Users\bitshen\Desktop\WKnob-main\LIB\libCH59xBLE.a(gap_peripheral.o)
 .text.GAP_MakeDiscoverable
                0x0000000000007d16      0x174 C:\Users\bitshen\Desktop\WKnob-main\LIB\libCH59xBLE.a(gap_peripheral.o)
                0x0000000000007d16                GAP_MakeDiscoverable
 .text.GAP_EndDiscoverable
                0x0000000000007e8a       0x66 C:\Users\bitshen\Desktop\WKnob-main\LIB\libCH59xBLE.a(gap_peripheral.o)
                0x0000000000007e8a                GAP_EndDiscoverable
 .text.gapProcessAdvertisingEvt
                0x0000000000007ef0      0x116 C:\Users\bitshen\Desktop\WKnob-main\LIB\libCH59xBLE.a(gap_peripheral.o)
 .text.GAP_MakePeriodic
                0x0000000000008006       0x26 C:\Users\bitshen\Desktop\WKnob-main\LIB\libCH59xBLE.a(gap_peripheral.o)
                0x0000000000008006                GAP_MakePeriodic
 .text.GAP_EndPeriodic
                0x000000000000802c        0xc C:\Users\bitshen\Desktop\WKnob-main\LIB\libCH59xBLE.a(gap_peripheral.o)
                0x000000000000802c                GAP_EndPeriodic
 .text.GAP_MakeConnecttionlessCTE
                0x0000000000008038       0x1a C:\Users\bitshen\Desktop\WKnob-main\LIB\libCH59xBLE.a(gap_peripheral.o)
                0x0000000000008038                GAP_MakeConnecttionlessCTE
 .text.GAP_EndConnecttionlessCTE
                0x0000000000008052        0xc C:\Users\bitshen\Desktop\WKnob-main\LIB\libCH59xBLE.a(gap_peripheral.o)
                0x0000000000008052                GAP_EndConnecttionlessCTE
 .text.GAP_UpdateAdvertisingData
                0x000000000000805e      0x136 C:\Users\bitshen\Desktop\WKnob-main\LIB\libCH59xBLE.a(gap_peripheral.o)
                0x000000000000805e                GAP_UpdateAdvertisingData
 .text.GAP_SetAdvertisingAdvData
                0x0000000000008194      0x102 C:\Users\bitshen\Desktop\WKnob-main\LIB\libCH59xBLE.a(gap_peripheral.o)
                0x0000000000008194                GAP_SetAdvertisingAdvData
 .text.GAP_SetAdvertisingRspData
                0x0000000000008296      0x102 C:\Users\bitshen\Desktop\WKnob-main\LIB\libCH59xBLE.a(gap_peripheral.o)
                0x0000000000008296                GAP_SetAdvertisingRspData
 .text.GAP_SetPeriodicAdvertisingData
                0x0000000000008398       0xc6 C:\Users\bitshen\Desktop\WKnob-main\LIB\libCH59xBLE.a(gap_peripheral.o)
                0x0000000000008398                GAP_SetPeriodicAdvertisingData
 .text.GAP_GetAdvertisingAdvData
                0x000000000000845e       0x26 C:\Users\bitshen\Desktop\WKnob-main\LIB\libCH59xBLE.a(gap_peripheral.o)
                0x000000000000845e                GAP_GetAdvertisingAdvData
 .text.GAP_GetAdvertisingRspData
                0x0000000000008484       0x34 C:\Users\bitshen\Desktop\WKnob-main\LIB\libCH59xBLE.a(gap_peripheral.o)
                0x0000000000008484                GAP_GetAdvertisingRspData
 .text.GAP_GetPeriodicAdvertisingData
                0x00000000000084b8       0x34 C:\Users\bitshen\Desktop\WKnob-main\LIB\libCH59xBLE.a(gap_peripheral.o)
                0x00000000000084b8                GAP_GetPeriodicAdvertisingData
 .text.GAP_PeriConnRegister
                0x00000000000084ec       0x2e C:\Users\bitshen\Desktop\WKnob-main\LIB\libCH59xBLE.a(gap_peripheral.o)
                0x00000000000084ec                GAP_PeriConnRegister
 .text.GAP_PeripheralParamInit
                0x000000000000851a       0x6c C:\Users\bitshen\Desktop\WKnob-main\LIB\libCH59xBLE.a(gap_peripheral.o)
                0x000000000000851a                GAP_PeripheralParamInit
 .text.gapSendMakeDiscEvent
                0x0000000000008586       0x50 C:\Users\bitshen\Desktop\WKnob-main\LIB\libCH59xBLE.a(gap_peripheral.o)
                0x0000000000008586                gapSendMakeDiscEvent
 .text.gapWriteAdvEnableStatus
                0x00000000000085d6      0x10e C:\Users\bitshen\Desktop\WKnob-main\LIB\libCH59xBLE.a(gap_peripheral.o)
 .text.gapSendMakePeriodicEvent
                0x00000000000086e4       0x3a C:\Users\bitshen\Desktop\WKnob-main\LIB\libCH59xBLE.a(gap_peripheral.o)
                0x00000000000086e4                gapSendMakePeriodicEvent
 .text.gapSendMakeConnectionlessCTEEvent
                0x000000000000871e       0x3a C:\Users\bitshen\Desktop\WKnob-main\LIB\libCH59xBLE.a(gap_peripheral.o)
                0x000000000000871e                gapSendMakeConnectionlessCTEEvent
 .text.gapPeriProcessHCICmdCompleteEvt
                0x0000000000008758      0x22e C:\Users\bitshen\Desktop\WKnob-main\LIB\libCH59xBLE.a(gap_peripheral.o)
 .text.GAP_PeriDevMgrInit
                0x0000000000008986       0x2e C:\Users\bitshen\Desktop\WKnob-main\LIB\libCH59xBLE.a(gap_peripheral.o)
                0x0000000000008986                GAP_PeriDevMgrInit
 .text.gattProcessExchangeMTUReq
                0x00000000000089b4        0x4 C:\Users\bitshen\Desktop\WKnob-main\LIB\libCH59xBLE.a(gattservapp.o)
 .text.gattServApp_FindCharCfgItem
                0x00000000000089b8       0x24 C:\Users\bitshen\Desktop\WKnob-main\LIB\libCH59xBLE.a(gattservapp.o)
 .text.gattServerHandleTimerCB
                0x00000000000089dc       0x3c C:\Users\bitshen\Desktop\WKnob-main\LIB\libCH59xBLE.a(gattservapp.o)
 .text.GATTServApp_InitCharCfg.part.12
                0x0000000000008a18       0x20 C:\Users\bitshen\Desktop\WKnob-main\LIB\libCH59xBLE.a(gattservapp.o)
 .text.gattProcessExecuteWriteReq
                0x0000000000008a38        0x4 C:\Users\bitshen\Desktop\WKnob-main\LIB\libCH59xBLE.a(gattservapp.o)
 .text.GATTServApp_ParamInit
                0x0000000000008a3c       0xd6 C:\Users\bitshen\Desktop\WKnob-main\LIB\libCH59xBLE.a(gattservapp.o)
                0x0000000000008a3c                GATTServApp_ParamInit
 .text.GATTServApp_ReadCharCfg
                0x0000000000008b12       0x18 C:\Users\bitshen\Desktop\WKnob-main\LIB\libCH59xBLE.a(gattservapp.o)
                0x0000000000008b12                GATTServApp_ReadCharCfg
 .text.GATTServApp_WriteCharCfg
                0x0000000000008b2a       0x3c C:\Users\bitshen\Desktop\WKnob-main\LIB\libCH59xBLE.a(gattservapp.o)
                0x0000000000008b2a                GATTServApp_WriteCharCfg
 .text.GATTServApp_ProcessCCCWriteReq
                0x0000000000008b66       0x5c C:\Users\bitshen\Desktop\WKnob-main\LIB\libCH59xBLE.a(gattservapp.o)
                0x0000000000008b66                GATTServApp_ProcessCCCWriteReq
 .text.gattServApp_WriteAttrCB
                0x0000000000008bc2       0x32 C:\Users\bitshen\Desktop\WKnob-main\LIB\libCH59xBLE.a(gattservapp.o)
                0x0000000000008bc2                gattServApp_WriteAttrCB
 .text.GATTServApp_SendCCCUpdatedEvent
                0x0000000000008bf4       0x5e C:\Users\bitshen\Desktop\WKnob-main\LIB\libCH59xBLE.a(gattservapp.o)
                0x0000000000008bf4                GATTServApp_SendCCCUpdatedEvent
 .text.GATTServApp_SendServiceChangedInd
                0x0000000000008c52       0x36 C:\Users\bitshen\Desktop\WKnob-main\LIB\libCH59xBLE.a(gattservapp.o)
                0x0000000000008c52                GATTServApp_SendServiceChangedInd
 .text.gattServApp_ClearPrepareWriteQ
                0x0000000000008c88       0x50 C:\Users\bitshen\Desktop\WKnob-main\LIB\libCH59xBLE.a(gattservapp.o)
                0x0000000000008c88                gattServApp_ClearPrepareWriteQ
 .text.gattServApp_FindPrepareWriteQ
                0x0000000000008cd8       0x30 C:\Users\bitshen\Desktop\WKnob-main\LIB\libCH59xBLE.a(gattservapp.o)
                0x0000000000008cd8                gattServApp_FindPrepareWriteQ
 .text.gattServApp_FindServiceCBs
                0x0000000000008d08       0x18 C:\Users\bitshen\Desktop\WKnob-main\LIB\libCH59xBLE.a(gattservapp.o)
                0x0000000000008d08                gattServApp_FindServiceCBs
 .text.gattServApp_FindAuthorizeAttrCB
                0x0000000000008d20       0x14 C:\Users\bitshen\Desktop\WKnob-main\LIB\libCH59xBLE.a(gattservapp.o)
                0x0000000000008d20                gattServApp_FindAuthorizeAttrCB
 .text.gattServApp_IsWriteLong
                0x0000000000008d34       0xea C:\Users\bitshen\Desktop\WKnob-main\LIB\libCH59xBLE.a(gattservapp.o)
                0x0000000000008d34                gattServApp_IsWriteLong
 .text.gattFindService
                0x0000000000008e1e       0x1c C:\Users\bitshen\Desktop\WKnob-main\LIB\libCH59xBLE.a(gattservapp.o)
                0x0000000000008e1e                gattFindService
 .text.GATT_ServiceNumAttrs
                0x0000000000008e3a       0x16 C:\Users\bitshen\Desktop\WKnob-main\LIB\libCH59xBLE.a(gattservapp.o)
                0x0000000000008e3a                GATT_ServiceNumAttrs
 .text.GATT_ServiceEncKeySize
                0x0000000000008e50       0x16 C:\Users\bitshen\Desktop\WKnob-main\LIB\libCH59xBLE.a(gattservapp.o)
                0x0000000000008e50                GATT_ServiceEncKeySize
 .text.GATT_VerifyWritePermissions.part.7
                0x0000000000008e66       0x2c C:\Users\bitshen\Desktop\WKnob-main\LIB\libCH59xBLE.a(gattservapp.o)
 .text.gattResetServerInfo
                0x0000000000008e92       0x1c C:\Users\bitshen\Desktop\WKnob-main\LIB\libCH59xBLE.a(gattservapp.o)
                0x0000000000008e92                gattResetServerInfo
 .text.gattFindServerInfo
                0x0000000000008eae       0x2c C:\Users\bitshen\Desktop\WKnob-main\LIB\libCH59xBLE.a(gattservapp.o)
                0x0000000000008eae                gattFindServerInfo
 .text.gattServerHandleConnStatusCB
                0x0000000000008eda       0x8e C:\Users\bitshen\Desktop\WKnob-main\LIB\libCH59xBLE.a(gattservapp.o)
                0x0000000000008eda                gattServerHandleConnStatusCB
 .text.gattServerProcessMsgCB
                0x0000000000008f68      0x1be C:\Users\bitshen\Desktop\WKnob-main\LIB\libCH59xBLE.a(gattservapp.o)
                0x0000000000008f68                gattServerProcessMsgCB
 .text.gattServerNotifyTxCB
                0x0000000000009126       0x28 C:\Users\bitshen\Desktop\WKnob-main\LIB\libCH59xBLE.a(gattservapp.o)
 .text.GATT_FindHandle
                0x000000000000914e       0x4a C:\Users\bitshen\Desktop\WKnob-main\LIB\libCH59xBLE.a(gattservapp.o)
                0x000000000000914e                GATT_FindHandle
 .text.GATTServApp_WriteAttr
                0x0000000000009198       0xa6 C:\Users\bitshen\Desktop\WKnob-main\LIB\libCH59xBLE.a(gattservapp.o)
                0x0000000000009198                GATTServApp_WriteAttr
 .text.gattServApp_ProcessExecuteWriteReq
                0x000000000000923e      0x100 C:\Users\bitshen\Desktop\WKnob-main\LIB\libCH59xBLE.a(gattservapp.o)
                0x000000000000923e                gattServApp_ProcessExecuteWriteReq
 .text.gattServApp_ProcessPrepareWriteReq
                0x000000000000933e      0x10e C:\Users\bitshen\Desktop\WKnob-main\LIB\libCH59xBLE.a(gattservapp.o)
                0x000000000000933e                gattServApp_ProcessPrepareWriteReq
 .text.gattServApp_ProcessWriteReq
                0x000000000000944c       0xb0 C:\Users\bitshen\Desktop\WKnob-main\LIB\libCH59xBLE.a(gattservapp.o)
                0x000000000000944c                gattServApp_ProcessWriteReq
 .text.GATT_Indication
                0x00000000000094fc       0xa4 C:\Users\bitshen\Desktop\WKnob-main\LIB\libCH59xBLE.a(gattservapp.o)
                0x00000000000094fc                GATT_Indication
 .text.GATT_FindHandleUUID
                0x00000000000095a0       0x94 C:\Users\bitshen\Desktop\WKnob-main\LIB\libCH59xBLE.a(gattservapp.o)
                0x00000000000095a0                GATT_FindHandleUUID
 .text.gattProcessReadByGrpTypeReq
                0x0000000000009634       0x60 C:\Users\bitshen\Desktop\WKnob-main\LIB\libCH59xBLE.a(gattservapp.o)
 .text.gattProcessReadByTypeReq
                0x0000000000009694       0x34 C:\Users\bitshen\Desktop\WKnob-main\LIB\libCH59xBLE.a(gattservapp.o)
 .text.gattProcessFindByTypeValueReq
                0x00000000000096c8       0x34 C:\Users\bitshen\Desktop\WKnob-main\LIB\libCH59xBLE.a(gattservapp.o)
 .text.gattProcessFindInfoReq
                0x00000000000096fc      0x1aa C:\Users\bitshen\Desktop\WKnob-main\LIB\libCH59xBLE.a(gattservapp.o)
 .text.GATT_VerifyWritePermissions
                0x00000000000098a6       0x6a C:\Users\bitshen\Desktop\WKnob-main\LIB\libCH59xBLE.a(gattservapp.o)
                0x00000000000098a6                GATT_VerifyWritePermissions
 .text.gattProcessWriteReq
                0x0000000000009910       0x36 C:\Users\bitshen\Desktop\WKnob-main\LIB\libCH59xBLE.a(gattservapp.o)
 .text.GATT_VerifyPrepareWritePermissions
                0x0000000000009946       0x56 C:\Users\bitshen\Desktop\WKnob-main\LIB\libCH59xBLE.a(gattservapp.o)
                0x0000000000009946                GATT_VerifyPrepareWritePermissions
 .text.gattProcessPrepareWriteReq
                0x000000000000999c       0x36 C:\Users\bitshen\Desktop\WKnob-main\LIB\libCH59xBLE.a(gattservapp.o)
 .text.GATT_FindNextAttr
                0x00000000000099d2       0xc2 C:\Users\bitshen\Desktop\WKnob-main\LIB\libCH59xBLE.a(gattservapp.o)
                0x00000000000099d2                GATT_FindNextAttr
 .text.GATTServApp_ReadAttr
                0x0000000000009a94      0x2ea C:\Users\bitshen\Desktop\WKnob-main\LIB\libCH59xBLE.a(gattservapp.o)
                0x0000000000009a94                GATTServApp_ReadAttr
 .text.gattServApp_ProcessReadMultiReq
                0x0000000000009d7e      0x16e C:\Users\bitshen\Desktop\WKnob-main\LIB\libCH59xBLE.a(gattservapp.o)
                0x0000000000009d7e                gattServApp_ProcessReadMultiReq
 .text.gattServApp_ProcessFindByTypeValueReq
                0x0000000000009eec      0x1a0 C:\Users\bitshen\Desktop\WKnob-main\LIB\libCH59xBLE.a(gattservapp.o)
                0x0000000000009eec                gattServApp_ProcessFindByTypeValueReq
 .text.GATT_VerifyReadPermissions
                0x000000000000a08c       0x68 C:\Users\bitshen\Desktop\WKnob-main\LIB\libCH59xBLE.a(gattservapp.o)
                0x000000000000a08c                GATT_VerifyReadPermissions
 .text.gattProcessReadMultiReq
                0x000000000000a0f4       0xae C:\Users\bitshen\Desktop\WKnob-main\LIB\libCH59xBLE.a(gattservapp.o)
 .text.gattProcessReadReq
                0x000000000000a1a2       0x30 C:\Users\bitshen\Desktop\WKnob-main\LIB\libCH59xBLE.a(gattservapp.o)
 .text.gattServApp_ProcessReadByGrpTypeReq
                0x000000000000a1d2      0x21c C:\Users\bitshen\Desktop\WKnob-main\LIB\libCH59xBLE.a(gattservapp.o)
                0x000000000000a1d2                gattServApp_ProcessReadByGrpTypeReq
 .text.gattServApp_ProcessReadByTypeReq
                0x000000000000a3ee      0x1ae C:\Users\bitshen\Desktop\WKnob-main\LIB\libCH59xBLE.a(gattservapp.o)
                0x000000000000a3ee                gattServApp_ProcessReadByTypeReq
 .text.GATTServApp_InitCharCfg
                0x000000000000a59c       0x28 C:\Users\bitshen\Desktop\WKnob-main\LIB\libCH59xBLE.a(gattservapp.o)
                0x000000000000a59c                GATTServApp_InitCharCfg
 .text.gattServApp_HandleConnStatusCB
                0x000000000000a5c4       0x74 C:\Users\bitshen\Desktop\WKnob-main\LIB\libCH59xBLE.a(gattservapp.o)
                0x000000000000a5c4                gattServApp_HandleConnStatusCB
 .text.GATT_InitServer
                0x000000000000a638       0xfa C:\Users\bitshen\Desktop\WKnob-main\LIB\libCH59xBLE.a(gattservapp.o)
                0x000000000000a638                GATT_InitServer
 .text.GATTServApp_Init
                0x000000000000a732       0x34 C:\Users\bitshen\Desktop\WKnob-main\LIB\libCH59xBLE.a(gattservapp.o)
                0x000000000000a732                GATTServApp_Init
 .text.GATTServApp_ProcessEvent
                0x000000000000a766      0x36a C:\Users\bitshen\Desktop\WKnob-main\LIB\libCH59xBLE.a(gattservapp.o)
                0x000000000000a766                GATTServApp_ProcessEvent
 .text.l2capAllocConnChannel
                0x000000000000aad0       0xe0 C:\Users\bitshen\Desktop\WKnob-main\LIB\libCH59xBLE.a(l2cap.o)
                0x000000000000aad0                l2capAllocConnChannel
 .text.l2capFindLocalCID
                0x000000000000abb0       0x2c C:\Users\bitshen\Desktop\WKnob-main\LIB\libCH59xBLE.a(l2cap.o)
                0x000000000000abb0                l2capFindLocalCID
 .text.l2capFindLocalId
                0x000000000000abdc       0x30 C:\Users\bitshen\Desktop\WKnob-main\LIB\libCH59xBLE.a(l2cap.o)
                0x000000000000abdc                l2capFindLocalId
 .text.l2capFindPsm
                0x000000000000ac0c       0x30 C:\Users\bitshen\Desktop\WKnob-main\LIB\libCH59xBLE.a(l2cap.o)
                0x000000000000ac0c                l2capFindPsm
 .text.l2capFindRemoteCID
                0x000000000000ac3c       0x3c C:\Users\bitshen\Desktop\WKnob-main\LIB\libCH59xBLE.a(l2cap.o)
                0x000000000000ac3c                l2capFindRemoteCID
 .text.l2capFreeChannel
                0x000000000000ac78       0x4e C:\Users\bitshen\Desktop\WKnob-main\LIB\libCH59xBLE.a(l2cap.o)
                0x000000000000ac78                l2capFreeChannel
 .text.l2capDisconnectChannel
                0x000000000000acc6       0x28 C:\Users\bitshen\Desktop\WKnob-main\LIB\libCH59xBLE.a(l2cap.o)
                0x000000000000acc6                l2capDisconnectChannel
 .text.l2capHandleTimerCB
                0x000000000000acee       0x2c C:\Users\bitshen\Desktop\WKnob-main\LIB\libCH59xBLE.a(l2cap.o)
                0x000000000000acee                l2capHandleTimerCB
 .text.l2capFreePendingPkt
                0x000000000000ad1a       0x58 C:\Users\bitshen\Desktop\WKnob-main\LIB\libCH59xBLE.a(l2cap.o)
                0x000000000000ad1a                l2capFreePendingPkt
 .text.l2capGetCoChannelInfo
                0x000000000000ad72       0x86 C:\Users\bitshen\Desktop\WKnob-main\LIB\libCH59xBLE.a(l2cap.o)
                0x000000000000ad72                l2capGetCoChannelInfo
 .text.l2capNumActiveChannnels
                0x000000000000adf8       0x48 C:\Users\bitshen\Desktop\WKnob-main\LIB\libCH59xBLE.a(l2cap.o)
                0x000000000000adf8                l2capNumActiveChannnels
 .text.l2capStartTimer
                0x000000000000ae40       0x1a C:\Users\bitshen\Desktop\WKnob-main\LIB\libCH59xBLE.a(l2cap.o)
                0x000000000000ae40                l2capStartTimer
 .text.l2capStopTimer
                0x000000000000ae5a       0x1e C:\Users\bitshen\Desktop\WKnob-main\LIB\libCH59xBLE.a(l2cap.o)
                0x000000000000ae5a                l2capStopTimer
 .text.l2capDisconnectAllChannels
                0x000000000000ae78       0xdc C:\Users\bitshen\Desktop\WKnob-main\LIB\libCH59xBLE.a(l2cap.o)
                0x000000000000ae78                l2capDisconnectAllChannels
 .text.l2capHandleConnStatusCB
                0x000000000000af54       0x3c C:\Users\bitshen\Desktop\WKnob-main\LIB\libCH59xBLE.a(l2cap.o)
                0x000000000000af54                l2capHandleConnStatusCB
 .text.l2capHandleRxError
                0x000000000000af90        0x6 C:\Users\bitshen\Desktop\WKnob-main\LIB\libCH59xBLE.a(l2cap.o)
                0x000000000000af90                l2capHandleRxError
 .text.L2CAP_GetMTU
                0x000000000000af96        0x6 C:\Users\bitshen\Desktop\WKnob-main\LIB\libCH59xBLE.a(l2cap.o)
                0x000000000000af96                L2CAP_GetMTU
 .text.L2CAP_HostNumCompletedPkts
                0x000000000000af9c       0x28 C:\Users\bitshen\Desktop\WKnob-main\LIB\libCH59xBLE.a(l2cap.o)
                0x000000000000af9c                L2CAP_HostNumCompletedPkts
 .text.L2CAP_ParseConnectReq
                0x000000000000afc4       0x5e C:\Users\bitshen\Desktop\WKnob-main\LIB\libCH59xBLE.a(l2cap.o)
                0x000000000000afc4                L2CAP_ParseConnectReq
 .text.L2CAP_ParseFlowCtrlCredit
                0x000000000000b022       0x2e C:\Users\bitshen\Desktop\WKnob-main\LIB\libCH59xBLE.a(l2cap.o)
                0x000000000000b022                L2CAP_ParseFlowCtrlCredit
 .text.L2CAP_RegisterApp
                0x000000000000b050       0x30 C:\Users\bitshen\Desktop\WKnob-main\LIB\libCH59xBLE.a(l2cap.o)
                0x000000000000b050                L2CAP_RegisterApp
 .text.L2CAP_SetBufSize
                0x000000000000b080       0x1e C:\Users\bitshen\Desktop\WKnob-main\LIB\libCH59xBLE.a(l2cap.o)
                0x000000000000b080                L2CAP_SetBufSize
 .text.L2CAP_bm_alloc
                0x000000000000b09e       0x2a C:\Users\bitshen\Desktop\WKnob-main\LIB\libCH59xBLE.a(l2cap.o)
                0x000000000000b09e                L2CAP_bm_alloc
 .text.L2CAP_Init
                0x000000000000b0c8      0x15e C:\Users\bitshen\Desktop\WKnob-main\LIB\libCH59xBLE.a(l2cap.o)
                0x000000000000b0c8                L2CAP_Init
 .text.L2CAP_ProcessEvent
                0x000000000000b226       0xd4 C:\Users\bitshen\Desktop\WKnob-main\LIB\libCH59xBLE.a(l2cap.o)
                0x000000000000b226                L2CAP_ProcessEvent
 .text.l2capParseCmdReject
                0x000000000000b2fa       0x5e C:\Users\bitshen\Desktop\WKnob-main\LIB\libCH59xBLE.a(l2cap_input.o)
                0x000000000000b2fa                l2capParseCmdReject
 .text.l2capParseDisconnectReq
                0x000000000000b358       0x2e C:\Users\bitshen\Desktop\WKnob-main\LIB\libCH59xBLE.a(l2cap_input.o)
                0x000000000000b358                l2capParseDisconnectReq
 .text.l2capParseDisconnectRsp
                0x000000000000b386       0x2e C:\Users\bitshen\Desktop\WKnob-main\LIB\libCH59xBLE.a(l2cap_input.o)
                0x000000000000b386                l2capParseDisconnectRsp
 .text.L2CAP_ParseParamUpdateReq
                0x000000000000b3b4       0x4e C:\Users\bitshen\Desktop\WKnob-main\LIB\libCH59xBLE.a(l2cap_input.o)
                0x000000000000b3b4                L2CAP_ParseParamUpdateReq
 .text.l2capParseParamUpdateRsp
                0x000000000000b402       0x1e C:\Users\bitshen\Desktop\WKnob-main\LIB\libCH59xBLE.a(l2cap_input.o)
                0x000000000000b402                l2capParseParamUpdateRsp
 .text.l2capProcessConnectReq
                0x000000000000b420       0xfc C:\Users\bitshen\Desktop\WKnob-main\LIB\libCH59xBLE.a(l2cap_input.o)
                0x000000000000b420                l2capProcessConnectReq
 .text.l2capParseConnectRsp
                0x000000000000b51c       0x5e C:\Users\bitshen\Desktop\WKnob-main\LIB\libCH59xBLE.a(l2cap_input.o)
                0x000000000000b51c                l2capParseConnectRsp
 .text.l2capParseSignalHdr
                0x000000000000b57a       0x22 C:\Users\bitshen\Desktop\WKnob-main\LIB\libCH59xBLE.a(l2cap_input.o)
                0x000000000000b57a                l2capParseSignalHdr
 .text.l2capParsePacket
                0x000000000000b59c       0x8c C:\Users\bitshen\Desktop\WKnob-main\LIB\libCH59xBLE.a(l2cap_input.o)
                0x000000000000b59c                l2capParsePacket
 .text.l2capProcessReq
                0x000000000000b628      0x15e C:\Users\bitshen\Desktop\WKnob-main\LIB\libCH59xBLE.a(l2cap_input.o)
                0x000000000000b628                l2capProcessReq
 .text.l2capProcessRsp
                0x000000000000b786      0x150 C:\Users\bitshen\Desktop\WKnob-main\LIB\libCH59xBLE.a(l2cap_input.o)
                0x000000000000b786                l2capProcessRsp
 .text.l2capProcessRxData
                0x000000000000b8d6       0xf8 C:\Users\bitshen\Desktop\WKnob-main\LIB\libCH59xBLE.a(l2cap_input.o)
                0x000000000000b8d6                l2capProcessRxData
 .text.l2capNotifyData
                0x000000000000b9ce       0x5e C:\Users\bitshen\Desktop\WKnob-main\LIB\libCH59xBLE.a(l2cap_output.o)
                0x000000000000b9ce                l2capNotifyData
 .text.l2capNotifySignal
                0x000000000000ba2c       0x7a C:\Users\bitshen\Desktop\WKnob-main\LIB\libCH59xBLE.a(l2cap_output.o)
                0x000000000000ba2c                l2capNotifySignal
 .text.l2capNotifyCreditEvt
                0x000000000000baa6       0xa4 C:\Users\bitshen\Desktop\WKnob-main\LIB\libCH59xBLE.a(l2cap_output.o)
                0x000000000000baa6                l2capNotifyCreditEvt
 .text.l2capNotifyChannelEstEvt
                0x000000000000bb4a       0x5c C:\Users\bitshen\Desktop\WKnob-main\LIB\libCH59xBLE.a(l2cap_output.o)
                0x000000000000bb4a                l2capNotifyChannelEstEvt
 .text.l2capNotifyChannelTermEvt
                0x000000000000bba6       0x3e C:\Users\bitshen\Desktop\WKnob-main\LIB\libCH59xBLE.a(l2cap_output.o)
                0x000000000000bba6                l2capNotifyChannelTermEvt
 .text.l2capNotifyEvent
                0x000000000000bbe4       0x66 C:\Users\bitshen\Desktop\WKnob-main\LIB\libCH59xBLE.a(l2cap_output.o)
                0x000000000000bbe4                l2capNotifyEvent
 .text.l2capStoreFCPkt
                0x000000000000bc4a       0x32 C:\Users\bitshen\Desktop\WKnob-main\LIB\libCH59xBLE.a(l2cap_output.o)
                0x000000000000bc4a                l2capStoreFCPkt
 .text.l2capFreeTxSDU
                0x000000000000bc7c       0x9e C:\Users\bitshen\Desktop\WKnob-main\LIB\libCH59xBLE.a(l2cap_output.o)
                0x000000000000bc7c                l2capFreeTxSDU
 .text.l2capReassembleSegment
                0x000000000000bd1a      0x178 C:\Users\bitshen\Desktop\WKnob-main\LIB\libCH59xBLE.a(l2cap_output.o)
                0x000000000000bd1a                l2capReassembleSegment
 .text.l2capEncapSendData
                0x000000000000be92       0xf0 C:\Users\bitshen\Desktop\WKnob-main\LIB\libCH59xBLE.a(l2cap_output.o)
                0x000000000000be92                l2capEncapSendData
 .text.l2capSendFCPkt.part.3
                0x000000000000bf82       0x70 C:\Users\bitshen\Desktop\WKnob-main\LIB\libCH59xBLE.a(l2cap_output.o)
 .text.l2capSendSegment
                0x000000000000bff2      0x108 C:\Users\bitshen\Desktop\WKnob-main\LIB\libCH59xBLE.a(l2cap_output.o)
                0x000000000000bff2                l2capSendSegment
 .text.l2capSendNextSegment
                0x000000000000c0fa       0xb4 C:\Users\bitshen\Desktop\WKnob-main\LIB\libCH59xBLE.a(l2cap_output.o)
                0x000000000000c0fa                l2capSendNextSegment
 .text.l2capSendPkt
                0x000000000000c1ae       0x3a C:\Users\bitshen\Desktop\WKnob-main\LIB\libCH59xBLE.a(l2cap_output.o)
                0x000000000000c1ae                l2capSendPkt
 .text.L2CAP_SendData
                0x000000000000c1e8       0x82 C:\Users\bitshen\Desktop\WKnob-main\LIB\libCH59xBLE.a(l2cap_output.o)
                0x000000000000c1e8                L2CAP_SendData
 .text.l2capSendCmd
                0x000000000000c26a       0x8a C:\Users\bitshen\Desktop\WKnob-main\LIB\libCH59xBLE.a(l2cap_output.o)
                0x000000000000c26a                l2capSendCmd
 .text.l2capSendReq
                0x000000000000c2f4       0xc8 C:\Users\bitshen\Desktop\WKnob-main\LIB\libCH59xBLE.a(l2cap_output.o)
                0x000000000000c2f4                l2capSendReq
 .text.l2capBuildDisconnectReq
                0x000000000000c3bc       0x28 C:\Users\bitshen\Desktop\WKnob-main\LIB\libCH59xBLE.a(l2cap_sdu.o)
 .text.l2capBuildParamUpdateReq
                0x000000000000c3e4       0x4c C:\Users\bitshen\Desktop\WKnob-main\LIB\libCH59xBLE.a(l2cap_sdu.o)
 .text.l2capBuildParamUpdateRsp
                0x000000000000c430       0x16 C:\Users\bitshen\Desktop\WKnob-main\LIB\libCH59xBLE.a(l2cap_sdu.o)
 .text.l2capBuildConnectRsp
                0x000000000000c446       0x5e C:\Users\bitshen\Desktop\WKnob-main\LIB\libCH59xBLE.a(l2cap_sdu.o)
 .text.l2capBuildCmdReject
                0x000000000000c4a4       0x62 C:\Users\bitshen\Desktop\WKnob-main\LIB\libCH59xBLE.a(l2cap_sdu.o)
                0x000000000000c4a4                l2capBuildCmdReject
 .text.l2capBuildDisconnectRsp
                0x000000000000c506       0x28 C:\Users\bitshen\Desktop\WKnob-main\LIB\libCH59xBLE.a(l2cap_sdu.o)
                0x000000000000c506                l2capBuildDisconnectRsp
 .text.l2capSendConnectRsp
                0x000000000000c52e       0xaa C:\Users\bitshen\Desktop\WKnob-main\LIB\libCH59xBLE.a(l2cap_sdu.o)
                0x000000000000c52e                l2capSendConnectRsp
 .text.L2CAP_CmdReject
                0x000000000000c5d8       0x12 C:\Users\bitshen\Desktop\WKnob-main\LIB\libCH59xBLE.a(l2cap_sdu.o)
                0x000000000000c5d8                L2CAP_CmdReject
 .text.L2CAP_DisconnectReq
                0x000000000000c5ea       0x2a C:\Users\bitshen\Desktop\WKnob-main\LIB\libCH59xBLE.a(l2cap_sdu.o)
                0x000000000000c5ea                L2CAP_DisconnectReq
 .text.L2CAP_ConnParamUpdateReq
                0x000000000000c614       0x16 C:\Users\bitshen\Desktop\WKnob-main\LIB\libCH59xBLE.a(l2cap_sdu.o)
                0x000000000000c614                L2CAP_ConnParamUpdateReq
 .text.L2CAP_ConnParamUpdateRsp
                0x000000000000c62a       0x12 C:\Users\bitshen\Desktop\WKnob-main\LIB\libCH59xBLE.a(l2cap_sdu.o)
                0x000000000000c62a                L2CAP_ConnParamUpdateRsp
 .text.reportStatusChange
                0x000000000000c63c       0x3e C:\Users\bitshen\Desktop\WKnob-main\LIB\libCH59xBLE.a(linkdb.o)
 .text.linkDB_Init
                0x000000000000c67a       0xa8 C:\Users\bitshen\Desktop\WKnob-main\LIB\libCH59xBLE.a(linkdb.o)
                0x000000000000c67a                linkDB_Init
 .text.linkDB_Find
                0x000000000000c722       0x34 C:\Users\bitshen\Desktop\WKnob-main\LIB\libCH59xBLE.a(linkdb.o)
                0x000000000000c722                linkDB_Find
 .text.linkDB_Authen
                0x000000000000c756       0x5c C:\Users\bitshen\Desktop\WKnob-main\LIB\libCH59xBLE.a(linkdb.o)
                0x000000000000c756                linkDB_Authen
 .text.linkDB_FindByAddr
                0x000000000000c7b2       0x82 C:\Users\bitshen\Desktop\WKnob-main\LIB\libCH59xBLE.a(linkdb.o)
                0x000000000000c7b2                linkDB_FindByAddr
 .text.linkDB_FindFirst
                0x000000000000c834       0x40 C:\Users\bitshen\Desktop\WKnob-main\LIB\libCH59xBLE.a(linkdb.o)
                0x000000000000c834                linkDB_FindFirst
 .text.linkDB_MTU
                0x000000000000c874       0x18 C:\Users\bitshen\Desktop\WKnob-main\LIB\libCH59xBLE.a(linkdb.o)
                0x000000000000c874                linkDB_MTU
 .text.linkDB_NumActive
                0x000000000000c88c       0x36 C:\Users\bitshen\Desktop\WKnob-main\LIB\libCH59xBLE.a(linkdb.o)
                0x000000000000c88c                linkDB_NumActive
 .text.linkDB_NumConns
                0x000000000000c8c2        0xa C:\Users\bitshen\Desktop\WKnob-main\LIB\libCH59xBLE.a(linkdb.o)
                0x000000000000c8c2                linkDB_NumConns
 .text.linkDB_Register
                0x000000000000c8cc       0x28 C:\Users\bitshen\Desktop\WKnob-main\LIB\libCH59xBLE.a(linkdb.o)
                0x000000000000c8cc                linkDB_Register
 .text.linkDB_Remove
                0x000000000000c8f4       0x4c C:\Users\bitshen\Desktop\WKnob-main\LIB\libCH59xBLE.a(linkdb.o)
                0x000000000000c8f4                linkDB_Remove
 .text.linkDB_Role
                0x000000000000c940       0x18 C:\Users\bitshen\Desktop\WKnob-main\LIB\libCH59xBLE.a(linkdb.o)
                0x000000000000c940                linkDB_Role
 .text.linkDB_State
                0x000000000000c958       0x30 C:\Users\bitshen\Desktop\WKnob-main\LIB\libCH59xBLE.a(linkdb.o)
                0x000000000000c958                linkDB_State
 .text.linkDB_UpdateMTU
                0x000000000000c988       0x28 C:\Users\bitshen\Desktop\WKnob-main\LIB\libCH59xBLE.a(linkdb.o)
                0x000000000000c988                linkDB_UpdateMTU
 .text.linkDB_PerformFunc
                0x000000000000c9b0       0x5a C:\Users\bitshen\Desktop\WKnob-main\LIB\libCH59xBLE.a(linkdb.o)
                0x000000000000c9b0                linkDB_PerformFunc
 .text.linkDB_GetSMEvtID
                0x000000000000ca0a       0x60 C:\Users\bitshen\Desktop\WKnob-main\LIB\libCH59xBLE.a(linkdb.o)
                0x000000000000ca0a                linkDB_GetSMEvtID
 .text.linkDB_Add
                0x000000000000ca6a       0xb2 C:\Users\bitshen\Desktop\WKnob-main\LIB\libCH59xBLE.a(linkdb.o)
                0x000000000000ca6a                linkDB_Add
 .text.linkDB_GetHandleFromSMEvtID
                0x000000000000cb1c       0x3a C:\Users\bitshen\Desktop\WKnob-main\LIB\libCH59xBLE.a(linkdb.o)
                0x000000000000cb1c                linkDB_GetHandleFromSMEvtID
 .text.linkDB_GetPairingParam
                0x000000000000cb56       0x76 C:\Users\bitshen\Desktop\WKnob-main\LIB\libCH59xBLE.a(linkdb.o)
                0x000000000000cb56                linkDB_GetPairingParam
 .text.linkDB_NeedSendKey
                0x000000000000cbcc       0x4c C:\Users\bitshen\Desktop\WKnob-main\LIB\libCH59xBLE.a(linkdb.o)
                0x000000000000cbcc                linkDB_NeedSendKey
 .text.smStartRspTimer
                0x000000000000cc18       0x3a C:\Users\bitshen\Desktop\WKnob-main\LIB\libCH59xBLE.a(sm.o)
 .text.smStartEncryption
                0x000000000000cc52       0xa0 C:\Users\bitshen\Desktop\WKnob-main\LIB\libCH59xBLE.a(sm.o)
 .text.smFreePairingParams
                0x000000000000ccf2       0x7e C:\Users\bitshen\Desktop\WKnob-main\LIB\libCH59xBLE.a(sm.o)
                0x000000000000ccf2                smFreePairingParams
 .text.smEndPairing
                0x000000000000cd70       0x60 C:\Users\bitshen\Desktop\WKnob-main\LIB\libCH59xBLE.a(sm.o)
                0x000000000000cd70                smEndPairing
 .text.smLinkCheck
                0x000000000000cdd0       0x34 C:\Users\bitshen\Desktop\WKnob-main\LIB\libCH59xBLE.a(sm.o)
                0x000000000000cdd0                smLinkCheck
 .text.smNextPairingState
                0x000000000000ce04       0x60 C:\Users\bitshen\Desktop\WKnob-main\LIB\libCH59xBLE.a(sm.o)
                0x000000000000ce04                smNextPairingState
 .text.smProcessEncryptChange
                0x000000000000ce64       0xf8 C:\Users\bitshen\Desktop\WKnob-main\LIB\libCH59xBLE.a(sm.o)
                0x000000000000ce64                smProcessEncryptChange
 .text.smSendSMMsg
                0x000000000000cf5c       0x5c C:\Users\bitshen\Desktop\WKnob-main\LIB\libCH59xBLE.a(sm.o)
                0x000000000000cf5c                smSendSMMsg
 .text.smSendFailAndEnd
                0x000000000000cfb8       0x38 C:\Users\bitshen\Desktop\WKnob-main\LIB\libCH59xBLE.a(sm.o)
                0x000000000000cfb8                smSendFailAndEnd
 .text.smProcessPairingReq
                0x000000000000cff0       0x40 C:\Users\bitshen\Desktop\WKnob-main\LIB\libCH59xBLE.a(sm.o)
                0x000000000000cff0                smProcessPairingReq
 .text.smSetPairingReqRsp
                0x000000000000d030       0x3c C:\Users\bitshen\Desktop\WKnob-main\LIB\libCH59xBLE.a(sm.o)
                0x000000000000d030                smSetPairingReqRsp
 .text.SM_StartEncryption
                0x000000000000d06c       0x1a C:\Users\bitshen\Desktop\WKnob-main\LIB\libCH59xBLE.a(sm.o)
                0x000000000000d06c                SM_StartEncryption
 .text.sm_dhkey
                0x000000000000d086       0x3e C:\Users\bitshen\Desktop\WKnob-main\LIB\libCH59xBLE.a(sm.o)
                0x000000000000d086                sm_dhkey
 .text.sm_c1    0x000000000000d0c4       0xb4 C:\Users\bitshen\Desktop\WKnob-main\LIB\libCH59xBLE.a(sm.o)
                0x000000000000d0c4                sm_c1
 .text.smDetermineKeySize
                0x000000000000d178       0x20 C:\Users\bitshen\Desktop\WKnob-main\LIB\libCH59xBLE.a(sm.o)
                0x000000000000d178                smDetermineKeySize
 .text.smpParsePairingReq
                0x000000000000d198      0x118 C:\Users\bitshen\Desktop\WKnob-main\LIB\libCH59xBLE.a(sm.o)
                0x000000000000d198                smpParsePairingReq
 .text.smpParseEncInfo
                0x000000000000d2b0       0x2a C:\Users\bitshen\Desktop\WKnob-main\LIB\libCH59xBLE.a(sm.o)
                0x000000000000d2b0                smpParseEncInfo
 .text.smpParseIdentityAddrInfo
                0x000000000000d2da       0x34 C:\Users\bitshen\Desktop\WKnob-main\LIB\libCH59xBLE.a(sm.o)
                0x000000000000d2da                smpParseIdentityAddrInfo
 .text.smpParseIdentityInfo
                0x000000000000d30e       0x2a C:\Users\bitshen\Desktop\WKnob-main\LIB\libCH59xBLE.a(sm.o)
                0x000000000000d30e                smpParseIdentityInfo
 .text.smpParseMasterID
                0x000000000000d338       0x3c C:\Users\bitshen\Desktop\WKnob-main\LIB\libCH59xBLE.a(sm.o)
                0x000000000000d338                smpParseMasterID
 .text.smpParsePairingConfirm
                0x000000000000d374       0x2a C:\Users\bitshen\Desktop\WKnob-main\LIB\libCH59xBLE.a(sm.o)
                0x000000000000d374                smpParsePairingConfirm
 .text.smpParsePairingFailed
                0x000000000000d39e       0x1c C:\Users\bitshen\Desktop\WKnob-main\LIB\libCH59xBLE.a(sm.o)
                0x000000000000d39e                smpParsePairingFailed
 .text.smpParsePairingRandom
                0x000000000000d3ba       0x2a C:\Users\bitshen\Desktop\WKnob-main\LIB\libCH59xBLE.a(sm.o)
                0x000000000000d3ba                smpParsePairingRandom
 .text.smpParseSigningInfo
                0x000000000000d3e4       0x2a C:\Users\bitshen\Desktop\WKnob-main\LIB\libCH59xBLE.a(sm.o)
                0x000000000000d3e4                smpParseSigningInfo
 .text.smpParsePairingPublicKey
                0x000000000000d40e       0x2c C:\Users\bitshen\Desktop\WKnob-main\LIB\libCH59xBLE.a(sm.o)
                0x000000000000d40e                smpParsePairingPublicKey
 .text.smpParsePairingDHKeyCheck
                0x000000000000d43a       0x2a C:\Users\bitshen\Desktop\WKnob-main\LIB\libCH59xBLE.a(sm.o)
                0x000000000000d43a                smpParsePairingDHKeyCheck
 .text.smProcessDataMsg
                0x000000000000d464      0x104 C:\Users\bitshen\Desktop\WKnob-main\LIB\libCH59xBLE.a(sm.o)
                0x000000000000d464                smProcessDataMsg
 .text.smProcessTMOSMsg
                0x000000000000d568      0x170 C:\Users\bitshen\Desktop\WKnob-main\LIB\libCH59xBLE.a(sm.o)
                0x000000000000d568                smProcessTMOSMsg
 .text.SM_CalcRandomAddr
                0x000000000000d6d8       0x54 C:\Users\bitshen\Desktop\WKnob-main\LIB\libCH59xBLE.a(sm.o)
                0x000000000000d6d8                SM_CalcRandomAddr
 .text.SM_GenerateAuthenSig
                0x000000000000d72c       0xe6 C:\Users\bitshen\Desktop\WKnob-main\LIB\libCH59xBLE.a(sm.o)
                0x000000000000d72c                SM_GenerateAuthenSig
 .text.SM_PasskeyUpdate
                0x000000000000d812       0xe6 C:\Users\bitshen\Desktop\WKnob-main\LIB\libCH59xBLE.a(sm.o)
                0x000000000000d812                SM_PasskeyUpdate
 .text.SM_ResolveRandomAddrs
                0x000000000000d8f8       0x5e C:\Users\bitshen\Desktop\WKnob-main\LIB\libCH59xBLE.a(sm.o)
                0x000000000000d8f8                SM_ResolveRandomAddrs
 .text.SM_StartPairing
                0x000000000000d956       0xc2 C:\Users\bitshen\Desktop\WKnob-main\LIB\libCH59xBLE.a(sm.o)
                0x000000000000d956                SM_StartPairing
 .text.SM_VerifyAuthenSig
                0x000000000000da18      0x150 C:\Users\bitshen\Desktop\WKnob-main\LIB\libCH59xBLE.a(sm.o)
                0x000000000000da18                SM_VerifyAuthenSig
 .text.SM_ProcessEvent
                0x000000000000db68       0xb4 C:\Users\bitshen\Desktop\WKnob-main\LIB\libCH59xBLE.a(sm.o)
                0x000000000000db68                SM_ProcessEvent
 .text.SM_ParamInit
                0x000000000000dc1c       0x66 C:\Users\bitshen\Desktop\WKnob-main\LIB\libCH59xBLE.a(sm.o)
                0x000000000000dc1c                SM_ParamInit
 .text.SM_InitiatorInit
                0x000000000000dc82       0x22 C:\Users\bitshen\Desktop\WKnob-main\LIB\libCH59xBLE.a(sm.o)
                0x000000000000dc82                SM_InitiatorInit
 .text.SM_ResponderInit
                0x000000000000dca4       0x22 C:\Users\bitshen\Desktop\WKnob-main\LIB\libCH59xBLE.a(sm.o)
                0x000000000000dca4                SM_ResponderInit
 .text.SM_Init  0x000000000000dcc6       0x2a C:\Users\bitshen\Desktop\WKnob-main\LIB\libCH59xBLE.a(sm.o)
                0x000000000000dcc6                SM_Init
 .text.smpInitiatorProcessPairingRsp
                0x000000000000dcf0      0x26e C:\Users\bitshen\Desktop\WKnob-main\LIB\libCH59xBLE.a(sm_initiator.o)
                0x000000000000dcf0                smpInitiatorProcessPairingRsp
 .text.smInitiatorSendNextKeyInfo
                0x000000000000df5e      0x26e C:\Users\bitshen\Desktop\WKnob-main\LIB\libCH59xBLE.a(sm_initiator.o)
                0x000000000000df5e                smInitiatorSendNextKeyInfo
 .text.setupInitiatorKeys
                0x000000000000e1cc       0x88 C:\Users\bitshen\Desktop\WKnob-main\LIB\libCH59xBLE.a(sm_initiator.o)
 .text.smpInitiatorProcessIncoming
                0x000000000000e254      0x418 C:\Users\bitshen\Desktop\WKnob-main\LIB\libCH59xBLE.a(sm_initiator.o)
                0x000000000000e254                smpInitiatorProcessIncoming
 .text.smpBuildPairingReqRsp
                0x000000000000e66c       0xc6 C:\Users\bitshen\Desktop\WKnob-main\LIB\libCH59xBLE.a(sm_pdu.o)
 .text.smpBuildPairingReq
                0x000000000000e732        0xa C:\Users\bitshen\Desktop\WKnob-main\LIB\libCH59xBLE.a(sm_pdu.o)
                0x000000000000e732                smpBuildPairingReq
 .text.smpBuildPairingRsp
                0x000000000000e73c        0xa C:\Users\bitshen\Desktop\WKnob-main\LIB\libCH59xBLE.a(sm_pdu.o)
                0x000000000000e73c                smpBuildPairingRsp
 .text.smpBuildPairingConfirm
                0x000000000000e746       0x30 C:\Users\bitshen\Desktop\WKnob-main\LIB\libCH59xBLE.a(sm_pdu.o)
                0x000000000000e746                smpBuildPairingConfirm
 .text.smpBuildPairingRandom
                0x000000000000e776       0x30 C:\Users\bitshen\Desktop\WKnob-main\LIB\libCH59xBLE.a(sm_pdu.o)
                0x000000000000e776                smpBuildPairingRandom
 .text.smpBuildEncInfo
                0x000000000000e7a6       0x30 C:\Users\bitshen\Desktop\WKnob-main\LIB\libCH59xBLE.a(sm_pdu.o)
                0x000000000000e7a6                smpBuildEncInfo
 .text.smpBuildMasterID
                0x000000000000e7d6       0x44 C:\Users\bitshen\Desktop\WKnob-main\LIB\libCH59xBLE.a(sm_pdu.o)
                0x000000000000e7d6                smpBuildMasterID
 .text.smpBuildIdentityInfo
                0x000000000000e81a       0x30 C:\Users\bitshen\Desktop\WKnob-main\LIB\libCH59xBLE.a(sm_pdu.o)
                0x000000000000e81a                smpBuildIdentityInfo
 .text.smpBuildIdentityAddrInfo
                0x000000000000e84a       0x3a C:\Users\bitshen\Desktop\WKnob-main\LIB\libCH59xBLE.a(sm_pdu.o)
                0x000000000000e84a                smpBuildIdentityAddrInfo
 .text.smpBuildSigningInfo
                0x000000000000e884       0x30 C:\Users\bitshen\Desktop\WKnob-main\LIB\libCH59xBLE.a(sm_pdu.o)
                0x000000000000e884                smpBuildSigningInfo
 .text.smpBuildPublicKey
                0x000000000000e8b4       0x32 C:\Users\bitshen\Desktop\WKnob-main\LIB\libCH59xBLE.a(sm_pdu.o)
                0x000000000000e8b4                smpBuildPublicKey
 .text.smpBuildDHKey
                0x000000000000e8e6       0x30 C:\Users\bitshen\Desktop\WKnob-main\LIB\libCH59xBLE.a(sm_pdu.o)
                0x000000000000e8e6                smpBuildDHKey
 .text.smpBuildPairingFailed
                0x000000000000e916       0x1a C:\Users\bitshen\Desktop\WKnob-main\LIB\libCH59xBLE.a(sm_pdu.o)
                0x000000000000e916                smpBuildPairingFailed
 .text.smGeneratePairingReq
                0x000000000000e930       0x30 C:\Users\bitshen\Desktop\WKnob-main\LIB\libCH59xBLE.a(sm_pdu.o)
                0x000000000000e930                smGeneratePairingReq
 .text.smGeneratePairingRsp
                0x000000000000e960       0x30 C:\Users\bitshen\Desktop\WKnob-main\LIB\libCH59xBLE.a(sm_pdu.o)
                0x000000000000e960                smGeneratePairingRsp
 .text.smGenerateConfirm
                0x000000000000e990       0x34 C:\Users\bitshen\Desktop\WKnob-main\LIB\libCH59xBLE.a(sm_pdu.o)
                0x000000000000e990                smGenerateConfirm
 .text.smGenerateRandMsg
                0x000000000000e9c4       0x34 C:\Users\bitshen\Desktop\WKnob-main\LIB\libCH59xBLE.a(sm_pdu.o)
                0x000000000000e9c4                smGenerateRandMsg
 .text.smGeneratePairingPublicKey
                0x000000000000e9f8       0x64 C:\Users\bitshen\Desktop\WKnob-main\LIB\libCH59xBLE.a(sm_pdu.o)
                0x000000000000e9f8                smGeneratePairingPublicKey
 .text.smGeneratePairingDHKeyCheck
                0x000000000000ea5c      0x250 C:\Users\bitshen\Desktop\WKnob-main\LIB\libCH59xBLE.a(sm_pdu.o)
                0x000000000000ea5c                smGeneratePairingDHKeyCheck
 .text.smPairingSendEncInfo
                0x000000000000ecac       0x10 C:\Users\bitshen\Desktop\WKnob-main\LIB\libCH59xBLE.a(sm_pdu.o)
                0x000000000000ecac                smPairingSendEncInfo
 .text.smPairingSendIdentityAddrInfo
                0x000000000000ecbc       0x38 C:\Users\bitshen\Desktop\WKnob-main\LIB\libCH59xBLE.a(sm_pdu.o)
                0x000000000000ecbc                smPairingSendIdentityAddrInfo
 .text.smPairingSendIdentityInfo
                0x000000000000ecf4       0x10 C:\Users\bitshen\Desktop\WKnob-main\LIB\libCH59xBLE.a(sm_pdu.o)
                0x000000000000ecf4                smPairingSendIdentityInfo
 .text.smPairingSendMasterID
                0x000000000000ed04       0x38 C:\Users\bitshen\Desktop\WKnob-main\LIB\libCH59xBLE.a(sm_pdu.o)
                0x000000000000ed04                smPairingSendMasterID
 .text.smPairingSendSingingInfo
                0x000000000000ed3c       0x10 C:\Users\bitshen\Desktop\WKnob-main\LIB\libCH59xBLE.a(sm_pdu.o)
                0x000000000000ed3c                smPairingSendSingingInfo
 .text.smResponderSendNextKeyInfo
                0x000000000000ed4c      0x2e6 C:\Users\bitshen\Desktop\WKnob-main\LIB\libCH59xBLE.a(sm_responding.o)
                0x000000000000ed4c                smResponderSendNextKeyInfo
 .text.smResponderProcessLTKReq
                0x000000000000f032      0x1b6 C:\Users\bitshen\Desktop\WKnob-main\LIB\libCH59xBLE.a(sm_responding.o)
                0x000000000000f032                smResponderProcessLTKReq
 .text.smpResponderProcessIncoming
                0x000000000000f1e8      0x6f2 C:\Users\bitshen\Desktop\WKnob-main\LIB\libCH59xBLE.a(sm_responding.o)
                0x000000000000f1e8                smpResponderProcessIncoming
 .text.xor_128  0x000000000000f8da       0x28 C:\Users\bitshen\Desktop\WKnob-main\LIB\libCH59xBLE.a(sm_toolbox.o)
                0x000000000000f8da                xor_128
 .text.leftshift_onebit
                0x000000000000f902       0x2e C:\Users\bitshen\Desktop\WKnob-main\LIB\libCH59xBLE.a(sm_toolbox.o)
                0x000000000000f902                leftshift_onebit
 .text.padding  0x000000000000f930       0x38 C:\Users\bitshen\Desktop\WKnob-main\LIB\libCH59xBLE.a(sm_toolbox.o)
                0x000000000000f930                padding
 .text.generate_subkey
                0x000000000000f968       0xd4 C:\Users\bitshen\Desktop\WKnob-main\LIB\libCH59xBLE.a(sm_toolbox.o)
                0x000000000000f968                generate_subkey
 .text.sm_xor   0x000000000000fa3c       0x24 C:\Users\bitshen\Desktop\WKnob-main\LIB\libCH59xBLE.a(sm_toolbox.o)
                0x000000000000fa3c                sm_xor
 .text.sm_ah    0x000000000000fa60       0x90 C:\Users\bitshen\Desktop\WKnob-main\LIB\libCH59xBLE.a(sm_toolbox.o)
                0x000000000000fa60                sm_ah
 .text.sm_c1new
                0x000000000000faf0      0x144 C:\Users\bitshen\Desktop\WKnob-main\LIB\libCH59xBLE.a(sm_toolbox.o)
                0x000000000000faf0                sm_c1new
 .text.sm_s1    0x000000000000fc34       0x96 C:\Users\bitshen\Desktop\WKnob-main\LIB\libCH59xBLE.a(sm_toolbox.o)
                0x000000000000fc34                sm_s1
 .text.sm_CMAC  0x000000000000fcca      0x172 C:\Users\bitshen\Desktop\WKnob-main\LIB\libCH59xBLE.a(sm_toolbox.o)
                0x000000000000fcca                sm_CMAC
 .text.HOST_LE_ConnectionCompleteEvent
                0x000000000000fe3c       0xca C:\Users\bitshen\Desktop\WKnob-main\LIB\libCH59xBLE.a(host_input.o)
                0x000000000000fe3c                HOST_LE_ConnectionCompleteEvent
 .text.HOST_LE_ConnectionUpdateCompleteEvent
                0x000000000000ff06       0x60 C:\Users\bitshen\Desktop\WKnob-main\LIB\libCH59xBLE.a(host_input.o)
                0x000000000000ff06                HOST_LE_ConnectionUpdateCompleteEvent
 .text.HOST_LE_ReadRemoteUsedFeaturesCompleteEvent
                0x000000000000ff66       0x66 C:\Users\bitshen\Desktop\WKnob-main\LIB\libCH59xBLE.a(host_input.o)
                0x000000000000ff66                HOST_LE_ReadRemoteUsedFeaturesCompleteEvent
 .text.HOST_LE_LongTermKeyRequestEvent
                0x000000000000ffcc       0x64 C:\Users\bitshen\Desktop\WKnob-main\LIB\libCH59xBLE.a(host_input.o)
                0x000000000000ffcc                HOST_LE_LongTermKeyRequestEvent
 .text.HOST_LE_RemoteConnectionParameterRequestEvent
                0x0000000000010030       0x60 C:\Users\bitshen\Desktop\WKnob-main\LIB\libCH59xBLE.a(host_input.o)
                0x0000000000010030                HOST_LE_RemoteConnectionParameterRequestEvent
 .text.HOST_RemoteConnectionParameterRequestEvent
                0x0000000000010090       0x42 C:\Users\bitshen\Desktop\WKnob-main\LIB\libCH59xBLE.a(host_input.o)
                0x0000000000010090                HOST_RemoteConnectionParameterRequestEvent