Archive member included to satisfy reference by file (symbol)

C:\Users\bitshen\Desktop\git\光度\光度\Broadcaster-CH592\StdPeriphDriver\libISP592.a(ISP583.o)
                              ./StdPeriphDriver/CH59x_flash.o (FLASH_EEPROM_CMD)
C:\Users\bitshen\Desktop\git\光度\光度\Broadcaster-CH592\LIB\libCH59xBLE.a(message.o)
                              ./HAL/MCU.o (tmos_msg_deallocate)
C:\Users\bitshen\Desktop\git\光度\光度\Broadcaster-CH592\LIB\libCH59xBLE.a(tmos.o)
                              ./Profile/devinfoservice.o (tmos_memcpy)
C:\Users\bitshen\Desktop\git\光度\光度\Broadcaster-CH592\LIB\libCH59xBLE.a(tmos_hw.o)
                              C:\Users\bitshen\Desktop\git\光度\光度\Broadcaster-CH592\LIB\libCH59xBLE.a(tmos.o) (bleClock_t)
C:\Users\bitshen\Desktop\git\光度\光度\Broadcaster-CH592\LIB\libCH59xBLE.a(tmos_snv.o)
                              C:\Users\bitshen\Desktop\git\光度\光度\Broadcaster-CH592\LIB\libCH59xBLE.a(tmos.o) (tmos_snv_init)
C:\Users\bitshen\Desktop\git\光度\光度\Broadcaster-CH592\LIB\libCH59xBLE.a(gap.o)
                              ./APP/broadcaster.o (GAP_SetParamValue)
C:\Users\bitshen\Desktop\git\光度\光度\Broadcaster-CH592\LIB\libCH59xBLE.a(gap_central.o)
                              C:\Users\bitshen\Desktop\git\光度\光度\Broadcaster-CH592\LIB\libCH59xBLE.a(gap.o) (gapProcessPeriodicAdvertisingSyncEstablishedEvt)
C:\Users\bitshen\Desktop\git\光度\光度\Broadcaster-CH592\LIB\libCH59xBLE.a(gap_peripheral.o)
                              ./APP/broadcaster.o (GAP_UpdateAdvertisingData)
C:\Users\bitshen\Desktop\git\光度\光度\Broadcaster-CH592\LIB\libCH59xBLE.a(gatt_uuid.o)
                              ./Profile/devinfoservice.o (characterUUID)
C:\Users\bitshen\Desktop\git\光度\光度\Broadcaster-CH592\LIB\libCH59xBLE.a(gattservapp.o)
                              ./Profile/devinfoservice.o (GATTServApp_RegisterService)
C:\Users\bitshen\Desktop\git\光度\光度\Broadcaster-CH592\LIB\libCH59xBLE.a(l2cap.o)
                              C:\Users\bitshen\Desktop\git\光度\光度\Broadcaster-CH592\LIB\libCH59xBLE.a(gattservapp.o) (L2CAP_GetMTU)
C:\Users\bitshen\Desktop\git\光度\光度\Broadcaster-CH592\LIB\libCH59xBLE.a(l2cap_input.o)
                              C:\Users\bitshen\Desktop\git\光度\光度\Broadcaster-CH592\LIB\libCH59xBLE.a(l2cap.o) (l2capProcessRxData)
C:\Users\bitshen\Desktop\git\光度\光度\Broadcaster-CH592\LIB\libCH59xBLE.a(l2cap_output.o)
                              C:\Users\bitshen\Desktop\git\光度\光度\Broadcaster-CH592\LIB\libCH59xBLE.a(l2cap_input.o) (l2capNotifyData)
C:\Users\bitshen\Desktop\git\光度\光度\Broadcaster-CH592\LIB\libCH59xBLE.a(l2cap_sdu.o)
                              C:\Users\bitshen\Desktop\git\光度\光度\Broadcaster-CH592\LIB\libCH59xBLE.a(l2cap_input.o) (l2capBuildDisconnectRsp)
C:\Users\bitshen\Desktop\git\光度\光度\Broadcaster-CH592\LIB\libCH59xBLE.a(linkdb.o)
                              C:\Users\bitshen\Desktop\git\光度\光度\Broadcaster-CH592\LIB\libCH59xBLE.a(l2cap.o) (linkDB_Init)
C:\Users\bitshen\Desktop\git\光度\光度\Broadcaster-CH592\LIB\libCH59xBLE.a(sm.o)
                              C:\Users\bitshen\Desktop\git\光度\光度\Broadcaster-CH592\LIB\libCH59xBLE.a(gap.o) (smFreePairingParams)
C:\Users\bitshen\Desktop\git\光度\光度\Broadcaster-CH592\LIB\libCH59xBLE.a(sm_initiator.o)
                              C:\Users\bitshen\Desktop\git\光度\光度\Broadcaster-CH592\LIB\libCH59xBLE.a(sm.o) (smInitiatorSendNextKeyInfo)
C:\Users\bitshen\Desktop\git\光度\光度\Broadcaster-CH592\LIB\libCH59xBLE.a(sm_pdu.o)
                              C:\Users\bitshen\Desktop\git\光度\光度\Broadcaster-CH592\LIB\libCH59xBLE.a(sm.o) (smpBuildPairingReq)
C:\Users\bitshen\Desktop\git\光度\光度\Broadcaster-CH592\LIB\libCH59xBLE.a(sm_responding.o)
                              C:\Users\bitshen\Desktop\git\光度\光度\Broadcaster-CH592\LIB\libCH59xBLE.a(sm.o) (smResponderSendNextKeyInfo)
C:\Users\bitshen\Desktop\git\光度\光度\Broadcaster-CH592\LIB\libCH59xBLE.a(sm_toolbox.o)
                              C:\Users\bitshen\Desktop\git\光度\光度\Broadcaster-CH592\LIB\libCH59xBLE.a(sm.o) (sm_ah)
C:\Users\bitshen\Desktop\git\光度\光度\Broadcaster-CH592\LIB\libCH59xBLE.a(host_input.o)
                              C:\Users\bitshen\Desktop\git\光度\光度\Broadcaster-CH592\LIB\libCH59xBLE.a(gap.o) (gBleHostPara)
C:\Users\bitshen\Desktop\git\光度\光度\Broadcaster-CH592\LIB\libCH59xBLE.a(host_output.o)
                              C:\Users\bitshen\Desktop\git\光度\光度\Broadcaster-CH592\LIB\libCH59xBLE.a(gap.o) (HCI_DisconnectCmd)
C:\Users\bitshen\Desktop\git\光度\光度\Broadcaster-CH592\LIB\libCH59xBLE.a(ll_connect.o)
                              C:\Users\bitshen\Desktop\git\光度\光度\Broadcaster-CH592\LIB\libCH59xBLE.a(tmos.o) (LL_GetNextConnectEventTime)
C:\Users\bitshen\Desktop\git\光度\光度\Broadcaster-CH592\LIB\libCH59xBLE.a(ll_core.o)
                              C:\Users\bitshen\Desktop\git\光度\光度\Broadcaster-CH592\LIB\libCH59xBLE.a(ll_connect.o) (LL_CoreGetCore)
C:\Users\bitshen\Desktop\git\光度\光度\Broadcaster-CH592\LIB\libCH59xBLE.a(ll_hop.o)
[...]
Memory Configuration

Name             Origin             Length             Attributes
FLASH            0x0000000000000000 0x0000000000070000 xr
RAM              0x0000000020000000 0x0000000000006800 xrw
*default*        0x0000000000000000 0xffffffffffffffff

Linker script and memory map

LOAD ./StdPeriphDriver/CH59x_adc.o
LOAD ./StdPeriphDriver/CH59x_clk.o
LOAD ./StdPeriphDriver/CH59x_flash.o
LOAD ./StdPeriphDriver/CH59x_gpio.o
LOAD ./StdPeriphDriver/CH59x_i2c.o
LOAD ./StdPeriphDriver/CH59x_lcd.o
LOAD ./StdPeriphDriver/CH59x_pwr.o
LOAD ./StdPeriphDriver/CH59x_sys.o
LOAD ./StdPeriphDriver/CH59x_uart1.o
LOAD ./Startup/startup_CH592.o
LOAD ./RVMSIS/core_riscv.o
LOAD ./Profile/devinfoservice.o
LOAD ./LIB/ble_task_scheduler.o
LOAD ./HAL/MCU.o
LOAD ./HAL/RTC.o
LOAD ./HAL/SLEEP.o
LOAD ./APP/app_i2c.o
LOAD ./APP/broadcaster.o
LOAD ./APP/broadcaster_main.o
LOAD C:\Users\bitshen\Desktop\git\光度\光度\Broadcaster-CH592\StdPeriphDriver\libISP592.a
LOAD C:\Users\bitshen\Desktop\git\光度\光度\Broadcaster-CH592\LIB\libCH59xBLE.a
LOAD e:/mounriver/mounriver_studio/toolchain/risc-v embedded gcc12/bin/../lib/gcc/riscv-none-elf/12.2.0/../../../../riscv-none-elf/lib\libprintfloat.a
LOAD e:/mounriver/mounriver_studio/toolchain/risc-v embedded gcc12/bin/../lib/gcc/riscv-none-elf/12.2.0\libgcc.a
LOAD e:/mounriver/mounriver_studio/toolchain/risc-v embedded gcc12/bin/../lib/gcc/riscv-none-elf/12.2.0/../../../../riscv-none-elf/lib\libg_nano.a
LOAD e:/mounriver/mounriver_studio/toolchain/risc-v embedded gcc12/bin/../lib/gcc/riscv-none-elf/12.2.0/../../../../riscv-none-elf/lib\libc_nano.a
LOAD e:/mounriver/mounriver_studio/toolchain/risc-v embedded gcc12/bin/../lib/gcc/riscv-none-elf/12.2.0\libgcc.a
START GROUP
LOAD e:/mounriver/mounriver_studio/toolchain/risc-v embedded gcc12/bin/../lib/gcc/riscv-none-elf/12.2.0\libgcc.a
LOAD e:/mounriver/mounriver_studio/toolchain/risc-v embedded gcc12/bin/../lib/gcc/riscv-none-elf/12.2.0/../../../../riscv-none-elf/lib\libc_nano.a
LOAD e:/mounriver/mounriver_studio/toolchain/risc-v embedded gcc12/bin/../lib/gcc/riscv-none-elf/12.2.0/../../../../riscv-none-elf/lib\libnosys.a
END GROUP
START GROUP
LOAD e:/mounriver/mounriver_studio/toolchain/risc-v embedded gcc12/bin/../lib/gcc/riscv-none-elf/12.2.0\libgcc.a
LOAD e:/mounriver/mounriver_studio/toolchain/risc-v embedded gcc12/bin/../lib/gcc/riscv-none-elf/12.2.0/../../../../riscv-none-elf/lib\libc_nano.a
LOAD e:/mounriver/mounriver_studio/toolchain/risc-v embedded gcc12/bin/../lib/gcc/riscv-none-elf/12.2.0/../../../../riscv-none-elf/lib\libnosys.a
END GROUP

.init           0x0000000000000000        0x4
                0x0000000000000000                _sinit = .
                0x0000000000000000                . = ALIGN (0x4)
 *(SORT_NONE(.init))
 .init          0x0000000000000000        0x4 ./Startup/startup_CH592.o
                0x0000000000000000                _start
                0x0000000000000004                . = ALIGN (0x4)
                0x0000000000000004                _einit = .

.highcodelalign
                0x0000000000000004        0x0
                0x0000000000000004                . = ALIGN (0x4)
                0x0000000000000004                PROVIDE (_highcode_lma = .)

.highcode       0x0000000020000000     0x2650 load address 0x0000000000000004
                0x0000000020000000                . = ALIGN (0x4)
                0x0000000020000000                PROVIDE (_highcode_vma_start = .)
 *(.vector)
 .vector        0x0000000020000000       0x90 ./Startup/startup_CH592.o
 *(SORT_NONE(.vector_handler))
 .vector_handler
                0x0000000020000090        0x2 ./Startup/startup_CH592.o
                0x0000000020000090                GPIOA_IRQHandler
                0x0000000020000090                SysTick_Handler
                0x0000000020000090                NMI_Handler
                0x0000000020000090                UART1_IRQHandler
                0x0000000020000090                UART0_IRQHandler
                0x0000000020000090                BB_IRQHandler
                0x0000000020000090                Break_Point_Handler
                0x0000000020000090                TMR0_IRQHandler
                0x0000000020000090                UART2_IRQHandler
                0x0000000020000090                PWMX_IRQHandler
                0x0000000020000090                ADC_IRQHandler
                0x0000000020000090                TMR2_IRQHandler
                0x0000000020000090                USB_IRQHandler
                0x0000000020000090                WDOG_BAT_IRQHandler
                0x0000000020000090                TMR3_IRQHandler
                0x0000000020000090                SW_Handler
                0x0000000020000090                SPI0_IRQHandler
                0x0000000020000090                UART3_IRQHandler
                0x0000000020000090                TMR1_IRQHandler
 *(.highcode)
 .highcode      0x0000000020000092      0x4e0 ./StdPeriphDriver/CH59x_pwr.o
                0x0000000020000092                LowPower_Idle
                0x00000000200000ce                LowPower_Halt
                0x00000000200001f4                LowPower_Sleep
                0x00000000200003fc                LowPower_Shutdown
 .highcode      0x0000000020000572      0x2b4 ./StdPeriphDriver/CH59x_sys.o
                0x0000000020000572                SetSysClock
                0x0000000020000714                SYS_ResetExecute
                0x000000002000076e                HardFault_Handler
                0x00000000200007f0                mDelayuS
                0x00000000200007fe                mDelaymS
 *fill*         0x0000000020000826        0x2 
 .highcode      0x0000000020000828       0x4e ./LIB/ble_task_scheduler.o
                0x0000000020000828                Ecall_U_Mode_Handler
                0x0000000020000828                Ecall_M_Mode_Handler
 .highcode      0x0000000020000876       0x2e ./HAL/RTC.o
                0x000000002000088e                RTC_IRQHandler
 .highcode      0x00000000200008a4      0x430 ./APP/app_i2c.o
                0x00000000200008a4                I2C_IRQHandler
 .highcode      0x0000000020000cd4      0x680 ./APP/broadcaster.o
                0x0000000020000cd4                sample_battery_voltage
                0x0000000020000d5a                opt3001_start
                0x0000000020000d94                opt3001_read_lux
                0x0000000020000e08                read_sht4x_data
                0x0000000020000f68                Read_GPIO_PB12
                0x0000000020000f72                convert_24bit_twos_complement
                0x0000000020000f8a                read_spl06_data
                0x00000000200011de                lis2dw12_write_reg
                0x0000000020001202                LIS2DW12_ReadSingleConversion
                0x00000000200012c6                update_advert_data
 .highcode      0x0000000020001354       0x28 ./APP/broadcaster_main.o
                0x0000000020001354                Main_Circulation
                0x000000002000135e                GPIOB_IRQHandler
 .highcode      0x000000002000137c      0x426 C:\Users\bitshen\Desktop\git\光度\光度\Broadcaster-CH592\StdPeriphDriver\libISP592.a(ISP583.o)
                0x000000002000137c                FLASH_ROM_BEG
                0x000000002000138e                FLASH_ROM_END
                0x000000002000139c                FLASH_ROM_IN
                0x00000000200013aa                FLASH_ROM_OUT
                0x00000000200013b8                FLASH_ROM_ADDR
                0x0000000020001400                FLASH_ROM_WAIT
                0x0000000020001438                FLASH_EEPROM_CMD
 .highcode      0x00000000200017a2      0x56e C:\Users\bitshen\Desktop\git\光度\光度\Broadcaster-CH592\LIB\libCH59xBLE.a(tmos.o)
                0x00000000200017a2                tmos_memcpy
                0x00000000200017dc                tmos_memcpy_word
                0x000000002000180c                tmos_memset
                0x000000002000183a                tmos_strlen
                0x0000000020001866                tmos_memdup
                0x00000000200018b4                tmos_memcmp
                0x00000000200018fe                tmos_revmemcpy
                0x0000000020001932                tmos_isbufset
                0x0000000020001ab4                ble_controller_func
                0x0000000020001af4                TMOS_SystemProcess
 .highcode      0x0000000020001d10       0x36 C:\Users\bitshen\Desktop\git\光度\光度\Broadcaster-CH592\LIB\libCH59xBLE.a(tmos_hw.o)
 .highcode      0x0000000020001d46       0x4e C:\Users\bitshen\Desktop\git\光度\光度\Broadcaster-CH592\LIB\libCH59xBLE.a(ll_whitelist.o)
                0x0000000020001d46                LL_WhitelistLookup
 .highcode      0x0000000020001d94      0x10c C:\Users\bitshen\Desktop\git\光度\光度\Broadcaster-CH592\LIB\libCH59xBLE.a(bb.o)
                0x0000000020001d94                BB_IRQLibHandler
                0x0000000020001e9a                BB_IRQLibFunction
 .highcode      0x0000000020001ea0      0x1e6 C:\Users\bitshen\Desktop\git\光度\光度\Broadcaster-CH592\LIB\libCH59xBLE.a(ip.o)
                0x0000000020001ea0                ll_rx_wait_finish
                0x0000000020001ede                ble_ll_chkcrc
                0x0000000020001f70                ll_tx_wait_finish
 .highcode      0x0000000020002086      0x1f8 C:\Users\bitshen\Desktop\git\光度\光度\Broadcaster-CH592\LIB\libCH59xBLE.a(lle.o)
                0x0000000020002086                LLE_IRQSubHandler
 .highcode      0x000000002000227e       0x3a C:\Users\bitshen\Desktop\git\光度\光度\Broadcaster-CH592\LIB\libCH59xBLE.a(rfend.o)
                0x000000002000227e                RFEND_WaitTune
 .highcode      0x00000000200022b8      0x1ee C:\Users\bitshen\Desktop\git\光度\光度\Broadcaster-CH592\LIB\libCH59xBLE.a(memory.o)
                0x00000000200022b8                tmos_memory_allocate
                0x00000000200023a6                tmos_memory_free
 .highcode      0x00000000200024a6       0xd8 C:\Users\bitshen\Desktop\git\光度\光度\Broadcaster-CH592\LIB\libCH59xBLE.a(ll_resolvinglist.o)
                0x00000000200024a6                LL_ResolvinglistPeerIdentifyAddressGetIrk
                0x00000000200024fa                LL_ResolvinglistPeerRpaAddressGetIrk
                0x000000002000253c                LL_ResolvinglistLocalRpaAddressGetIrk
 *(.highcode.*)
 *fill*         0x000000002000257e        0x2 
 .highcode.LLE_IRQHandler
                0x0000000020002580       0x86 ./LIB/ble_task_scheduler.o
                0x0000000020002580                LLE_IRQHandler
 *fill*         0x0000000020002606        0x2 
 .highcode.ble_controller_scheduler
                0x0000000020002608        0xa C:\Users\bitshen\Desktop\git\光度\光度\Broadcaster-CH592\LIB\libCH59xBLE.a(ble_task_process.o)
 *fill*         0x0000000020002612        0x2 
 .highcode.LLE_IRQLibHandler
                0x0000000020002614       0x3a C:\Users\bitshen\Desktop\git\光度\光度\Broadcaster-CH592\LIB\libCH59xBLE.a(ble_task_process.o)
                0x0000000020002614                LLE_IRQLibHandler
                0x0000000020002650                . = ALIGN (0x4)
 *fill*         0x000000002000264e        0x2 
                0x0000000020002650                PROVIDE (_highcode_vma_end = .)

.text           0x0000000000002654    0x1dd30
                0x0000000000002654                . = ALIGN (0x4)
 *(SORT_NONE(.handle_reset))
 .handle_reset  0x0000000000002654       0xae ./Startup/startup_CH592.o
                0x0000000000002654                handle_reset
 *(.text)
 .text          0x0000000000002702       0x16 e:/mounriver/mounriver_studio/toolchain/risc-v embedded gcc12/bin/../lib/gcc/riscv-none-elf/12.2.0/../../../../riscv-none-elf/lib\libg_nano.a(lib_a-memcpy-asm.o)
                0x0000000000002702                memcpy
 *(.text.*)
 .text.ADC_DataCalib_Rough
                0x0000000000002718       0x92 ./StdPeriphDriver/CH59x_adc.o
                0x0000000000002718                ADC_DataCalib_Rough
 .text.ADC_InterBATSampInit
                0x00000000000027aa       0x2a ./StdPeriphDriver/CH59x_adc.o
                0x00000000000027aa                ADC_InterBATSampInit
 .text.ADC_ExcutSingleConver
                0x00000000000027d4       0x22 ./StdPeriphDriver/CH59x_adc.o
                0x00000000000027d4                ADC_ExcutSingleConver
 .text.HSECFG_Current
                0x00000000000027f6       0x4e ./StdPeriphDriver/CH59x_clk.o
                0x00000000000027f6                HSECFG_Current
 .text.RTC_InitTime
                0x0000000000002844      0x1e8 ./StdPeriphDriver/CH59x_clk.o
                0x0000000000002844                RTC_InitTime
 .text.RTC_GetCycle32k
                0x0000000000002a2c       0x18 ./StdPeriphDriver/CH59x_clk.o
                0x0000000000002a2c                RTC_GetCycle32k
 .text.GPIOA_ModeCfg
                0x0000000000002a44       0x9e ./StdPeriphDriver/CH59x_gpio.o
                0x0000000000002a44                GPIOA_ModeCfg
 .text.GPIOB_ModeCfg
                0x0000000000002ae2       0x9e ./StdPeriphDriver/CH59x_gpio.o
                0x0000000000002ae2                GPIOB_ModeCfg
 .text.GPIOB_ITModeCfg
                0x0000000000002b80       0x7e ./StdPeriphDriver/CH59x_gpio.o
                0x0000000000002b80                GPIOB_ITModeCfg
 .text.I2C_GenerateSTART
                0x0000000000002bfe       0x22 ./StdPeriphDriver/CH59x_i2c.o
                0x0000000000002bfe                I2C_GenerateSTART
 .text.I2C_GenerateSTOP
                0x0000000000002c20       0x22 ./StdPeriphDriver/CH59x_i2c.o
                0x0000000000002c20                I2C_GenerateSTOP
 .text.I2C_AcknowledgeConfig
                0x0000000000002c42       0x22 ./StdPeriphDriver/CH59x_i2c.o
                0x0000000000002c42                I2C_AcknowledgeConfig
 .text.I2C_ITConfig
                0x0000000000002c64       0x1e ./StdPeriphDriver/CH59x_i2c.o
                0x0000000000002c64                I2C_ITConfig
 .text.I2C_SendData
                0x0000000000002c82        0xa ./StdPeriphDriver/CH59x_i2c.o
                0x0000000000002c82                I2C_SendData
 .text.I2C_ReceiveData
                0x0000000000002c8c        0xe ./StdPeriphDriver/CH59x_i2c.o
                0x0000000000002c8c                I2C_ReceiveData
 .text.I2C_SoftwareResetCmd
                0x0000000000002c9a       0x1a ./StdPeriphDriver/CH59x_i2c.o
                0x0000000000002c9a                I2C_SoftwareResetCmd
 .text.I2C_Init
                0x0000000000002cb4      0x16c ./StdPeriphDriver/CH59x_i2c.o
                0x0000000000002cb4                I2C_Init
 .text.I2C_GetLastEvent
                0x0000000000002e20       0x16 ./StdPeriphDriver/CH59x_i2c.o
                0x0000000000002e20                I2C_GetLastEvent
 .text.I2C_ClearFlag
                0x0000000000002e36       0x12 ./StdPeriphDriver/CH59x_i2c.o
                0x0000000000002e36                I2C_ClearFlag
 .text.PWR_DCDCCfg
                0x0000000000002e48      0x120 ./StdPeriphDriver/CH59x_pwr.o
                0x0000000000002e48                PWR_DCDCCfg
 .text.PWR_PeriphWakeUpCfg
                0x0000000000002f68       0xfa ./StdPeriphDriver/CH59x_pwr.o
                0x0000000000002f68                PWR_PeriphWakeUpCfg
 .text.GetSysClock
                0x0000000000003062       0x3e ./StdPeriphDriver/CH59x_sys.o
                0x0000000000003062                GetSysClock
 .text.SYS_DisableAllIrq
                0x00000000000030a0       0x1c ./StdPeriphDriver/CH59x_sys.o
                0x00000000000030a0                SYS_DisableAllIrq
 .text.SYS_RecoverIrq
                0x00000000000030bc       0x14 ./StdPeriphDriver/CH59x_sys.o
                0x00000000000030bc                SYS_RecoverIrq
 .text.SYS_GetSysTickCnt
                0x00000000000030d0        0xa ./StdPeriphDriver/CH59x_sys.o
                0x00000000000030d0                SYS_GetSysTickCnt
 .text.HAL_ProcessEvent
                0x00000000000030da       0x56 ./HAL/MCU.o
                0x00000000000030da                HAL_ProcessEvent
 .text.CH59x_BLEInit
                0x0000000000003130       0xec ./HAL/MCU.o
                0x0000000000003130                CH59x_BLEInit
 .text.HAL_Init
                0x000000000000321c       0x1c ./HAL/MCU.o
                0x000000000000321c                HAL_Init
 .text.RTC_SetTignTime
                0x0000000000003238       0x44 ./HAL/RTC.o
                0x0000000000003238                RTC_SetTignTime
 .text.HAL_TimeInit
                0x000000000000327c       0xbe ./HAL/RTC.o
                0x000000000000327c                HAL_TimeInit
 .text.CH59x_LowPower
                0x000000000000333a       0x8a ./HAL/SLEEP.o
                0x000000000000333a                CH59x_LowPower
 .text.HAL_SleepInit
                0x00000000000033c4       0x8a ./HAL/SLEEP.o
                0x00000000000033c4                HAL_SleepInit
 .text.i2c_app_init
                0x000000000000344e       0x5a ./APP/app_i2c.o
                0x000000000000344e                i2c_app_init
 .text.i2c_write_to
                0x00000000000034a8       0xd6 ./APP/app_i2c.o
                0x00000000000034a8                i2c_write_to
 .text.i2c_read_from
                0x000000000000357e      0x10a ./APP/app_i2c.o
                0x000000000000357e                i2c_read_from
 .text.Broadcaster_StateNotificationCB
                0x0000000000003688        0x2 ./APP/broadcaster.o
 .text.voltage_to_percentage
                0x000000000000368a       0x3c ./APP/broadcaster.o
                0x000000000000368a                voltage_to_percentage
 .text.get_battery_percentage
                0x00000000000036c6       0x7e ./APP/broadcaster.o
                0x00000000000036c6                get_battery_percentage
 .text.spl06_init
                0x0000000000003744      0x102 ./APP/broadcaster.o
                0x0000000000003744                spl06_init
 .text.LIS2DW12_Init
                0x0000000000003846       0xa0 ./APP/broadcaster.o
                0x0000000000003846                LIS2DW12_Init
 .text.Broadcaster_ProcessEvent
                0x00000000000038e6      0x146 ./APP/broadcaster.o
                0x00000000000038e6                Broadcaster_ProcessEvent
 .text.Broadcaster_Init
                0x0000000000003a2c       0xaa ./APP/broadcaster.o
                0x0000000000003a2c                Broadcaster_Init
 .text.startup.main
                0x0000000000003ad6       0x62 ./APP/broadcaster_main.o
                0x0000000000003ad6                main
 .text.tmos_msg_enqueue
                0x0000000000003b38       0x1e C:\Users\bitshen\Desktop\git\光度\光度\Broadcaster-CH592\LIB\libCH59xBLE.a(message.o)
                0x0000000000003b38                tmos_msg_enqueue
 .text.tmos_msg_deallocate
                0x0000000000003b56       0x4e C:\Users\bitshen\Desktop\git\光度\光度\Broadcaster-CH592\LIB\libCH59xBLE.a(message.o)
                0x0000000000003b56                tmos_msg_deallocate
 .text.tmos_msg_allocate
                0x0000000000003ba4       0x68 C:\Users\bitshen\Desktop\git\光度\光度\Broadcaster-CH592\LIB\libCH59xBLE.a(message.o)
                0x0000000000003ba4                tmos_msg_allocate
 .text.tmos_msg_receive
                0x0000000000003c0c       0x86 C:\Users\bitshen\Desktop\git\光度\光度\Broadcaster-CH592\LIB\libCH59xBLE.a(message.o)
                0x0000000000003c0c                tmos_msg_receive
 .text.tmos_msg_send
                0x0000000000003c92       0x8c C:\Users\bitshen\Desktop\git\光度\光度\Broadcaster-CH592\LIB\libCH59xBLE.a(message.o)
                0x0000000000003c92                tmos_msg_send
 .text.tmos_msg_init
                0x0000000000003d1e        0xa C:\Users\bitshen\Desktop\git\光度\光度\Broadcaster-CH592\LIB\libCH59xBLE.a(message.o)
                0x0000000000003d1e                tmos_msg_init
 .text.tmosFindTask
                0x0000000000003d28       0x24 C:\Users\bitshen\Desktop\git\光度\光度\Broadcaster-CH592\LIB\libCH59xBLE.a(tmos.o)
 .text.TMOS_CB_PeriodicProcessEvent
                0x0000000000003d4c       0x86 C:\Users\bitshen\Desktop\git\光度\光度\Broadcaster-CH592\LIB\libCH59xBLE.a(tmos.o)
                0x0000000000003d4c                TMOS_CB_PeriodicProcessEvent
 .text.TMOS_CB_ProcessEvent
                0x0000000000003dd2       0x80 C:\Users\bitshen\Desktop\git\光度\光度\Broadcaster-CH592\LIB\libCH59xBLE.a(tmos.o)
                0x0000000000003dd2                TMOS_CB_ProcessEvent
 .text.tmos_rand
                0x0000000000003e52       0x70 C:\Users\bitshen\Desktop\git\光度\光度\Broadcaster-CH592\LIB\libCH59xBLE.a(tmos.o)
                0x0000000000003e52                tmos_rand
 .text.tmos_start_periodic_callback_task
                0x0000000000003ec2      0x11a C:\Users\bitshen\Desktop\git\光度\光度\Broadcaster-CH592\LIB\libCH59xBLE.a(tmos.o)
                0x0000000000003ec2                tmos_start_periodic_callback_task
 .text.tmos_set_event
                0x0000000000003fdc       0x46 C:\Users\bitshen\Desktop\git\光度\光度\Broadcaster-CH592\LIB\libCH59xBLE.a(tmos.o)
                0x0000000000003fdc                tmos_set_event
 .text.tmos_clear_event
                0x0000000000004022       0x4a C:\Users\bitshen\Desktop\git\光度\光度\Broadcaster-CH592\LIB\libCH59xBLE.a(tmos.o)
                0x0000000000004022                tmos_clear_event
 .text.tmos_update_callback_timer
                0x000000000000406c       0xde C:\Users\bitshen\Desktop\git\光度\光度\Broadcaster-CH592\LIB\libCH59xBLE.a(tmos.o)
                0x000000000000406c                tmos_update_callback_timer
 .text.tmos_start_task
                0x000000000000414a      0x15e C:\Users\bitshen\Desktop\git\光度\光度\Broadcaster-CH592\LIB\libCH59xBLE.a(tmos.o)
                0x000000000000414a                tmos_start_task
 .text.tmos_start_callback_task
                0x00000000000042a8       0xc2 C:\Users\bitshen\Desktop\git\光度\光度\Broadcaster-CH592\LIB\libCH59xBLE.a(tmos.o)
                0x00000000000042a8                tmos_start_callback_task
 .text.tmos_start_reload_task
                0x000000000000436a       0x72 C:\Users\bitshen\Desktop\git\光度\光度\Broadcaster-CH592\LIB\libCH59xBLE.a(tmos.o)
                0x000000000000436a                tmos_start_reload_task
 .text.tmos_stop_task
                0x00000000000043dc       0x6c C:\Users\bitshen\Desktop\git\光度\光度\Broadcaster-CH592\LIB\libCH59xBLE.a(tmos.o)
                0x00000000000043dc                tmos_stop_task
 .text.tmos_stop_callback_task
                0x0000000000004448       0x7c C:\Users\bitshen\Desktop\git\光度\光度\Broadcaster-CH592\LIB\libCH59xBLE.a(tmos.o)
                0x0000000000004448                tmos_stop_callback_task
 .text.tmos_get_task_timer
                0x00000000000044c4       0x7e C:\Users\bitshen\Desktop\git\光度\光度\Broadcaster-CH592\LIB\libCH59xBLE.a(tmos.o)
                0x00000000000044c4                tmos_get_task_timer
 .text.tmos_proces_idle
                0x0000000000004542      0x124 C:\Users\bitshen\Desktop\git\光度\光度\Broadcaster-CH592\LIB\libCH59xBLE.a(tmos.o)
                0x0000000000004542                tmos_proces_idle
 .text.TMOS_TimerRegister
                0x0000000000004666       0x1e C:\Users\bitshen\Desktop\git\光度\光度\Broadcaster-CH592\LIB\libCH59xBLE.a(tmos.o)
                0x0000000000004666                TMOS_TimerRegister
 .text.TMOS_ProcessRegister
                0x0000000000004684       0x16 C:\Users\bitshen\Desktop\git\光度\光度\Broadcaster-CH592\LIB\libCH59xBLE.a(tmos.o)
                0x0000000000004684                TMOS_ProcessRegister
 .text.TMOS_SysRegister
                0x000000000000469a       0x16 C:\Users\bitshen\Desktop\git\光度\光度\Broadcaster-CH592\LIB\libCH59xBLE.a(tmos.o)
                0x000000000000469a                TMOS_SysRegister
 .text.TMOS_Init
                0x00000000000046b0      0x13e C:\Users\bitshen\Desktop\git\光度\光度\Broadcaster-CH592\LIB\libCH59xBLE.a(tmos.o)
                0x00000000000046b0                TMOS_Init
 .text.TMOS_ProcessEventRegister
                0x00000000000047ee       0x3c C:\Users\bitshen\Desktop\git\光度\光度\Broadcaster-CH592\LIB\libCH59xBLE.a(tmos.o)
                0x00000000000047ee                TMOS_ProcessEventRegister
 .text.BLE_LibInit
                0x000000000000482a      0x14c C:\Users\bitshen\Desktop\git\光度\光度\Broadcaster-CH592\LIB\libCH59xBLE.a(tmos.o)
                0x000000000000482a                BLE_LibInit
 .text.clockGetTickValve
                0x0000000000004976       0x7e C:\Users\bitshen\Desktop\git\光度\光度\Broadcaster-CH592\LIB\libCH59xBLE.a(tmos_hw.o)
 .text.ll_get_sca_own
                0x00000000000049f4       0x46 C:\Users\bitshen\Desktop\git\光度\光度\Broadcaster-CH592\LIB\libCH59xBLE.a(tmos_hw.o)
                0x00000000000049f4                ll_get_sca_own
 .text.ble_ll_common_rand8
                0x0000000000004a3a       0x24 C:\Users\bitshen\Desktop\git\光度\光度\Broadcaster-CH592\LIB\libCH59xBLE.a(tmos_hw.o)
                0x0000000000004a3a                ble_ll_common_rand8
 .text.ble_ll_common_rand16
                0x0000000000004a5e       0x24 C:\Users\bitshen\Desktop\git\光度\光度\Broadcaster-CH592\LIB\libCH59xBLE.a(tmos_hw.o)
                0x0000000000004a5e                ble_ll_common_rand16
 .text.ble_ll_common_rand32
                0x0000000000004a82       0x20 C:\Users\bitshen\Desktop\git\光度\光度\Broadcaster-CH592\LIB\libCH59xBLE.a(tmos_hw.o)
                0x0000000000004a82                ble_ll_common_rand32
 .text.TMOS_TempSample
                0x0000000000004aa2       0x62 C:\Users\bitshen\Desktop\git\光度\光度\Broadcaster-CH592\LIB\libCH59xBLE.a(tmos_hw.o)
                0x0000000000004aa2                TMOS_TempSample
 .text.TMOS_TimerInit
                0x0000000000004b04       0xec C:\Users\bitshen\Desktop\git\光度\光度\Broadcaster-CH592\LIB\libCH59xBLE.a(tmos_hw.o)
                0x0000000000004b04                TMOS_TimerInit
 .text.tmos_snv_init
                0x0000000000004bf0       0xc0 C:\Users\bitshen\Desktop\git\光度\光度\Broadcaster-CH592\LIB\libCH59xBLE.a(tmos_snv.o)
                0x0000000000004bf0                tmos_snv_init
 .text.tmos_snv_read
                0x0000000000004cb0      0x294 C:\Users\bitshen\Desktop\git\光度\光度\Broadcaster-CH592\LIB\libCH59xBLE.a(tmos_snv.o)
                0x0000000000004cb0                tmos_snv_read
 .text.tmos_snv_notify
                0x0000000000004f44       0x5a C:\Users\bitshen\Desktop\git\光度\光度\Broadcaster-CH592\LIB\libCH59xBLE.a(tmos_snv.o)
                0x0000000000004f44                tmos_snv_notify
 .text.tmos_snv_write
                0x0000000000004f9e      0x2d2 C:\Users\bitshen\Desktop\git\光度\光度\Broadcaster-CH592\LIB\libCH59xBLE.a(tmos_snv.o)
                0x0000000000004f9e                tmos_snv_write
 .text.tmos_snv_compact
                0x0000000000005270        0x4 C:\Users\bitshen\Desktop\git\光度\光度\Broadcaster-CH592\LIB\libCH59xBLE.a(tmos_snv.o)
                0x0000000000005270                tmos_snv_compact
 .text.disconnectNext
                0x0000000000005274       0x22 C:\Users\bitshen\Desktop\git\光度\光度\Broadcaster-CH592\LIB\libCH59xBLE.a(gap.o)
 .text.GAP_ParamInit
                0x0000000000005296      0x164 C:\Users\bitshen\Desktop\git\光度\光度\Broadcaster-CH592\LIB\libCH59xBLE.a(gap.o)
                0x0000000000005296                GAP_ParamInit
 .text.sendTerminateEvent
                0x00000000000053fa       0x58 C:\Users\bitshen\Desktop\git\光度\光度\Broadcaster-CH592\LIB\libCH59xBLE.a(gap.o)
                0x00000000000053fa                sendTerminateEvent
 .text.gapRegisterCentral
                0x0000000000005452        0x6 C:\Users\bitshen\Desktop\git\光度\光度\Broadcaster-CH592\LIB\libCH59xBLE.a(gap.o)
                0x0000000000005452                gapRegisterCentral
 .text.gapRegisterCentralConn
                0x0000000000005458        0x6 C:\Users\bitshen\Desktop\git\光度\光度\Broadcaster-CH592\LIB\libCH59xBLE.a(gap.o)
                0x0000000000005458                gapRegisterCentralConn
 .text.gapRegisterPeripheral
                0x000000000000545e        0x6 C:\Users\bitshen\Desktop\git\光度\光度\Broadcaster-CH592\LIB\libCH59xBLE.a(gap.o)
                0x000000000000545e                gapRegisterPeripheral
 .text.gapRegisterPeripheralConn
                0x0000000000005464        0x6 C:\Users\bitshen\Desktop\git\光度\光度\Broadcaster-CH592\LIB\libCH59xBLE.a(gap.o)
                0x0000000000005464                gapRegisterPeripheralConn
 .text.smGenerateRandBuf
                0x000000000000546a       0x56 C:\Users\bitshen\Desktop\git\光度\光度\Broadcaster-CH592\LIB\libCH59xBLE.a(gap.o)
                0x000000000000546a                smGenerateRandBuf
 .text.gapL2capConnParamUpdateReq
                0x00000000000054c0       0x36 C:\Users\bitshen\Desktop\git\光度\光度\Broadcaster-CH592\LIB\libCH59xBLE.a(gap.o)
                0x00000000000054c0                gapL2capConnParamUpdateReq
 .text.gapValidADType
                0x00000000000054f6       0x16 C:\Users\bitshen\Desktop\git\光度\光度\Broadcaster-CH592\LIB\libCH59xBLE.a(gap.o)
                0x00000000000054f6                gapValidADType
 .text.gapFindADType
                0x000000000000550c       0x92 C:\Users\bitshen\Desktop\git\光度\光度\Broadcaster-CH592\LIB\libCH59xBLE.a(gap.o)
                0x000000000000550c                gapFindADType
 .text.GAP_SecParamsInit
                0x000000000000559e       0xaa C:\Users\bitshen\Desktop\git\光度\光度\Broadcaster-CH592\LIB\libCH59xBLE.a(gap.o)
                0x000000000000559e                GAP_SecParamsInit
 .text.GAP_ParamsInit
                0x0000000000005648       0x50 C:\Users\bitshen\Desktop\git\光度\光度\Broadcaster-CH592\LIB\libCH59xBLE.a(gap.o)
                0x0000000000005648                GAP_ParamsInit
 .text.gapAddAddrAdj
                0x0000000000005698       0x48 C:\Users\bitshen\Desktop\git\光度\光度\Broadcaster-CH592\LIB\libCH59xBLE.a(gap.o)
                0x0000000000005698                gapAddAddrAdj
 .text.gapDetermineAddrType
                0x00000000000056e0       0x28 C:\Users\bitshen\Desktop\git\光度\光度\Broadcaster-CH592\LIB\libCH59xBLE.a(gap.o)
                0x00000000000056e0                gapDetermineAddrType
 .text.gapFreeAuthLink
                0x0000000000005708       0x4a C:\Users\bitshen\Desktop\git\光度\光度\Broadcaster-CH592\LIB\libCH59xBLE.a(gap.o)
                0x0000000000005708                gapFreeAuthLink
 .text.gapGetDevAddress
                0x0000000000005752       0x24 C:\Users\bitshen\Desktop\git\光度\光度\Broadcaster-CH592\LIB\libCH59xBLE.a(gap.o)
                0x0000000000005752                gapGetDevAddress
 .text.gapGetDevAddressMode
                0x0000000000005776        0xa C:\Users\bitshen\Desktop\git\光度\光度\Broadcaster-CH592\LIB\libCH59xBLE.a(gap.o)
                0x0000000000005776                gapGetDevAddressMode
 .text.gapGetIRK
                0x0000000000005780        0xc C:\Users\bitshen\Desktop\git\光度\光度\Broadcaster-CH592\LIB\libCH59xBLE.a(gap.o)
                0x0000000000005780                gapGetIRK
 .text.gapGetSRK
                0x000000000000578c        0xc C:\Users\bitshen\Desktop\git\光度\光度\Broadcaster-CH592\LIB\libCH59xBLE.a(gap.o)
                0x000000000000578c                gapGetSRK
 .text.gapGetSignCounter
                0x0000000000005798        0xe C:\Users\bitshen\Desktop\git\光度\光度\Broadcaster-CH592\LIB\libCH59xBLE.a(gap.o)
                0x0000000000005798                gapGetSignCounter
 .text.gapIncSignCounter
                0x00000000000057a6       0x28 C:\Users\bitshen\Desktop\git\光度\光度\Broadcaster-CH592\LIB\libCH59xBLE.a(gap.o)
                0x00000000000057a6                gapIncSignCounter
 .text.gapProcessConnEvt
                0x00000000000057ce       0x48 C:\Users\bitshen\Desktop\git\光度\光度\Broadcaster-CH592\LIB\libCH59xBLE.a(gap.o)
                0x00000000000057ce                gapProcessConnEvt
 .text.gapProcessDisconnectCompleteEvt
                0x0000000000005816       0xa6 C:\Users\bitshen\Desktop\git\光度\光度\Broadcaster-CH592\LIB\libCH59xBLE.a(gap.o)
                0x0000000000005816                gapProcessDisconnectCompleteEvt
 .text.sendAuthEvent
                0x00000000000058bc      0x11e C:\Users\bitshen\Desktop\git\光度\光度\Broadcaster-CH592\LIB\libCH59xBLE.a(gap.o)
                0x00000000000058bc                sendAuthEvent
 .text.gapSendBondCompleteEvent
                0x00000000000059da       0x74 C:\Users\bitshen\Desktop\git\光度\光度\Broadcaster-CH592\LIB\libCH59xBLE.a(gap.o)
                0x00000000000059da                gapSendBondCompleteEvent
 .text.gapSendPairingReqEvent
                0x0000000000005a4e       0x96 C:\Users\bitshen\Desktop\git\光度\光度\Broadcaster-CH592\LIB\libCH59xBLE.a(gap.o)
                0x0000000000005a4e                gapSendPairingReqEvent
 .text.gapSendSlaveSecurityReqEvent
                0x0000000000005ae4       0x68 C:\Users\bitshen\Desktop\git\光度\光度\Broadcaster-CH592\LIB\libCH59xBLE.a(gap.o)
                0x0000000000005ae4                gapSendSlaveSecurityReqEvent
 .text.gapSendDeviceInitDoneEvent
                0x0000000000005b4c       0x88 C:\Users\bitshen\Desktop\git\光度\光度\Broadcaster-CH592\LIB\libCH59xBLE.a(gap.o)
                0x0000000000005b4c                gapSendDeviceInitDoneEvent
 .text.gapSendLinkUpdateEvent
                0x0000000000005bd4       0xb2 C:\Users\bitshen\Desktop\git\光度\光度\Broadcaster-CH592\LIB\libCH59xBLE.a(gap.o)
                0x0000000000005bd4                gapSendLinkUpdateEvent
 .text.gapSendPhyUpdateEvent
                0x0000000000005c86       0x58 C:\Users\bitshen\Desktop\git\光度\光度\Broadcaster-CH592\LIB\libCH59xBLE.a(gap.o)
                0x0000000000005c86                gapSendPhyUpdateEvent
 .text.gapSendEstLinkEvent
                0x0000000000005cde       0xbc C:\Users\bitshen\Desktop\git\光度\光度\Broadcaster-CH592\LIB\libCH59xBLE.a(gap.o)
                0x0000000000005cde                gapSendEstLinkEvent
 .text.gapProcessNewAddr
                0x0000000000005d9a       0x3e C:\Users\bitshen\Desktop\git\光度\光度\Broadcaster-CH592\LIB\libCH59xBLE.a(gap.o)
                0x0000000000005d9a                gapProcessNewAddr
 .text.gapProcessRandomAddrComplete
                0x0000000000005dd8       0xb6 C:\Users\bitshen\Desktop\git\光度\光度\Broadcaster-CH592\LIB\libCH59xBLE.a(gap.o)
                0x0000000000005dd8                gapProcessRandomAddrComplete
 .text.GAP_Authenticate
                0x0000000000005e8e       0xde C:\Users\bitshen\Desktop\git\光度\光度\Broadcaster-CH592\LIB\libCH59xBLE.a(gap.o)
                0x0000000000005e8e                GAP_Authenticate
 .text.GAP_Bond
                0x0000000000005f6c       0xaa C:\Users\bitshen\Desktop\git\光度\光度\Broadcaster-CH592\LIB\libCH59xBLE.a(gap.o)
                0x0000000000005f6c                GAP_Bond
 .text.GAP_GetParamValue
                0x0000000000006016       0x20 C:\Users\bitshen\Desktop\git\光度\光度\Broadcaster-CH592\LIB\libCH59xBLE.a(gap.o)
                0x0000000000006016                GAP_GetParamValue
 .text.GAP_PasscodeUpdate
                0x0000000000006036       0x54 C:\Users\bitshen\Desktop\git\光度\光度\Broadcaster-CH592\LIB\libCH59xBLE.a(gap.o)
                0x0000000000006036                GAP_PasscodeUpdate
 .text.GAP_RegisterForMsgs
                0x000000000000608a        0xa C:\Users\bitshen\Desktop\git\光度\光度\Broadcaster-CH592\LIB\libCH59xBLE.a(gap.o)
                0x000000000000608a                GAP_RegisterForMsgs
 .text.GAP_ResolvePrivateAddr
                0x0000000000006094        0x4 C:\Users\bitshen\Desktop\git\光度\光度\Broadcaster-CH592\LIB\libCH59xBLE.a(gap.o)
                0x0000000000006094                GAP_ResolvePrivateAddr
 .text.gapPairingCompleteCB
                0x0000000000006098      0x18c C:\Users\bitshen\Desktop\git\光度\光度\Broadcaster-CH592\LIB\libCH59xBLE.a(gap.o)
                0x0000000000006098                gapPairingCompleteCB
 .text.gapPasskeyNeededCB
                0x0000000000006224       0x8e C:\Users\bitshen\Desktop\git\光度\光度\Broadcaster-CH592\LIB\libCH59xBLE.a(gap.o)
                0x0000000000006224                gapPasskeyNeededCB
 .text.gapOobNeededCB
                0x00000000000062b2       0xa6 C:\Users\bitshen\Desktop\git\光度\光度\Broadcaster-CH592\LIB\libCH59xBLE.a(gap.o)
                0x00000000000062b2                gapOobNeededCB
 .text.gapFreeEstLink
                0x0000000000006358       0x20 C:\Users\bitshen\Desktop\git\光度\光度\Broadcaster-CH592\LIB\libCH59xBLE.a(gap.o)
                0x0000000000006358                gapFreeEstLink
 .text.gapUpdateConnSignCounter
                0x0000000000006378       0x7a C:\Users\bitshen\Desktop\git\光度\光度\Broadcaster-CH592\LIB\libCH59xBLE.a(gap.o)
                0x0000000000006378                gapUpdateConnSignCounter
 .text.GAP_TerminateAuth
                0x00000000000063f2       0x2a C:\Users\bitshen\Desktop\git\光度\光度\Broadcaster-CH592\LIB\libCH59xBLE.a(gap.o)
                0x00000000000063f2                GAP_TerminateAuth
 .text.GAP_NumActiveConnections
                0x000000000000641c        0x4 C:\Users\bitshen\Desktop\git\光度\光度\Broadcaster-CH592\LIB\libCH59xBLE.a(gap.o)
                0x000000000000641c                GAP_NumActiveConnections
 .text.GAP_TerminateLinkReq
                0x0000000000006420       0x8e C:\Users\bitshen\Desktop\git\光度\光度\Broadcaster-CH592\LIB\libCH59xBLE.a(gap.o)
                0x0000000000006420                GAP_TerminateLinkReq
 .text.GAP_SetParamValue
                0x00000000000064ae       0x6c C:\Users\bitshen\Desktop\git\光度\光度\Broadcaster-CH592\LIB\libCH59xBLE.a(gap.o)
                0x00000000000064ae                GAP_SetParamValue
 .text.GAP_Init
                0x000000000000651a       0x48 C:\Users\bitshen\Desktop\git\光度\光度\Broadcaster-CH592\LIB\libCH59xBLE.a(gap.o)
                0x000000000000651a                GAP_Init
 .text.GAP_ProcessEvent
                0x0000000000006562      0x66a C:\Users\bitshen\Desktop\git\光度\光度\Broadcaster-CH592\LIB\libCH59xBLE.a(gap.o)
                0x0000000000006562                GAP_ProcessEvent
 .text.gapSendScanEnable
                0x0000000000006bcc       0x3a C:\Users\bitshen\Desktop\git\光度\光度\Broadcaster-CH592\LIB\libCH59xBLE.a(gap_central.o)
 .text.gapCentProcessConnEvt
                0x0000000000006c06      0x168 C:\Users\bitshen\Desktop\git\光度\光度\Broadcaster-CH592\LIB\libCH59xBLE.a(gap_central.o)
                0x0000000000006c06                gapCentProcessConnEvt
 .text.gapProcessScanningPeriodicAdvEvt
                0x0000000000006d6e       0xa0 C:\Users\bitshen\Desktop\git\光度\光度\Broadcaster-CH592\LIB\libCH59xBLE.a(gap_central.o)
                0x0000000000006d6e                gapProcessScanningPeriodicAdvEvt
 .text.gapCancelLinkReq
                0x0000000000006e0e       0x38 C:\Users\bitshen\Desktop\git\光度\光度\Broadcaster-CH592\LIB\libCH59xBLE.a(gap_central.o)
                0x0000000000006e0e                gapCancelLinkReq
 .text.gapProcessAdvertDevInfo
                0x0000000000006e46      0x242 C:\Users\bitshen\Desktop\git\光度\光度\Broadcaster-CH592\LIB\libCH59xBLE.a(gap_central.o)
                0x0000000000006e46                gapProcessAdvertDevInfo
 .text.gapProcessExtAdvertDevInfo
                0x0000000000007088      0x260 C:\Users\bitshen\Desktop\git\光度\光度\Broadcaster-CH592\LIB\libCH59xBLE.a(gap_central.o)
                0x0000000000007088                gapProcessExtAdvertDevInfo
 .text.gapProcessPeriodicAdvertisingSyncEstablishedEvt
                0x00000000000072e8       0xae C:\Users\bitshen\Desktop\git\光度\光度\Broadcaster-CH592\LIB\libCH59xBLE.a(gap_central.o)
                0x00000000000072e8                gapProcessPeriodicAdvertisingSyncEstablishedEvt
 .text.gapProcessPeriodicAdvertisingSyncLostEvt
                0x0000000000007396       0x56 C:\Users\bitshen\Desktop\git\光度\光度\Broadcaster-CH592\LIB\libCH59xBLE.a(gap_central.o)
                0x0000000000007396                gapProcessPeriodicAdvertisingSyncLostEvt
 .text.gapFreeScanRecs
                0x00000000000073ec       0xa6 C:\Users\bitshen\Desktop\git\光度\光度\Broadcaster-CH592\LIB\libCH59xBLE.a(gap_central.o)
                0x00000000000073ec                gapFreeScanRecs
 .text.gapSendDevDiscEvent
                0x0000000000007492      0x124 C:\Users\bitshen\Desktop\git\光度\光度\Broadcaster-CH592\LIB\libCH59xBLE.a(gap_central.o)
                0x0000000000007492                gapSendDevDiscEvent
 .text.gapSetScanParamStatus
                0x00000000000075b6       0x56 C:\Users\bitshen\Desktop\git\光度\光度\Broadcaster-CH592\LIB\libCH59xBLE.a(gap_central.o)
 .text.gapCentProcessHCICmdEvt
                0x000000000000760c       0x3c C:\Users\bitshen\Desktop\git\光度\光度\Broadcaster-CH592\LIB\libCH59xBLE.a(gap_central.o)
                0x000000000000760c                gapCentProcessHCICmdEvt
 .text.gapProcessScanningEvt
                0x0000000000007648      0x10e C:\Users\bitshen\Desktop\git\光度\光度\Broadcaster-CH592\LIB\libCH59xBLE.a(gap_central.o)
                0x0000000000007648                gapProcessScanningEvt
 .text.gapProcessScanningDirectEvt
                0x0000000000007756       0xfe C:\Users\bitshen\Desktop\git\光度\光度\Broadcaster-CH592\LIB\libCH59xBLE.a(gap_central.o)
                0x0000000000007756                gapProcessScanningDirectEvt
 .text.gapProcessScanningExtAdvEvt
                0x0000000000007854      0x2c4 C:\Users\bitshen\Desktop\git\光度\光度\Broadcaster-CH592\LIB\libCH59xBLE.a(gap_central.o)
                0x0000000000007854                gapProcessScanningExtAdvEvt
 .text.GAP_CentConnRegister
                0x0000000000007b18       0x1a C:\Users\bitshen\Desktop\git\光度\光度\Broadcaster-CH592\LIB\libCH59xBLE.a(gap_central.o)
                0x0000000000007b18                GAP_CentConnRegister
 .text.GAP_CentralParamInit
                0x0000000000007b32       0x6e C:\Users\bitshen\Desktop\git\光度\光度\Broadcaster-CH592\LIB\libCH59xBLE.a(gap_central.o)
                0x0000000000007b32                GAP_CentralParamInit
 .text.GAP_CentDevMgrInit
                0x0000000000007ba0       0x9c C:\Users\bitshen\Desktop\git\光度\光度\Broadcaster-CH592\LIB\libCH59xBLE.a(gap_central.o)
                0x0000000000007ba0                GAP_CentDevMgrInit
 .text.gapFreeAdvertState
                0x0000000000007c3c       0x20 C:\Users\bitshen\Desktop\git\光度\光度\Broadcaster-CH592\LIB\libCH59xBLE.a(gap_peripheral.o)
 .text.gapSetPeriodicAdvParams
                0x0000000000007c5c       0x30 C:\Users\bitshen\Desktop\git\光度\光度\Broadcaster-CH592\LIB\libCH59xBLE.a(gap_peripheral.o)
 .text.gapSetConnectionlessCTEParams
                0x0000000000007c8c       0x54 C:\Users\bitshen\Desktop\git\光度\光度\Broadcaster-CH592\LIB\libCH59xBLE.a(gap_peripheral.o)
 .text.gapSetAdvParams
                0x0000000000007ce0       0xfc C:\Users\bitshen\Desktop\git\光度\光度\Broadcaster-CH592\LIB\libCH59xBLE.a(gap_peripheral.o)
 .text.gapPeriProcessConnEvt
                0x0000000000007ddc       0xd0 C:\Users\bitshen\Desktop\git\光度\光度\Broadcaster-CH592\LIB\libCH59xBLE.a(gap_peripheral.o)
 .text.gapWriteAdvDataStatus
                0x0000000000007eac       0x8a C:\Users\bitshen\Desktop\git\光度\光度\Broadcaster-CH592\LIB\libCH59xBLE.a(gap_peripheral.o)
 .text.GAP_MakeDiscoverable
                0x0000000000007f36      0x174 C:\Users\bitshen\Desktop\git\光度\光度\Broadcaster-CH592\LIB\libCH59xBLE.a(gap_peripheral.o)
                0x0000000000007f36                GAP_MakeDiscoverable
 .text.GAP_EndDiscoverable
                0x00000000000080aa       0x66 C:\Users\bitshen\Desktop\git\光度\光度\Broadcaster-CH592\LIB\libCH59xBLE.a(gap_peripheral.o)
                0x00000000000080aa                GAP_EndDiscoverable
 .text.gapProcessAdvertisingEvt
                0x0000000000008110      0x116 C:\Users\bitshen\Desktop\git\光度\光度\Broadcaster-CH592\LIB\libCH59xBLE.a(gap_peripheral.o)
 .text.GAP_MakePeriodic
                0x0000000000008226       0x26 C:\Users\bitshen\Desktop\git\光度\光度\Broadcaster-CH592\LIB\libCH59xBLE.a(gap_peripheral.o)
                0x0000000000008226                GAP_MakePeriodic
 .text.GAP_EndPeriodic
                0x000000000000824c        0xc C:\Users\bitshen\Desktop\git\光度\光度\Broadcaster-CH592\LIB\libCH59xBLE.a(gap_peripheral.o)
                0x000000000000824c                GAP_EndPeriodic
 .text.GAP_MakeConnecttionlessCTE
                0x0000000000008258       0x1a C:\Users\bitshen\Desktop\git\光度\光度\Broadcaster-CH592\LIB\libCH59xBLE.a(gap_peripheral.o)
                0x0000000000008258                GAP_MakeConnecttionlessCTE
 .text.GAP_EndConnecttionlessCTE
                0x0000000000008272        0xc C:\Users\bitshen\Desktop\git\光度\光度\Broadcaster-CH592\LIB\libCH59xBLE.a(gap_peripheral.o)
                0x0000000000008272                GAP_EndConnecttionlessCTE
 .text.GAP_UpdateAdvertisingData
                0x000000000000827e      0x136 C:\Users\bitshen\Desktop\git\光度\光度\Broadcaster-CH592\LIB\libCH59xBLE.a(gap_peripheral.o)
                0x000000000000827e                GAP_UpdateAdvertisingData
 .text.GAP_SetAdvertisingAdvData
                0x00000000000083b4      0x102 C:\Users\bitshen\Desktop\git\光度\光度\Broadcaster-CH592\LIB\libCH59xBLE.a(gap_peripheral.o)
                0x00000000000083b4                GAP_SetAdvertisingAdvData
 .text.GAP_SetAdvertisingRspData
                0x00000000000084b6      0x102 C:\Users\bitshen\Desktop\git\光度\光度\Broadcaster-CH592\LIB\libCH59xBLE.a(gap_peripheral.o)
                0x00000000000084b6                GAP_SetAdvertisingRspData
 .text.GAP_SetPeriodicAdvertisingData
                0x00000000000085b8       0xc6 C:\Users\bitshen\Desktop\git\光度\光度\Broadcaster-CH592\LIB\libCH59xBLE.a(gap_peripheral.o)
                0x00000000000085b8                GAP_SetPeriodicAdvertisingData
 .text.GAP_GetAdvertisingAdvData
                0x000000000000867e       0x26 C:\Users\bitshen\Desktop\git\光度\光度\Broadcaster-CH592\LIB\libCH59xBLE.a(gap_peripheral.o)
                0x000000000000867e                GAP_GetAdvertisingAdvData
 .text.GAP_GetAdvertisingRspData
                0x00000000000086a4       0x34 C:\Users\bitshen\Desktop\git\光度\光度\Broadcaster-CH592\LIB\libCH59xBLE.a(gap_peripheral.o)
                0x00000000000086a4                GAP_GetAdvertisingRspData
 .text.GAP_GetPeriodicAdvertisingData
                0x00000000000086d8       0x34 C:\Users\bitshen\Desktop\git\光度\光度\Broadcaster-CH592\LIB\libCH59xBLE.a(gap_peripheral.o)
                0x00000000000086d8                GAP_GetPeriodicAdvertisingData
 .text.GAP_PeriConnRegister
                0x000000000000870c       0x2e C:\Users\bitshen\Desktop\git\光度\光度\Broadcaster-CH592\LIB\libCH59xBLE.a(gap_peripheral.o)
                0x000000000000870c                GAP_PeriConnRegister
 .text.GAP_PeripheralParamInit
                0x000000000000873a       0x6c C:\Users\bitshen\Desktop\git\光度\光度\Broadcaster-CH592\LIB\libCH59xBLE.a(gap_peripheral.o)
                0x000000000000873a                GAP_PeripheralParamInit
 .text.gapSendMakeDiscEvent
                0x00000000000087a6       0x50 C:\Users\bitshen\Desktop\git\光度\光度\Broadcaster-CH592\LIB\libCH59xBLE.a(gap_peripheral.o)
                0x00000000000087a6                gapSendMakeDiscEvent
 .text.gapWriteAdvEnableStatus
                0x00000000000087f6      0x10e C:\Users\bitshen\Desktop\git\光度\光度\Broadcaster-CH592\LIB\libCH59xBLE.a(gap_peripheral.o)
 .text.gapSendMakePeriodicEvent
                0x0000000000008904       0x3a C:\Users\bitshen\Desktop\git\光度\光度\Broadcaster-CH592\LIB\libCH59xBLE.a(gap_peripheral.o)
                0x0000000000008904                gapSendMakePeriodicEvent
 .text.gapSendMakeConnectionlessCTEEvent
                0x000000000000893e       0x3a C:\Users\bitshen\Desktop\git\光度\光度\Broadcaster-CH592\LIB\libCH59xBLE.a(gap_peripheral.o)
                0x000000000000893e                gapSendMakeConnectionlessCTEEvent
 .text.gapPeriProcessHCICmdCompleteEvt
                0x0000000000008978      0x22e C:\Users\bitshen\Desktop\git\光度\光度\Broadcaster-CH592\LIB\libCH59xBLE.a(gap_peripheral.o)
 .text.GAP_PeriDevMgrInit
                0x0000000000008ba6       0x2e C:\Users\bitshen\Desktop\git\光度\光度\Broadcaster-CH592\LIB\libCH59xBLE.a(gap_peripheral.o)
                0x0000000000008ba6                GAP_PeriDevMgrInit
 .text.gattProcessExchangeMTUReq
                0x0000000000008bd4        0x4 C:\Users\bitshen\Desktop\git\光度\光度\Broadcaster-CH592\LIB\libCH59xBLE.a(gattservapp.o)
 .text.gattServApp_FindCharCfgItem
                0x0000000000008bd8       0x24 C:\Users\bitshen\Desktop\git\光度\光度\Broadcaster-CH592\LIB\libCH59xBLE.a(gattservapp.o)
 .text.gattServerHandleTimerCB
                0x0000000000008bfc       0x3c C:\Users\bitshen\Desktop\git\光度\光度\Broadcaster-CH592\LIB\libCH59xBLE.a(gattservapp.o)
 .text.GATTServApp_InitCharCfg.part.12
                0x0000000000008c38       0x20 C:\Users\bitshen\Desktop\git\光度\光度\Broadcaster-CH592\LIB\libCH59xBLE.a(gattservapp.o)
 .text.gattProcessExecuteWriteReq
                0x0000000000008c58        0x4 C:\Users\bitshen\Desktop\git\光度\光度\Broadcaster-CH592\LIB\libCH59xBLE.a(gattservapp.o)
 .text.GATTServApp_ParamInit
                0x0000000000008c5c       0xd6 C:\Users\bitshen\Desktop\git\光度\光度\Broadcaster-CH592\LIB\libCH59xBLE.a(gattservapp.o)
                0x0000000000008c5c                GATTServApp_ParamInit
 .text.GATTServApp_ReadCharCfg
                0x0000000000008d32       0x16 C:\Users\bitshen\Desktop\git\光度\光度\Broadcaster-CH592\LIB\libCH59xBLE.a(gattservapp.o)
                0x0000000000008d32                GATTServApp_ReadCharCfg
 .text.GATTServApp_WriteCharCfg
                0x0000000000008d48       0x3c C:\Users\bitshen\Desktop\git\光度\光度\Broadcaster-CH592\LIB\libCH59xBLE.a(gattservapp.o)
                0x0000000000008d48                GATTServApp_WriteCharCfg
 .text.GATTServApp_ProcessCCCWriteReq
                0x0000000000008d84       0x5c C:\Users\bitshen\Desktop\git\光度\光度\Broadcaster-CH592\LIB\libCH59xBLE.a(gattservapp.o)
                0x0000000000008d84                GATTServApp_ProcessCCCWriteReq
 .text.gattServApp_WriteAttrCB
                0x0000000000008de0       0x32 C:\Users\bitshen\Desktop\git\光度\光度\Broadcaster-CH592\LIB\libCH59xBLE.a(gattservapp.o)
                0x0000000000008de0                gattServApp_WriteAttrCB
 .text.GATTServApp_SendCCCUpdatedEvent
                0x0000000000008e12       0x5e C:\Users\bitshen\Desktop\git\光度\光度\Broadcaster-CH592\LIB\libCH59xBLE.a(gattservapp.o)
                0x0000000000008e12                GATTServApp_SendCCCUpdatedEvent
 .text.GATTServApp_SendServiceChangedInd
                0x0000000000008e70       0x34 C:\Users\bitshen\Desktop\git\光度\光度\Broadcaster-CH592\LIB\libCH59xBLE.a(gattservapp.o)
                0x0000000000008e70                GATTServApp_SendServiceChangedInd
 .text.gattServApp_ClearPrepareWriteQ
                0x0000000000008ea4       0x50 C:\Users\bitshen\Desktop\git\光度\光度\Broadcaster-CH592\LIB\libCH59xBLE.a(gattservapp.o)
                0x0000000000008ea4                gattServApp_ClearPrepareWriteQ
 .text.gattServApp_FindPrepareWriteQ
                0x0000000000008ef4       0x30 C:\Users\bitshen\Desktop\git\光度\光度\Broadcaster-CH592\LIB\libCH59xBLE.a(gattservapp.o)
                0x0000000000008ef4                gattServApp_FindPrepareWriteQ
 .text.gattServApp_FindServiceCBs
                0x0000000000008f24       0x18 C:\Users\bitshen\Desktop\git\光度\光度\Broadcaster-CH592\LIB\libCH59xBLE.a(gattservapp.o)
                0x0000000000008f24                gattServApp_FindServiceCBs
 .text.gattServApp_FindAuthorizeAttrCB
                0x0000000000008f3c       0x14 C:\Users\bitshen\Desktop\git\光度\光度\Broadcaster-CH592\LIB\libCH59xBLE.a(gattservapp.o)
                0x0000000000008f3c                gattServApp_FindAuthorizeAttrCB
 .text.gattServApp_IsWriteLong
                0x0000000000008f50       0xea C:\Users\bitshen\Desktop\git\光度\光度\Broadcaster-CH592\LIB\libCH59xBLE.a(gattservapp.o)
                0x0000000000008f50                gattServApp_IsWriteLong
 .text.gattFindService
                0x000000000000903a       0x1c C:\Users\bitshen\Desktop\git\光度\光度\Broadcaster-CH592\LIB\libCH59xBLE.a(gattservapp.o)
                0x000000000000903a                gattFindService
 .text.GATT_ServiceNumAttrs
                0x0000000000009056       0x16 C:\Users\bitshen\Desktop\git\光度\光度\Broadcaster-CH592\LIB\libCH59xBLE.a(gattservapp.o)
                0x0000000000009056                GATT_ServiceNumAttrs
 .text.GATT_ServiceEncKeySize
                0x000000000000906c       0x16 C:\Users\bitshen\Desktop\git\光度\光度\Broadcaster-CH592\LIB\libCH59xBLE.a(gattservapp.o)
                0x000000000000906c                GATT_ServiceEncKeySize
 .text.GATT_VerifyWritePermissions.part.7
                0x0000000000009082       0x2c C:\Users\bitshen\Desktop\git\光度\光度\Broadcaster-CH592\LIB\libCH59xBLE.a(gattservapp.o)
 .text.gattResetServerInfo
                0x00000000000090ae       0x1c C:\Users\bitshen\Desktop\git\光度\光度\Broadcaster-CH592\LIB\libCH59xBLE.a(gattservapp.o)
                0x00000000000090ae                gattResetServerInfo
 .text.gattFindServerInfo
                0x00000000000090ca       0x2c C:\Users\bitshen\Desktop\git\光度\光度\Broadcaster-CH592\LIB\libCH59xBLE.a(gattservapp.o)
                0x00000000000090ca                gattFindServerInfo
 .text.gattServerHandleConnStatusCB
                0x00000000000090f6       0x8e C:\Users\bitshen\Desktop\git\光度\光度\Broadcaster-CH592\LIB\libCH59xBLE.a(gattservapp.o)
                0x00000000000090f6                gattServerHandleConnStatusCB
 .text.gattServerProcessMsgCB
                0x0000000000009184      0x1be C:\Users\bitshen\Desktop\git\光度\光度\Broadcaster-CH592\LIB\libCH59xBLE.a(gattservapp.o)
                0x0000000000009184                gattServerProcessMsgCB
 .text.gattServerNotifyTxCB
                0x0000000000009342       0x28 C:\Users\bitshen\Desktop\git\光度\光度\Broadcaster-CH592\LIB\libCH59xBLE.a(gattservapp.o)
 .text.GATT_FindHandle
                0x000000000000936a       0x4a C:\Users\bitshen\Desktop\git\光度\光度\Broadcaster-CH592\LIB\libCH59xBLE.a(gattservapp.o)
                0x000000000000936a                GATT_FindHandle
 .text.GATTServApp_WriteAttr
                0x00000000000093b4       0xa6 C:\Users\bitshen\Desktop\git\光度\光度\Broadcaster-CH592\LIB\libCH59xBLE.a(gattservapp.o)
                0x00000000000093b4                GATTServApp_WriteAttr
 .text.gattServApp_ProcessExecuteWriteReq
                0x000000000000945a      0x100 C:\Users\bitshen\Desktop\git\光度\光度\Broadcaster-CH592\LIB\libCH59xBLE.a(gattservapp.o)
                0x000000000000945a                gattServApp_ProcessExecuteWriteReq
 .text.gattServApp_ProcessPrepareWriteReq
                0x000000000000955a      0x10e C:\Users\bitshen\Desktop\git\光度\光度\Broadcaster-CH592\LIB\libCH59xBLE.a(gattservapp.o)
                0x000000000000955a                gattServApp_ProcessPrepareWriteReq
 .text.gattServApp_ProcessWriteReq
                0x0000000000009668       0xb0 C:\Users\bitshen\Desktop\git\光度\光度\Broadcaster-CH592\LIB\libCH59xBLE.a(gattservapp.o)
                0x0000000000009668                gattServApp_ProcessWriteReq
 .text.GATT_Indication
                0x0000000000009718       0xa4 C:\Users\bitshen\Desktop\git\光度\光度\Broadcaster-CH592\LIB\libCH59xBLE.a(gattservapp.o)
                0x0000000000009718                GATT_Indication
 .text.GATT_FindHandleUUID
                0x00000000000097bc       0x94 C:\Users\bitshen\Desktop\git\光度\光度\Broadcaster-CH592\LIB\libCH59xBLE.a(gattservapp.o)
                0x00000000000097bc                GATT_FindHandleUUID
 .text.gattProcessReadByGrpTypeReq
                0x0000000000009850       0x60 C:\Users\bitshen\Desktop\git\光度\光度\Broadcaster-CH592\LIB\libCH59xBLE.a(gattservapp.o)
 .text.gattProcessReadByTypeReq
                0x00000000000098b0       0x34 C:\Users\bitshen\Desktop\git\光度\光度\Broadcaster-CH592\LIB\libCH59xBLE.a(gattservapp.o)
 .text.gattProcessFindByTypeValueReq
                0x00000000000098e4       0x34 C:\Users\bitshen\Desktop\git\光度\光度\Broadcaster-CH592\LIB\libCH59xBLE.a(gattservapp.o)
 .text.gattProcessFindInfoReq
                0x0000000000009918      0x1aa C:\Users\bitshen\Desktop\git\光度\光度\Broadcaster-CH592\LIB\libCH59xBLE.a(gattservapp.o)
 .text.GATT_VerifyWritePermissions
                0x0000000000009ac2       0x6a C:\Users\bitshen\Desktop\git\光度\光度\Broadcaster-CH592\LIB\libCH59xBLE.a(gattservapp.o)
                0x0000000000009ac2                GATT_VerifyWritePermissions
 .text.gattProcessWriteReq
                0x0000000000009b2c       0x36 C:\Users\bitshen\Desktop\git\光度\光度\Broadcaster-CH592\LIB\libCH59xBLE.a(gattservapp.o)
 .text.GATT_VerifyPrepareWritePermissions
                0x0000000000009b62       0x56 C:\Users\bitshen\Desktop\git\光度\光度\Broadcaster-CH592\LIB\libCH59xBLE.a(gattservapp.o)
                0x0000000000009b62                GATT_VerifyPrepareWritePermissions
 .text.gattProcessPrepareWriteReq
                0x0000000000009bb8       0x36 C:\Users\bitshen\Desktop\git\光度\光度\Broadcaster-CH592\LIB\libCH59xBLE.a(gattservapp.o)
 .text.GATT_FindNextAttr
                0x0000000000009bee       0xc2 C:\Users\bitshen\Desktop\git\光度\光度\Broadcaster-CH592\LIB\libCH59xBLE.a(gattservapp.o)
                0x0000000000009bee                GATT_FindNextAttr
 .text.GATTServApp_ReadAttr
                0x0000000000009cb0      0x2ea C:\Users\bitshen\Desktop\git\光度\光度\Broadcaster-CH592\LIB\libCH59xBLE.a(gattservapp.o)
                0x0000000000009cb0                GATTServApp_ReadAttr
 .text.gattServApp_ProcessReadMultiReq
                0x0000000000009f9a      0x16e C:\Users\bitshen\Desktop\git\光度\光度\Broadcaster-CH592\LIB\libCH59xBLE.a(gattservapp.o)
                0x0000000000009f9a                gattServApp_ProcessReadMultiReq
 .text.gattServApp_ProcessFindByTypeValueReq
                0x000000000000a108      0x1a0 C:\Users\bitshen\Desktop\git\光度\光度\Broadcaster-CH592\LIB\libCH59xBLE.a(gattservapp.o)
                0x000000000000a108                gattServApp_ProcessFindByTypeValueReq
 .text.GATT_VerifyReadPermissions
                0x000000000000a2a8       0x68 C:\Users\bitshen\Desktop\git\光度\光度\Broadcaster-CH592\LIB\libCH59xBLE.a(gattservapp.o)
                0x000000000000a2a8                GATT_VerifyReadPermissions
 .text.gattProcessReadMultiReq
                0x000000000000a310       0xae C:\Users\bitshen\Desktop\git\光度\光度\Broadcaster-CH592\LIB\libCH59xBLE.a(gattservapp.o)
 .text.gattProcessReadReq
                0x000000000000a3be       0x30 C:\Users\bitshen\Desktop\git\光度\光度\Broadcaster-CH592\LIB\libCH59xBLE.a(gattservapp.o)
 .text.gattServApp_ProcessReadByGrpTypeReq
                0x000000000000a3ee      0x21c C:\Users\bitshen\Desktop\git\光度\光度\Broadcaster-CH592\LIB\libCH59xBLE.a(gattservapp.o)
                0x000000000000a3ee                gattServApp_ProcessReadByGrpTypeReq
 .text.gattServApp_ProcessReadByTypeReq
                0x000000000000a60a      0x1ae C:\Users\bitshen\Desktop\git\光度\光度\Broadcaster-CH592\LIB\libCH59xBLE.a(gattservapp.o)
                0x000000000000a60a                gattServApp_ProcessReadByTypeReq
 .text.GATTServApp_InitCharCfg
                0x000000000000a7b8       0x28 C:\Users\bitshen\Desktop\git\光度\光度\Broadcaster-CH592\LIB\libCH59xBLE.a(gattservapp.o)
                0x000000000000a7b8                GATTServApp_InitCharCfg
 .text.gattServApp_HandleConnStatusCB
                0x000000000000a7e0       0x74 C:\Users\bitshen\Desktop\git\光度\光度\Broadcaster-CH592\LIB\libCH59xBLE.a(gattservapp.o)
                0x000000000000a7e0                gattServApp_HandleConnStatusCB
 .text.GATT_InitServer
                0x000000000000a854       0xfa C:\Users\bitshen\Desktop\git\光度\光度\Broadcaster-CH592\LIB\libCH59xBLE.a(gattservapp.o)
                0x000000000000a854                GATT_InitServer
 .text.GATTServApp_Init
                0x000000000000a94e       0x34 C:\Users\bitshen\Desktop\git\光度\光度\Broadcaster-CH592\LIB\libCH59xBLE.a(gattservapp.o)
                0x000000000000a94e                GATTServApp_Init
 .text.GATTServApp_ProcessEvent
                0x000000000000a982      0x36a C:\Users\bitshen\Desktop\git\光度\光度\Broadcaster-CH592\LIB\libCH59xBLE.a(gattservapp.o)
                0x000000000000a982                GATTServApp_ProcessEvent
 .text.l2capAllocConnChannel
                0x000000000000acec       0xe0 C:\Users\bitshen\Desktop\git\光度\光度\Broadcaster-CH592\LIB\libCH59xBLE.a(l2cap.o)
                0x000000000000acec                l2capAllocConnChannel
 .text.l2capFindLocalCID
                0x000000000000adcc       0x2c C:\Users\bitshen\Desktop\git\光度\光度\Broadcaster-CH592\LIB\libCH59xBLE.a(l2cap.o)
                0x000000000000adcc                l2capFindLocalCID
 .text.l2capFindLocalId
                0x000000000000adf8       0x30 C:\Users\bitshen\Desktop\git\光度\光度\Broadcaster-CH592\LIB\libCH59xBLE.a(l2cap.o)
                0x000000000000adf8                l2capFindLocalId
 .text.l2capFindPsm
                0x000000000000ae28       0x30 C:\Users\bitshen\Desktop\git\光度\光度\Broadcaster-CH592\LIB\libCH59xBLE.a(l2cap.o)
                0x000000000000ae28                l2capFindPsm
 .text.l2capFindRemoteCID
                0x000000000000ae58       0x3c C:\Users\bitshen\Desktop\git\光度\光度\Broadcaster-CH592\LIB\libCH59xBLE.a(l2cap.o)
                0x000000000000ae58                l2capFindRemoteCID
 .text.l2capFreeChannel
                0x000000000000ae94       0x4e C:\Users\bitshen\Desktop\git\光度\光度\Broadcaster-CH592\LIB\libCH59xBLE.a(l2cap.o)
                0x000000000000ae94                l2capFreeChannel
 .text.l2capDisconnectChannel
                0x000000000000aee2       0x28 C:\Users\bitshen\Desktop\git\光度\光度\Broadcaster-CH592\LIB\libCH59xBLE.a(l2cap.o)
                0x000000000000aee2                l2capDisconnectChannel
 .text.l2capHandleTimerCB
                0x000000000000af0a       0x2c C:\Users\bitshen\Desktop\git\光度\光度\Broadcaster-CH592\LIB\libCH59xBLE.a(l2cap.o)
                0x000000000000af0a                l2capHandleTimerCB
 .text.l2capFreePendingPkt
                0x000000000000af36       0x58 C:\Users\bitshen\Desktop\git\光度\光度\Broadcaster-CH592\LIB\libCH59xBLE.a(l2cap.o)
                0x000000000000af36                l2capFreePendingPkt
 .text.l2capGetCoChannelInfo
                0x000000000000af8e       0x86 C:\Users\bitshen\Desktop\git\光度\光度\Broadcaster-CH592\LIB\libCH59xBLE.a(l2cap.o)
                0x000000000000af8e                l2capGetCoChannelInfo
 .text.l2capNumActiveChannnels
                0x000000000000b014       0x48 C:\Users\bitshen\Desktop\git\光度\光度\Broadcaster-CH592\LIB\libCH59xBLE.a(l2cap.o)
                0x000000000000b014                l2capNumActiveChannnels
 .text.l2capStartTimer
                0x000000000000b05c       0x1a C:\Users\bitshen\Desktop\git\光度\光度\Broadcaster-CH592\LIB\libCH59xBLE.a(l2cap.o)
                0x000000000000b05c                l2capStartTimer
 .text.l2capStopTimer
                0x000000000000b076       0x1e C:\Users\bitshen\Desktop\git\光度\光度\Broadcaster-CH592\LIB\libCH59xBLE.a(l2cap.o)
                0x000000000000b076                l2capStopTimer
 .text.l2capDisconnectAllChannels
                0x000000000000b094       0xdc C:\Users\bitshen\Desktop\git\光度\光度\Broadcaster-CH592\LIB\libCH59xBLE.a(l2cap.o)
                0x000000000000b094                l2capDisconnectAllChannels
 .text.l2capHandleConnStatusCB
                0x000000000000b170       0x3c C:\Users\bitshen\Desktop\git\光度\光度\Broadcaster-CH592\LIB\libCH59xBLE.a(l2cap.o)
                0x000000000000b170                l2capHandleConnStatusCB
 .text.l2capHandleRxError
                0x000000000000b1ac        0x6 C:\Users\bitshen\Desktop\git\光度\光度\Broadcaster-CH592\LIB\libCH59xBLE.a(l2cap.o)
                0x000000000000b1ac                l2capHandleRxError
 .text.L2CAP_GetMTU
                0x000000000000b1b2        0x6 C:\Users\bitshen\Desktop\git\光度\光度\Broadcaster-CH592\LIB\libCH59xBLE.a(l2cap.o)
                0x000000000000b1b2                L2CAP_GetMTU
 .text.L2CAP_HostNumCompletedPkts
                0x000000000000b1b8       0x28 C:\Users\bitshen\Desktop\git\光度\光度\Broadcaster-CH592\LIB\libCH59xBLE.a(l2cap.o)
                0x000000000000b1b8                L2CAP_HostNumCompletedPkts
 .text.L2CAP_ParseConnectReq
                0x000000000000b1e0       0x5e C:\Users\bitshen\Desktop\git\光度\光度\Broadcaster-CH592\LIB\libCH59xBLE.a(l2cap.o)
                0x000000000000b1e0                L2CAP_ParseConnectReq
 .text.L2CAP_ParseFlowCtrlCredit
                0x000000000000b23e       0x2e C:\Users\bitshen\Desktop\git\光度\光度\Broadcaster-CH592\LIB\libCH59xBLE.a(l2cap.o)
                0x000000000000b23e                L2CAP_ParseFlowCtrlCredit
 .text.L2CAP_RegisterApp
                0x000000000000b26c       0x30 C:\Users\bitshen\Desktop\git\光度\光度\Broadcaster-CH592\LIB\libCH59xBLE.a(l2cap.o)
                0x000000000000b26c                L2CAP_RegisterApp
 .text.L2CAP_SetBufSize
                0x000000000000b29c       0x1e C:\Users\bitshen\Desktop\git\光度\光度\Broadcaster-CH592\LIB\libCH59xBLE.a(l2cap.o)
                0x000000000000b29c                L2CAP_SetBufSize
 .text.L2CAP_bm_alloc
                0x000000000000b2ba       0x2a C:\Users\bitshen\Desktop\git\光度\光度\Broadcaster-CH592\LIB\libCH59xBLE.a(l2cap.o)
                0x000000000000b2ba                L2CAP_bm_alloc
 .text.L2CAP_Init
                0x000000000000b2e4      0x15e C:\Users\bitshen\Desktop\git\光度\光度\Broadcaster-CH592\LIB\libCH59xBLE.a(l2cap.o)
                0x000000000000b2e4                L2CAP_Init
 .text.L2CAP_ProcessEvent
                0x000000000000b442       0xd4 C:\Users\bitshen\Desktop\git\光度\光度\Broadcaster-CH592\LIB\libCH59xBLE.a(l2cap.o)
                0x000000000000b442                L2CAP_ProcessEvent
 .text.l2capParseCmdReject
                0x000000000000b516       0x5e C:\Users\bitshen\Desktop\git\光度\光度\Broadcaster-CH592\LIB\libCH59xBLE.a(l2cap_input.o)
                0x000000000000b516                l2capParseCmdReject
 .text.l2capParseDisconnectReq
                0x000000000000b574       0x2e C:\Users\bitshen\Desktop\git\光度\光度\Broadcaster-CH592\LIB\libCH59xBLE.a(l2cap_input.o)
                0x000000000000b574                l2capParseDisconnectReq
 .text.l2capParseDisconnectRsp
                0x000000000000b5a2       0x2e C:\Users\bitshen\Desktop\git\光度\光度\Broadcaster-CH592\LIB\libCH59xBLE.a(l2cap_input.o)
                0x000000000000b5a2                l2capParseDisconnectRsp
 .text.L2CAP_ParseParamUpdateReq
                0x000000000000b5d0       0x4e C:\Users\bitshen\Desktop\git\光度\光度\Broadcaster-CH592\LIB\libCH59xBLE.a(l2cap_input.o)
                0x000000000000b5d0                L2CAP_ParseParamUpdateReq
 .text.l2capParseParamUpdateRsp
                0x000000000000b61e       0x1e C:\Users\bitshen\Desktop\git\光度\光度\Broadcaster-CH592\LIB\libCH59xBLE.a(l2cap_input.o)
                0x000000000000b61e                l2capParseParamUpdateRsp
 .text.l2capProcessConnectReq
                0x000000000000b63c       0xfc C:\Users\bitshen\Desktop\git\光度\光度\Broadcaster-CH592\LIB\libCH59xBLE.a(l2cap_input.o)
                0x000000000000b63c                l2capProcessConnectReq
 .text.l2capParseConnectRsp
                0x000000000000b738       0x5e C:\Users\bitshen\Desktop\git\光度\光度\Broadcaster-CH592\LIB\libCH59xBLE.a(l2cap_input.o)
                0x000000000000b738                l2capParseConnectRsp
 .text.l2capParseSignalHdr
                0x000000000000b796       0x22 C:\Users\bitshen\Desktop\git\光度\光度\Broadcaster-CH592\LIB\libCH59xBLE.a(l2cap_input.o)
                0x000000000000b796                l2capParseSignalHdr
 .text.l2capParsePacket
                0x000000000000b7b8       0x8c C:\Users\bitshen\Desktop\git\光度\光度\Broadcaster-CH592\LIB\libCH59xBLE.a(l2cap_input.o)
                0x000000000000b7b8                l2capParsePacket
 .text.l2capProcessReq
                0x000000000000b844      0x15e C:\Users\bitshen\Desktop\git\光度\光度\Broadcaster-CH592\LIB\libCH59xBLE.a(l2cap_input.o)
                0x000000000000b844                l2capProcessReq
 .text.l2capProcessRsp
                0x000000000000b9a2      0x150 C:\Users\bitshen\Desktop\git\光度\光度\Broadcaster-CH592\LIB\libCH59xBLE.a(l2cap_input.o)
                0x000000000000b9a2                l2capProcessRsp
 .text.l2capProcessRxData
                0x000000000000baf2       0xf8 C:\Users\bitshen\Desktop\git\光度\光度\Broadcaster-CH592\LIB\libCH59xBLE.a(l2cap_input.o)
                0x000000000000baf2                l2capProcessRxData
 .text.l2capNotifyData
                0x000000000000bbea       0x5e C:\Users\bitshen\Desktop\git\光度\光度\Broadcaster-CH592\LIB\libCH59xBLE.a(l2cap_output.o)
                0x000000000000bbea                l2capNotifyData
 .text.l2capNotifySignal
                0x000000000000bc48       0x7a C:\Users\bitshen\Desktop\git\光度\光度\Broadcaster-CH592\LIB\libCH59xBLE.a(l2cap_output.o)
                0x000000000000bc48                l2capNotifySignal
 .text.l2capNotifyCreditEvt
                0x000000000000bcc2       0xa4 C:\Users\bitshen\Desktop\git\光度\光度\Broadcaster-CH592\LIB\libCH59xBLE.a(l2cap_output.o)
                0x000000000000bcc2                l2capNotifyCreditEvt
 .text.l2capNotifyChannelEstEvt
                0x000000000000bd66       0x5c C:\Users\bitshen\Desktop\git\光度\光度\Broadcaster-CH592\LIB\libCH59xBLE.a(l2cap_output.o)
                0x000000000000bd66                l2capNotifyChannelEstEvt
 .text.l2capNotifyChannelTermEvt
                0x000000000000bdc2       0x3e C:\Users\bitshen\Desktop\git\光度\光度\Broadcaster-CH592\LIB\libCH59xBLE.a(l2cap_output.o)
                0x000000000000bdc2                l2capNotifyChannelTermEvt
 .text.l2capNotifyEvent
                0x000000000000be00       0x66 C:\Users\bitshen\Desktop\git\光度\光度\Broadcaster-CH592\LIB\libCH59xBLE.a(l2cap_output.o)
                0x000000000000be00                l2capNotifyEvent
 .text.l2capStoreFCPkt
                0x000000000000be66       0x32 C:\Users\bitshen\Desktop\git\光度\光度\Broadcaster-CH592\LIB\libCH59xBLE.a(l2cap_output.o)
                0x000000000000be66                l2capStoreFCPkt
 .text.l2capFreeTxSDU
                0x000000000000be98       0x9e C:\Users\bitshen\Desktop\git\光度\光度\Broadcaster-CH592\LIB\libCH59xBLE.a(l2cap_output.o)
                0x000000000000be98                l2capFreeTxSDU
 .text.l2capReassembleSegment
                0x000000000000bf36      0x178 C:\Users\bitshen\Desktop\git\光度\光度\Broadcaster-CH592\LIB\libCH59xBLE.a(l2cap_output.o)
                0x000000000000bf36                l2capReassembleSegment
 .text.l2capEncapSendData
                0x000000000000c0ae       0xf0 C:\Users\bitshen\Desktop\git\光度\光度\Broadcaster-CH592\LIB\libCH59xBLE.a(l2cap_output.o)
                0x000000000000c0ae                l2capEncapSendData
 .text.l2capSendFCPkt.part.3
                0x000000000000c19e       0x70 C:\Users\bitshen\Desktop\git\光度\光度\Broadcaster-CH592\LIB\libCH59xBLE.a(l2cap_output.o)
 .text.l2capSendSegment
                0x000000000000c20e      0x108 C:\Users\bitshen\Desktop\git\光度\光度\Broadcaster-CH592\LIB\libCH59xBLE.a(l2cap_output.o)
                0x000000000000c20e                l2capSendSegment
 .text.l2capSendNextSegment
                0x000000000000c316       0xb4 C:\Users\bitshen\Desktop\git\光度\光度\Broadcaster-CH592\LIB\libCH59xBLE.a(l2cap_output.o)
                0x000000000000c316                l2capSendNextSegment
 .text.l2capSendPkt
                0x000000000000c3ca       0x3a C:\Users\bitshen\Desktop\git\光度\光度\Broadcaster-CH592\LIB\libCH59xBLE.a(l2cap_output.o)
                0x000000000000c3ca                l2capSendPkt
 .text.L2CAP_SendData
                0x000000000000c404       0x82 C:\Users\bitshen\Desktop\git\光度\光度\Broadcaster-CH592\LIB\libCH59xBLE.a(l2cap_output.o)
                0x000000000000c404                L2CAP_SendData
 .text.l2capSendCmd
                0x000000000000c486       0x8a C:\Users\bitshen\Desktop\git\光度\光度\Broadcaster-CH592\LIB\libCH59xBLE.a(l2cap_output.o)
                0x000000000000c486                l2capSendCmd
 .text.l2capSendReq
                0x000000000000c510       0xc8 C:\Users\bitshen\Desktop\git\光度\光度\Broadcaster-CH592\LIB\libCH59xBLE.a(l2cap_output.o)
                0x000000000000c510                l2capSendReq
 .text.l2capBuildDisconnectReq
                0x000000000000c5d8       0x28 C:\Users\bitshen\Desktop\git\光度\光度\Broadcaster-CH592\LIB\libCH59xBLE.a(l2cap_sdu.o)
 .text.l2capBuildParamUpdateReq
                0x000000000000c600       0x4c C:\Users\bitshen\Desktop\git\光度\光度\Broadcaster-CH592\LIB\libCH59xBLE.a(l2cap_sdu.o)
 .text.l2capBuildParamUpdateRsp
                0x000000000000c64c       0x16 C:\Users\bitshen\Desktop\git\光度\光度\Broadcaster-CH592\LIB\libCH59xBLE.a(l2cap_sdu.o)
 .text.l2capBuildConnectRsp
                0x000000000000c662       0x5e C:\Users\bitshen\Desktop\git\光度\光度\Broadcaster-CH592\LIB\libCH59xBLE.a(l2cap_sdu.o)
 .text.l2capBuildCmdReject
                0x000000000000c6c0       0x62 C:\Users\bitshen\Desktop\git\光度\光度\Broadcaster-CH592\LIB\libCH59xBLE.a(l2cap_sdu.o)
                0x000000000000c6c0                l2capBuildCmdReject
 .text.l2capBuildDisconnectRsp
                0x000000000000c722       0x28 C:\Users\bitshen\Desktop\git\光度\光度\Broadcaster-CH592\LIB\libCH59xBLE.a(l2cap_sdu.o)
                0x000000000000c722                l2capBuildDisconnectRsp
 .text.l2capSendConnectRsp
                0x000000000000c74a       0xaa C:\Users\bitshen\Desktop\git\光度\光度\Broadcaster-CH592\LIB\libCH59xBLE.a(l2cap_sdu.o)
                0x000000000000c74a                l2capSendConnectRsp
 .text.L2CAP_CmdReject
                0x000000000000c7f4       0x12 C:\Users\bitshen\Desktop\git\光度\光度\Broadcaster-CH592\LIB\libCH59xBLE.a(l2cap_sdu.o)
                0x000000000000c7f4                L2CAP_CmdReject
 .text.L2CAP_DisconnectReq
                0x000000000000c806       0x2a C:\Users\bitshen\Desktop\git\光度\光度\Broadcaster-CH592\LIB\libCH59xBLE.a(l2cap_sdu.o)
                0x000000000000c806                L2CAP_DisconnectReq
 .text.L2CAP_ConnParamUpdateReq
                0x000000000000c830       0x16 C:\Users\bitshen\Desktop\git\光度\光度\Broadcaster-CH592\LIB\libCH59xBLE.a(l2cap_sdu.o)
                0x000000000000c830                L2CAP_ConnParamUpdateReq
 .text.L2CAP_ConnParamUpdateRsp
                0x000000000000c846       0x12 C:\Users\bitshen\Desktop\git\光度\光度\Broadcaster-CH592\LIB\libCH59xBLE.a(l2cap_sdu.o)
                0x000000000000c846                L2CAP_ConnParamUpdateRsp
 .text.reportStatusChange
                0x000000000000c858       0x3e C:\Users\bitshen\Desktop\git\光度\光度\Broadcaster-CH592\LIB\libCH59xBLE.a(linkdb.o)
 .text.linkDB_Init
                0x000000000000c896       0xa8 C:\Users\bitshen\Desktop\git\光度\光度\Broadcaster-CH592\LIB\libCH59xBLE.a(linkdb.o)
                0x000000000000c896                linkDB_Init
 .text.linkDB_Find
                0x000000000000c93e       0x34 C:\Users\bitshen\Desktop\git\光度\光度\Broadcaster-CH592\LIB\libCH59xBLE.a(linkdb.o)
                0x000000000000c93e                linkDB_Find
 .text.linkDB_Authen
                0x000000000000c972       0x5c C:\Users\bitshen\Desktop\git\光度\光度\Broadcaster-CH592\LIB\libCH59xBLE.a(linkdb.o)
                0x000000000000c972                linkDB_Authen
 .text.linkDB_FindByAddr
                0x000000000000c9ce       0x82 C:\Users\bitshen\Desktop\git\光度\光度\Broadcaster-CH592\LIB\libCH59xBLE.a(linkdb.o)
                0x000000000000c9ce                linkDB_FindByAddr
 .text.linkDB_FindFirst
                0x000000000000ca50       0x40 C:\Users\bitshen\Desktop\git\光度\光度\Broadcaster-CH592\LIB\libCH59xBLE.a(linkdb.o)
                0x000000000000ca50                linkDB_FindFirst
 .text.linkDB_MTU
                0x000000000000ca90       0x18 C:\Users\bitshen\Desktop\git\光度\光度\Broadcaster-CH592\LIB\libCH59xBLE.a(linkdb.o)
                0x000000000000ca90                linkDB_MTU
 .text.linkDB_NumActive
                0x000000000000caa8       0x36 C:\Users\bitshen\Desktop\git\光度\光度\Broadcaster-CH592\LIB\libCH59xBLE.a(linkdb.o)
                0x000000000000caa8                linkDB_NumActive
 .text.linkDB_NumConns
                0x000000000000cade        0xa C:\Users\bitshen\Desktop\git\光度\光度\Broadcaster-CH592\LIB\libCH59xBLE.a(linkdb.o)
                0x000000000000cade                linkDB_NumConns
 .text.linkDB_Register
                0x000000000000cae8       0x28 C:\Users\bitshen\Desktop\git\光度\光度\Broadcaster-CH592\LIB\libCH59xBLE.a(linkdb.o)
                0x000000000000cae8                linkDB_Register
 .text.linkDB_Remove
                0x000000000000cb10       0x4c C:\Users\bitshen\Desktop\git\光度\光度\Broadcaster-CH592\LIB\libCH59xBLE.a(linkdb.o)
                0x000000000000cb10                linkDB_Remove
 .text.linkDB_Role
                0x000000000000cb5c       0x18 C:\Users\bitshen\Desktop\git\光度\光度\Broadcaster-CH592\LIB\libCH59xBLE.a(linkdb.o)
                0x000000000000cb5c                linkDB_Role
 .text.linkDB_State
                0x000000000000cb74       0x30 C:\Users\bitshen\Desktop\git\光度\光度\Broadcaster-CH592\LIB\libCH59xBLE.a(linkdb.o)
                0x000000000000cb74                linkDB_State
 .text.linkDB_UpdateMTU
                0x000000000000cba4       0x28 C:\Users\bitshen\Desktop\git\光度\光度\Broadcaster-CH592\LIB\libCH59xBLE.a(linkdb.o)
                0x000000000000cba4                linkDB_UpdateMTU
 .text.linkDB_PerformFunc
                0x000000000000cbcc       0x5a C:\Users\bitshen\Desktop\git\光度\光度\Broadcaster-CH592\LIB\libCH59xBLE.a(linkdb.o)
                0x000000000000cbcc                linkDB_PerformFunc
 .text.linkDB_GetSMEvtID
                0x000000000000cc26       0x60 C:\Users\bitshen\Desktop\git\光度\光度\Broadcaster-CH592\LIB\libCH59xBLE.a(linkdb.o)
                0x000000000000cc26                linkDB_GetSMEvtID
 .text.linkDB_Add
                0x000000000000cc86       0xb2 C:\Users\bitshen\Desktop\git\光度\光度\Broadcaster-CH592\LIB\libCH59xBLE.a(linkdb.o)
                0x000000000000cc86                linkDB_Add
 .text.linkDB_GetHandleFromSMEvtID
                0x000000000000cd38       0x3a C:\Users\bitshen\Desktop\git\光度\光度\Broadcaster-CH592\LIB\libCH59xBLE.a(linkdb.o)
                0x000000000000cd38                linkDB_GetHandleFromSMEvtID
 .text.linkDB_GetPairingParam
                0x000000000000cd72       0x76 C:\Users\bitshen\Desktop\git\光度\光度\Broadcaster-CH592\LIB\libCH59xBLE.a(linkdb.o)
                0x000000000000cd72                linkDB_GetPairingParam
 .text.linkDB_NeedSendKey
                0x000000000000cde8       0x4c C:\Users\bitshen\Desktop\git\光度\光度\Broadcaster-CH592\LIB\libCH59xBLE.a(linkdb.o)
                0x000000000000cde8                linkDB_NeedSendKey
 .text.smStartRspTimer
                0x000000000000ce34       0x3a C:\Users\bitshen\Desktop\git\光度\光度\Broadcaster-CH592\LIB\libCH59xBLE.a(sm.o)
 .text.smStartEncryption
                0x000000000000ce6e       0xa0 C:\Users\bitshen\Desktop\git\光度\光度\Broadcaster-CH592\LIB\libCH59xBLE.a(sm.o)
 .text.smFreePairingParams
                0x000000000000cf0e       0x7e C:\Users\bitshen\Desktop\git\光度\光度\Broadcaster-CH592\LIB\libCH59xBLE.a(sm.o)
                0x000000000000cf0e                smFreePairingParams
 .text.smEndPairing
                0x000000000000cf8c       0x60 C:\Users\bitshen\Desktop\git\光度\光度\Broadcaster-CH592\LIB\libCH59xBLE.a(sm.o)
                0x000000000000cf8c                smEndPairing
 .text.smLinkCheck
                0x000000000000cfec       0x34 C:\Users\bitshen\Desktop\git\光度\光度\Broadcaster-CH592\LIB\libCH59xBLE.a(sm.o)
                0x000000000000cfec                smLinkCheck
 .text.smNextPairingState
                0x000000000000d020       0x60 C:\Users\bitshen\Desktop\git\光度\光度\Broadcaster-CH592\LIB\libCH59xBLE.a(sm.o)
                0x000000000000d020                smNextPairingState
 .text.smProcessEncryptChange
                0x000000000000d080       0xf8 C:\Users\bitshen\Desktop\git\光度\光度\Broadcaster-CH592\LIB\libCH59xBLE.a(sm.o)
                0x000000000000d080                smProcessEncryptChange
 .text.smSendSMMsg
                0x000000000000d178       0x5c C:\Users\bitshen\Desktop\git\光度\光度\Broadcaster-CH592\LIB\libCH59xBLE.a(sm.o)
                0x000000000000d178                smSendSMMsg
 .text.smSendFailAndEnd
                0x000000000000d1d4       0x38 C:\Users\bitshen\Desktop\git\光度\光度\Broadcaster-CH592\LIB\libCH59xBLE.a(sm.o)
                0x000000000000d1d4                smSendFailAndEnd
 .text.smProcessPairingReq
                0x000000000000d20c       0x40 C:\Users\bitshen\Desktop\git\光度\光度\Broadcaster-CH592\LIB\libCH59xBLE.a(sm.o)
                0x000000000000d20c                smProcessPairingReq
 .text.smSetPairingReqRsp
                0x000000000000d24c       0x3c C:\Users\bitshen\Desktop\git\光度\光度\Broadcaster-CH592\LIB\libCH59xBLE.a(sm.o)
                0x000000000000d24c                smSetPairingReqRsp
 .text.SM_StartEncryption
                0x000000000000d288       0x1a C:\Users\bitshen\Desktop\git\光度\光度\Broadcaster-CH592\LIB\libCH59xBLE.a(sm.o)
                0x000000000000d288                SM_StartEncryption
 .text.sm_dhkey
                0x000000000000d2a2       0x3e C:\Users\bitshen\Desktop\git\光度\光度\Broadcaster-CH592\LIB\libCH59xBLE.a(sm.o)
                0x000000000000d2a2                sm_dhkey
 .text.sm_c1    0x000000000000d2e0       0xb4 C:\Users\bitshen\Desktop\git\光度\光度\Broadcaster-CH592\LIB\libCH59xBLE.a(sm.o)
                0x000000000000d2e0                sm_c1
 .text.smDetermineKeySize
                0x000000000000d394       0x20 C:\Users\bitshen\Desktop\git\光度\光度\Broadcaster-CH592\LIB\libCH59xBLE.a(sm.o)
                0x000000000000d394                smDetermineKeySize
 .text.smpParsePairingReq
                0x000000000000d3b4      0x118 C:\Users\bitshen\Desktop\git\光度\光度\Broadcaster-CH592\LIB\libCH59xBLE.a(sm.o)
                0x000000000000d3b4                smpParsePairingReq
 .text.smpParseEncInfo
                0x000000000000d4cc       0x2a C:\Users\bitshen\Desktop\git\光度\光度\Broadcaster-CH592\LIB\libCH59xBLE.a(sm.o)
                0x000000000000d4cc                smpParseEncInfo
 .text.smpParseIdentityAddrInfo
                0x000000000000d4f6       0x34 C:\Users\bitshen\Desktop\git\光度\光度\Broadcaster-CH592\LIB\libCH59xBLE.a(sm.o)
                0x000000000000d4f6                smpParseIdentityAddrInfo
 .text.smpParseIdentityInfo
                0x000000000000d52a       0x2a C:\Users\bitshen\Desktop\git\光度\光度\Broadcaster-CH592\LIB\libCH59xBLE.a(sm.o)
                0x000000000000d52a                smpParseIdentityInfo
 .text.smpParseMasterID
                0x000000000000d554       0x3c C:\Users\bitshen\Desktop\git\光度\光度\Broadcaster-CH592\LIB\libCH59xBLE.a(sm.o)
                0x000000000000d554                smpParseMasterID
 .text.smpParsePairingConfirm
                0x000000000000d590       0x2a C:\Users\bitshen\Desktop\git\光度\光度\Broadcaster-CH592\LIB\libCH59xBLE.a(sm.o)
                0x000000000000d590                smpParsePairingConfirm
 .text.smpParsePairingFailed
                0x000000000000d5ba       0x1c C:\Users\bitshen\Desktop\git\光度\光度\Broadcaster-CH592\LIB\libCH59xBLE.a(sm.o)
                0x000000000000d5ba                smpParsePairingFailed
 .text.smpParsePairingRandom
                0x000000000000d5d6       0x2a C:\Users\bitshen\Desktop\git\光度\光度\Broadcaster-CH592\LIB\libCH59xBLE.a(sm.o)
                0x000000000000d5d6                smpParsePairingRandom
 .text.smpParseSigningInfo
                0x000000000000d600       0x2a C:\Users\bitshen\Desktop\git\光度\光度\Broadcaster-CH592\LIB\libCH59xBLE.a(sm.o)
                0x000000000000d600                smpParseSigningInfo
 .text.smpParsePairingPublicKey
                0x000000000000d62a       0x2c C:\Users\bitshen\Desktop\git\光度\光度\Broadcaster-CH592\LIB\libCH59xBLE.a(sm.o)
                0x000000000000d62a                smpParsePairingPublicKey
 .text.smpParsePairingDHKeyCheck
                0x000000000000d656       0x2a C:\Users\bitshen\Desktop\git\光度\光度\Broadcaster-CH592\LIB\libCH59xBLE.a(sm.o)
                0x000000000000d656                smpParsePairingDHKeyCheck
 .text.smProcessDataMsg
                0x000000000000d680      0x104 C:\Users\bitshen\Desktop\git\光度\光度\Broadcaster-CH592\LIB\libCH59xBLE.a(sm.o)
                0x000000000000d680                smProcessDataMsg
 .text.smProcessTMOSMsg
                0x000000000000d784      0x170 C:\Users\bitshen\Desktop\git\光度\光度\Broadcaster-CH592\LIB\libCH59xBLE.a(sm.o)
                0x000000000000d784                smProcessTMOSMsg
 .text.SM_CalcRandomAddr
                0x000000000000d8f4       0x54 C:\Users\bitshen\Desktop\git\光度\光度\Broadcaster-CH592\LIB\libCH59xBLE.a(sm.o)
                0x000000000000d8f4                SM_CalcRandomAddr
 .text.SM_GenerateAuthenSig
                0x000000000000d948       0xe6 C:\Users\bitshen\Desktop\git\光度\光度\Broadcaster-CH592\LIB\libCH59xBLE.a(sm.o)
                0x000000000000d948                SM_GenerateAuthenSig
 .text.SM_PasskeyUpdate
                0x000000000000da2e       0xe6 C:\Users\bitshen\Desktop\git\光度\光度\Broadcaster-CH592\LIB\libCH59xBLE.a(sm.o)
                0x000000000000da2e                SM_PasskeyUpdate
 .text.SM_ResolveRandomAddrs
                0x000000000000db14       0x5e C:\Users\bitshen\Desktop\git\光度\光度\Broadcaster-CH592\LIB\libCH59xBLE.a(sm.o)
                0x000000000000db14                SM_ResolveRandomAddrs
 .text.SM_StartPairing
                0x000000000000db72       0xc2 C:\Users\bitshen\Desktop\git\光度\光度\Broadcaster-CH592\LIB\libCH59xBLE.a(sm.o)
                0x000000000000db72                SM_StartPairing
 .text.SM_VerifyAuthenSig
                0x000000000000dc34      0x150 C:\Users\bitshen\Desktop\git\光度\光度\Broadcaster-CH592\LIB\libCH59xBLE.a(sm.o)
                0x000000000000dc34                SM_VerifyAuthenSig
 .text.SM_ProcessEvent
                0x000000000000dd84       0xb4 C:\Users\bitshen\Desktop\git\光度\光度\Broadcaster-CH592\LIB\libCH59xBLE.a(sm.o)
                0x000000000000dd84                SM_ProcessEvent
 .text.SM_ParamInit
                0x000000000000de38       0x66 C:\Users\bitshen\Desktop\git\光度\光度\Broadcaster-CH592\LIB\libCH59xBLE.a(sm.o)
                0x000000000000de38                SM_ParamInit
 .text.SM_InitiatorInit
                0x000000000000de9e       0x22 C:\Users\bitshen\Desktop\git\光度\光度\Broadcaster-CH592\LIB\libCH59xBLE.a(sm.o)
                0x000000000000de9e                SM_InitiatorInit
 .text.SM_ResponderInit
                0x000000000000dec0       0x22 C:\Users\bitshen\Desktop\git\光度\光度\Broadcaster-CH592\LIB\libCH59xBLE.a(sm.o)
                0x000000000000dec0                SM_ResponderInit
 .text.SM_Init  0x000000000000dee2       0x2a C:\Users\bitshen\Desktop\git\光度\光度\Broadcaster-CH592\LIB\libCH59xBLE.a(sm.o)
                0x000000000000dee2                SM_Init
 .text.smpInitiatorProcessPairingRsp
                0x000000000000df0c      0x26e C:\Users\bitshen\Desktop\git\光度\光度\Broadcaster-CH592\LIB\libCH59xBLE.a(sm_initiator.o)
                0x000000000000df0c                smpInitiatorProcessPairingRsp
 .text.smInitiatorSendNextKeyInfo
                0x000000000000e17a      0x26e C:\Users\bitshen\Desktop\git\光度\光度\Broadcaster-CH592\LIB\libCH59xBLE.a(sm_initiator.o)
                0x000000000000e17a                smInitiatorSendNextKeyInfo
 .text.setupInitiatorKeys
                0x000000000000e3e8       0x88 C:\Users\bitshen\Desktop\git\光度\光度\Broadcaster-CH592\LIB\libCH59xBLE.a(sm_initiator.o)
 .text.smpInitiatorProcessIncoming
                0x000000000000e470      0x418 C:\Users\bitshen\Desktop\git\光度\光度\Broadcaster-CH592\LIB\libCH59xBLE.a(sm_initiator.o)
                0x000000000000e470                smpInitiatorProcessIncoming
 .text.smpBuildPairingReqRsp
                0x000000000000e888       0xc6 C:\Users\bitshen\Desktop\git\光度\光度\Broadcaster-CH592\LIB\libCH59xBLE.a(sm_pdu.o)
 .text.smpBuildPairingReq
                0x000000000000e94e        0xa C:\Users\bitshen\Desktop\git\光度\光度\Broadcaster-CH592\LIB\libCH59xBLE.a(sm_pdu.o)
                0x000000000000e94e                smpBuildPairingReq
 .text.smpBuildPairingRsp
                0x000000000000e958        0xa C:\Users\bitshen\Desktop\git\光度\光度\Broadcaster-CH592\LIB\libCH59xBLE.a(sm_pdu.o)
                0x000000000000e958                smpBuildPairingRsp
 .text.smpBuildPairingConfirm
                0x000000000000e962       0x30 C:\Users\bitshen\Desktop\git\光度\光度\Broadcaster-CH592\LIB\libCH59xBLE.a(sm_pdu.o)
                0x000000000000e962                smpBuildPairingConfirm
 .text.smpBuildPairingRandom
                0x000000000000e992       0x30 C:\Users\bitshen\Desktop\git\光度\光度\Broadcaster-CH592\LIB\libCH59xBLE.a(sm_pdu.o)
                0x000000000000e992                smpBuildPairingRandom
 .text.smpBuildEncInfo
                0x000000000000e9c2       0x30 C:\Users\bitshen\Desktop\git\光度\光度\Broadcaster-CH592\LIB\libCH59xBLE.a(sm_pdu.o)
                0x000000000000e9c2                smpBuildEncInfo
 .text.smpBuildMasterID
                0x000000000000e9f2       0x44 C:\Users\bitshen\Desktop\git\光度\光度\Broadcaster-CH592\LIB\libCH59xBLE.a(sm_pdu.o)
                0x000000000000e9f2                smpBuildMasterID
 .text.smpBuildIdentityInfo
                0x000000000000ea36       0x30 C:\Users\bitshen\Desktop\git\光度\光度\Broadcaster-CH592\LIB\libCH59xBLE.a(sm_pdu.o)
                0x000000000000ea36                smpBuildIdentityInfo
 .text.smpBuildIdentityAddrInfo
                0x000000000000ea66       0x3a C:\Users\bitshen\Desktop\git\光度\光度\Broadcaster-CH592\LIB\libCH59xBLE.a(sm_pdu.o)
                0x000000000000ea66                smpBuildIdentityAddrInfo
 .text.smpBuildSigningInfo
                0x000000000000eaa0       0x30 C:\Users\bitshen\Desktop\git\光度\光度\Broadcaster-CH592\LIB\libCH59xBLE.a(sm_pdu.o)
                0x000000000000eaa0                smpBuildSigningInfo
 .text.smpBuildPublicKey
                0x000000000000ead0       0x32 C:\Users\bitshen\Desktop\git\光度\光度\Broadcaster-CH592\LIB\libCH59xBLE.a(sm_pdu.o)
                0x000000000000ead0                smpBuildPublicKey
 .text.smpBuildDHKey
                0x000000000000eb02       0x30 C:\Users\bitshen\Desktop\git\光度\光度\Broadcaster-CH592\LIB\libCH59xBLE.a(sm_pdu.o)
                0x000000000000eb02                smpBuildDHKey
 .text.smpBuildPairingFailed
                0x000000000000eb32       0x1a C:\Users\bitshen\Desktop\git\光度\光度\Broadcaster-CH592\LIB\libCH59xBLE.a(sm_pdu.o)
                0x000000000000eb32                smpBuildPairingFailed
 .text.smGeneratePairingReq
                0x000000000000eb4c       0x30 C:\Users\bitshen\Desktop\git\光度\光度\Broadcaster-CH592\LIB\libCH59xBLE.a(sm_pdu.o)
                0x000000000000eb4c                smGeneratePairingReq
 .text.smGeneratePairingRsp
                0x000000000000eb7c       0x30 C:\Users\bitshen\Desktop\git\光度\光度\Broadcaster-CH592\LIB\libCH59xBLE.a(sm_pdu.o)
                0x000000000000eb7c                smGeneratePairingRsp
 .text.smGenerateConfirm
                0x000000000000ebac       0x34 C:\Users\bitshen\Desktop\git\光度\光度\Broadcaster-CH592\LIB\libCH59xBLE.a(sm_pdu.o)
                0x000000000000ebac                smGenerateConfirm
 .text.smGenerateRandMsg
                0x000000000000ebe0       0x34 C:\Users\bitshen\Desktop\git\光度\光度\Broadcaster-CH592\LIB\libCH59xBLE.a(sm_pdu.o)
                0x000000000000ebe0                smGenerateRandMsg
 .text.smGeneratePairingPublicKey
                0x000000000000ec14       0x64 C:\Users\bitshen\Desktop\git\光度\光度\Broadcaster-CH592\LIB\libCH59xBLE.a(sm_pdu.o)
                0x000000000000ec14                smGeneratePairingPublicKey
 .text.smGeneratePairingDHKeyCheck
                0x000000000000ec78      0x250 C:\Users\bitshen\Desktop\git\光度\光度\Broadcaster-CH592\LIB\libCH59xBLE.a(sm_pdu.o)
                0x000000000000ec78                smGeneratePairingDHKeyCheck
 .text.smPairingSendEncInfo
                0x000000000000eec8       0x10 C:\Users\bitshen\Desktop\git\光度\光度\Broadcaster-CH592\LIB\libCH59xBLE.a(sm_pdu.o)
                0x000000000000eec8                smPairingSendEncInfo
 .text.smPairingSendIdentityAddrInfo
                0x000000000000eed8       0x38 C:\Users\bitshen\Desktop\git\光度\光度\Broadcaster-CH592\LIB\libCH59xBLE.a(sm_pdu.o)
                0x000000000000eed8                smPairingSendIdentityAddrInfo
 .text.smPairingSendIdentityInfo
                0x000000000000ef10       0x10 C:\Users\bitshen\Desktop\git\光度\光度\Broadcaster-CH592\LIB\libCH59xBLE.a(sm_pdu.o)
                0x000000000000ef10                smPairingSendIdentityInfo
 .text.smPairingSendMasterID
                0x000000000000ef20       0x38 C:\Users\bitshen\Desktop\git\光度\光度\Broadcaster-CH592\LIB\libCH59xBLE.a(sm_pdu.o)
                0x000000000000ef20                smPairingSendMasterID
 .text.smPairingSendSingingInfo
                0x000000000000ef58       0x10 C:\Users\bitshen\Desktop\git\光度\光度\Broadcaster-CH592\LIB\libCH59xBLE.a(sm_pdu.o)
                0x000000000000ef58                smPairingSendSingingInfo
 .text.smResponderSendNextKeyInfo
                0x000000000000ef68      0x2e6 C:\Users\bitshen\Desktop\git\光度\光度\Broadcaster-CH592\LIB\libCH59xBLE.a(sm_responding.o)
                0x000000000000ef68                smResponderSendNextKeyInfo
 .text.smResponderProcessLTKReq
                0x000000000000f24e      0x1b6 C:\Users\bitshen\Desktop\git\光度\光度\Broadcaster-CH592\LIB\libCH59xBLE.a(sm_responding.o)
                0x000000000000f24e                smResponderProcessLTKReq
 .text.smpResponderProcessIncoming
                0x000000000000f404      0x6f2 C:\Users\bitshen\Desktop\git\光度\光度\Broadcaster-CH592\LIB\libCH59xBLE.a(sm_responding.o)
                0x000000000000f404                smpResponderProcessIncoming
 .text.xor_128  0x000000000000faf6       0x28 C:\Users\bitshen\Desktop\git\光度\光度\Broadcaster-CH592\LIB\libCH59xBLE.a(sm_toolbox.o)
                0x000000000000faf6                xor_128
 .text.leftshift_onebit
                0x000000000000fb1e       0x2e C:\Users\bitshen\Desktop\git\光度\光度\Broadcaster-CH592\LIB\libCH59xBLE.a(sm_toolbox.o)
                0x000000000000fb1e                leftshift_onebit